188.143.232.21 - - [29/Aug/2016:23:36:38 -0500] "GET /~jemoseman/project/index.html HTTP/1.1" 200 1657 "-" "Mozilla/4.0 (compatible; MSIE 6.0; Windows NT 5.1; SV1)"
188.143.232.13 - - [29/Aug/2016:23:43:33 -0500] "GET /~jemoseman/project/cgi-bin/thread.cgi?thread_name=Theory%20of%20computation%20homework%20fun%20time HTTP/1.1" 200 1042702 "-" "Mozilla/4.0 (compatible; MSIE 6.0; Windows NT 5.1; SV1)"
188.143.232.15 - - [29/Aug/2016:23:55:08 -0500] "GET /~jemoseman/project/index.html HTTP/1.1" 200 1657 "-" "Mozilla/4.0 (compatible; MSIE 6.0; Windows NT 5.1; SV1)"
116.68.121.79 - - [30/Aug/2016:00:02:47 -0500] "GET /favicon.ico HTTP/1.1" 200 1266 "-" "Mozilla/5.0 (Windows NT 6.1; WOW64) AppleWebKit/537.36 (KHTML, like Gecko) Chrome/33.0.1750.3 Safari/537.36"
188.143.232.37 - - [30/Aug/2016:00:08:48 -0500] "GET /~jemoseman/project/FAQ.html HTTP/1.1" 200 1863 "-" "Mozilla/4.0 (compatible; MSIE 6.0; Windows NT 5.1; SV1)"
188.143.232.40 - - [30/Aug/2016:00:16:57 -0500] "GET /~jemoseman/project/cgi-bin/forum.cgi HTTP/1.1" 200 2844 "-" "Mozilla/4.0 (compatible; MSIE 6.0; Windows NT 5.1; SV1)"
188.143.232.62 - - [30/Aug/2016:00:29:38 -0500] "GET /~jemoseman/project/cgi-bin/forum.cgi HTTP/1.1" 200 2844 "-" "Mozilla/4.0 (compatible; MSIE 6.0; Windows NT 5.1; SV1)"
188.143.232.24 - - [30/Aug/2016:00:33:13 -0500] "GET /~jemoseman/project/cgi-bin/forum.cgi HTTP/1.1" 200 2844 "-" "Mozilla/4.0 (compatible; MSIE 6.0; Windows NT 5.1; SV1)"
188.143.232.41 - - [30/Aug/2016:00:47:44 -0500] "GET /~jemoseman/project/contact_info.html HTTP/1.1" 200 1740 "-" "Mozilla/4.0 (compatible; MSIE 6.0; Windows NT 5.1; SV1)"
188.143.232.10 - - [30/Aug/2016:00:53:48 -0500] "GET /~jemoseman/project/contact_info.html HTTP/1.1" 200 1740 "-" "Mozilla/4.0 (compatible; MSIE 6.0; Windows NT 5.1; SV1)"
108.0.93.49 - - [30/Aug/2016:01:01:55 -0500] "GET /apple-touch-icon-120x120-precomposed.png HTTP/1.1" 404 1865 "-" "Mozilla/5.0 (iPhone; CPU iPhone OS 9_3_4 like Mac OS X) AppleWebKit/601.1.46 (KHTML, like Gecko) Version/9.0 Mobile/13G35 Safari/601.1"
107.167.113.75 - - [30/Aug/2016:01:14:36 -0500] "GET /~jtrimm/project/4x4.html HTTP/1.1" 200 4559 "http://www.google.co.id/search?q=rubik+4&client=ms-opera-mini&channel=new&gws_rd=cr&ei=JiTFV6SeL4ysjwOP9aTACQ" "Opera/9.80 (Series 60; Opera Mini/7.1.32444/37.8841; U; en) Presto/2.12.423 Version/12.16"
188.143.232.24 - - [30/Aug/2016:01:19:41 -0500] "GET /~jemoseman/project/cgi-bin/thread.cgi?thread_name=Theory%20of%20computation%20homework%20fun%20time HTTP/1.1" 200 1087118 "-" "Mozilla/4.0 (compatible; MSIE 6.0; Windows NT 5.1; SV1)"
188.143.232.16 - - [30/Aug/2016:01:33:37 -0500] "GET /~jemoseman/project/index.html HTTP/1.1" 200 1657 "-" "Mozilla/4.0 (compatible; MSIE 6.0; Windows NT 5.1; SV1)"
188.143.232.19 - - [30/Aug/2016:01:40:47 -0500] "GET /~jemoseman/project/cgi-bin/forum.cgi HTTP/1.1" 200 2844 "-" "Mozilla/4.0 (compatible; MSIE 6.0; Windows NT 5.1; SV1)"
188.143.232.14 - - [30/Aug/2016:01:52:04 -0500] "GET /~jemoseman/project/cgi-bin/thread.cgi?thread_name=Theory%20of%20computation%20homework%20fun%20time HTTP/1.1" 200 1114630 "-" "Mozilla/4.0 (compatible; MSIE 6.0; Windows NT 5.1; SV1)"
188.143.232.35 - - [30/Aug/2016:02:03:00 -0500] "GET /~jemoseman/project/index.html HTTP/1.1" 200 1657 "-" "Mozilla/4.0 (compatible; MSIE 6.0; Windows NT 5.1; SV1)"
188.143.232.24 - - [30/Aug/2016:02:06:46 -0500] "GET /~jemoseman/project/index.html HTTP/1.1" 200 1657 "-" "Mozilla/4.0 (compatible; MSIE 6.0; Windows NT 5.1; SV1)"
188.143.232.41 - - [30/Aug/2016:02:22:10 -0500] "GET /~jemoseman/project/cgi-bin/forum.cgi HTTP/1.1" 200 2844 "-" "Mozilla/4.0 (compatible; MSIE 6.0; Windows NT 5.1; SV1)"
188.143.232.19 - - [30/Aug/2016:02:28:14 -0500] "GET /~jemoseman/project/info.html HTTP/1.1" 200 1908 "-" "Mozilla/4.0 (compatible; MSIE 6.0; Windows NT 5.1; SV1)"
188.143.232.21 - - [30/Aug/2016:02:43:16 -0500] "GET /~jemoseman/project/contact_info.html HTTP/1.1" 200 1740 "-" "Mozilla/4.0 (compatible; MSIE 6.0; Windows NT 5.1; SV1)"
188.143.232.70 - - [30/Aug/2016:02:50:49 -0500] "GET /~jemoseman/project/contact_info.html HTTP/1.1" 200 1740 "-" "Mozilla/4.0 (compatible; MSIE 6.0; Windows NT 5.1; SV1)"
188.143.232.26 - - [30/Aug/2016:02:58:51 -0500] "GET /~jemoseman/project/FAQ.html HTTP/1.1" 200 1863 "-" "Mozilla/4.0 (compatible; MSIE 6.0; Windows NT 5.1; SV1)"
188.143.232.43 - - [30/Aug/2016:03:12:58 -0500] "GET /~jemoseman/project/FAQ.html HTTP/1.1" 200 1863 "-" "Mozilla/4.0 (compatible; MSIE 6.0; Windows NT 5.1; SV1)"
188.143.232.62 - - [30/Aug/2016:03:18:08 -0500] "GET /~jemoseman/project/FAQ.html HTTP/1.1" 200 1863 "-" "Mozilla/4.0 (compatible; MSIE 6.0; Windows NT 5.1; SV1)"
137.48.0.100 - - [30/Aug/2016:03:21:30 -0500] "GET / HTTP/1.0" 200 2566 "-" "-"
137.48.0.100 - - [30/Aug/2016:03:22:08 -0500] "GET / HTTP/1.0" 200 2566 "-" "-"
188.143.232.15 - - [30/Aug/2016:03:22:34 -0500] "GET /~jemoseman/project/FAQ.html HTTP/1.1" 200 1863 "-" "Mozilla/4.0 (compatible; MSIE 6.0; Windows NT 5.1; SV1)"
137.48.0.100 - - [30/Aug/2016:03:23:42 -0500] "GET / HTTP/1.1" 200 7056 "-" "-"
137.48.0.100 - - [30/Aug/2016:03:23:56 -0500] "GET /darkportal/APIBase.php HTTP/1.0" 404 4836 "-" "-"
137.48.0.100 - - [30/Aug/2016:03:24:05 -0500] "GET / HTTP/1.0" 200 6978 "-" "-"
137.48.0.100 - - [30/Aug/2016:03:24:16 -0500] "GET /mall_log_files/ HTTP/1.1" 500 180 "-" "-"
137.48.0.100 - - [30/Aug/2016:03:24:24 -0500] "GET /SHADOW/ HTTP/1.1" 500 180 "-" "-"
137.48.0.100 - - [30/Aug/2016:03:24:30 -0500] "GET /geeklog/public_html/ HTTP/1.1" 500 180 "-" "-"
137.48.0.100 - - [30/Aug/2016:03:24:37 -0500] "GET /blackcatcms/ HTTP/1.1" 500 180 "-" "-"
137.48.0.100 - - [30/Aug/2016:03:24:43 -0500] "GET /bb2/ HTTP/1.1" 500 180 "-" "-"
137.48.0.100 - - [30/Aug/2016:03:24:49 -0500] "GET /pb22b/ HTTP/1.1" 500 180 "-" "-"
137.48.0.100 - - [30/Aug/2016:03:24:54 -0500] "GET /phorum/plugin/replace/ HTTP/1.1" 500 180 "-" "-"
137.48.0.100 - - [30/Aug/2016:03:24:59 -0500] "GET /whois/ HTTP/1.1" 500 180 "-" "-"
137.48.0.100 - - [30/Aug/2016:03:25:05 -0500] "GET /ezcontents1x/ HTTP/1.1" 500 180 "-" "-"
137.48.0.100 - - [30/Aug/2016:03:25:10 -0500] "GET /b2/ HTTP/1.1" 500 180 "-" "-"
137.48.0.100 - - [30/Aug/2016:03:25:17 -0500] "GET /tavi-0.10/action/ HTTP/1.1" 500 180 "-" "-"
137.48.0.100 - - [30/Aug/2016:03:25:22 -0500] "GET /b2/bad397/ HTTP/1.1" 500 180 "-" "-"
137.48.0.100 - - [30/Aug/2016:03:25:30 -0500] "GET /phpwebsite-0.8.3/ HTTP/1.1" 500 180 "-" "-"
137.48.0.100 - - [30/Aug/2016:03:25:37 -0500] "GET /nuke/bad397/ HTTP/1.1" 500 180 "-" "-"
137.48.0.100 - - [30/Aug/2016:03:25:45 -0500] "GET /newsletter/include/ HTTP/1.1" 500 180 "-" "-"
137.48.0.100 - - [30/Aug/2016:03:25:49 -0500] "GET /basit/modules/Submit/ HTTP/1.1" 500 180 "-" "-"
137.48.0.100 - - [30/Aug/2016:03:25:53 -0500] "GET /Citrix/NFuse151/ HTTP/1.1" 500 180 "-" "-"
137.48.0.100 - - [30/Aug/2016:03:25:59 -0500] "GET /textfile/ HTTP/1.1" 500 180 "-" "-"
137.48.0.100 - - [30/Aug/2016:03:26:02 -0500] "GET /Citrix/NFuse/Token/ HTTP/1.1" 500 180 "-" "-"
137.48.0.100 - - [30/Aug/2016:03:26:06 -0500] "GET /pdb/ HTTP/1.1" 500 180 "-" "-"
137.48.0.100 - - [30/Aug/2016:03:26:07 -0500] "GET /ldap/cgi-bin/ HTTP/1.1" 500 180 "-" "-"
137.48.0.100 - - [30/Aug/2016:03:26:10 -0500] "GET /editor/ HTTP/1.1" 500 180 "-" "-"
137.48.0.100 - - [30/Aug/2016:03:26:13 -0500] "GET /simplebbs/ HTTP/1.1" 500 180 "-" "-"
137.48.0.100 - - [30/Aug/2016:03:26:17 -0500] "GET /xampp/taskfreak/ HTTP/1.1" 500 180 "-" "-"
137.48.0.100 - - [30/Aug/2016:03:26:19 -0500] "GET /DUgallery/ HTTP/1.1" 500 180 "-" "-"
137.48.0.100 - - [30/Aug/2016:03:26:21 -0500] "GET /Zpanel/ HTTP/1.1" 500 180 "-" "-"
137.48.0.100 - - [30/Aug/2016:03:26:20 -0500] "GET /q79w_38jg__.shtml HTTP/1.0" 404 3649 "-" "-"
137.48.0.100 - - [30/Aug/2016:03:26:26 -0500] "GET /phpcms/ HTTP/1.1" 500 180 "-" "-"
137.48.0.100 - - [30/Aug/2016:03:26:28 -0500] "GET /HybridAuth/HybridAuth/ HTTP/1.1" 500 180 "-" "-"
137.48.0.100 - - [30/Aug/2016:03:26:30 -0500] "GET /phpWebFileManager/ HTTP/1.1" 500 180 "-" "-"
137.48.0.100 - - [30/Aug/2016:03:26:32 -0500] "GET /modx-2.2.9-pl/ HTTP/1.1" 500 180 "-" "-"
137.48.0.100 - - [30/Aug/2016:03:26:35 -0500] "GET /phpdoc/ HTTP/1.1" 500 180 "-" "-"
137.48.0.100 - - [30/Aug/2016:03:26:36 -0500] "GET /Plone/ HTTP/1.1" 500 180 "-" "-"
137.48.0.100 - - [30/Aug/2016:03:26:38 -0500] "GET /tikiwiki-2.2/ HTTP/1.1" 500 180 "-" "-"
137.48.0.100 - - [30/Aug/2016:03:26:41 -0500] "GET /.htaccess HTTP/1.1" 404 3661 "-" "-"
137.48.0.100 - - [30/Aug/2016:03:26:50 -0500] "GET /mrtg/stats/ HTTP/1.1" 500 180 "-" "-"
137.48.0.100 - - [30/Aug/2016:03:26:53 -0500] "GET /vtigercrm-5.1.0/ HTTP/1.1" 500 180 "-" "-"
137.48.0.100 - - [30/Aug/2016:03:26:59 -0500] "GET /Blog/ HTTP/1.1" 500 180 "-" "-"
137.48.0.100 - - [30/Aug/2016:03:27:14 -0500] "GET /team/bad397/ HTTP/1.1" 500 180 "-" "-"
137.48.0.100 - - [30/Aug/2016:03:27:37 -0500] "GET /blog/guestbook_entries/ HTTP/1.1" 500 180 "-" "-"
137.48.0.100 - - [30/Aug/2016:03:28:14 -0500] "GET /Drupal/modules/ HTTP/1.1" 500 180 "-" "-"
137.48.0.100 - - [30/Aug/2016:03:29:17 -0500] "GET /FormMail.pl?recipient=blackhole%40qualys.com HTTP/1.1" 404 3677 "-" "-"
137.48.0.100 - - [30/Aug/2016:03:30:21 -0500] "GET /tcsh HTTP/1.1" 404 4751 "-" "-"
137.48.0.100 - - [30/Aug/2016:03:32:15 -0500] "GET /FormHandler.cgi HTTP/1.1" 404 4850 "-" "-"
137.48.0.100 - - [30/Aug/2016:03:35:24 -0500] "GET /inconfig.nsf HTTP/1.1" 404 4823 "-" "-"
137.48.0.100 - - [30/Aug/2016:03:36:38 -0500] "GET /statrep.nsf HTTP/1.1" 404 4814 "-" "-"
137.48.0.100 - - [30/Aug/2016:03:38:31 -0500] "GET /htsearch HTTP/1.1" 404 4787 "-" "-"
188.143.232.24 - - [30/Aug/2016:03:39:56 -0500] "GET /~jemoseman/project/cgi-bin/forum.cgi HTTP/1.1" 200 2844 "-" "Mozilla/4.0 (compatible; MSIE 6.0; Windows NT 5.1; SV1)"
137.48.0.100 - - [30/Aug/2016:03:42:03 -0500] "GET /tmparchv.nsf HTTP/1.1" 404 4823 "-" "-"
137.48.0.100 - - [30/Aug/2016:03:43:04 -0500] "GET /product.asp?dept%5Fid=A&mscssid=0 HTTP/1.1" 404 3677 "-" "-"
137.48.0.100 - - [30/Aug/2016:03:44:15 -0500] "POST /makebook.cgi HTTP/1.1" 404 4823 "-" "-"
137.48.0.100 - - [30/Aug/2016:03:45:05 -0500] "POST /login.asp HTTP/1.1" 404 3661 "-" "-"
137.48.0.100 - - [30/Aug/2016:03:45:49 -0500] "GET /search HTTP/1.1" 404 4770 "-" "-"
137.48.0.100 - - [30/Aug/2016:03:47:16 -0500] "HEAD /n1o_su4ch_f5il.cmm HTTP/1.1" 404 198 "-" "-"
137.48.0.100 - - [30/Aug/2016:03:48:05 -0500] "POST /new.php HTTP/1.1" 404 4778 "-" "-"
137.48.0.100 - - [30/Aug/2016:03:48:45 -0500] "GET /home.htm HTTP/1.1" 404 3653 "-" "-"
137.48.0.100 - - [30/Aug/2016:03:49:31 -0500] "GET /false_35569 HTTP/1.1" 404 4759 "-" "-"
137.48.0.100 - - [30/Aug/2016:03:50:10 -0500] "GET /nph-jpeg.exe?+-video+2 HTTP/1.1" 404 4823 "-" "-"
137.48.0.100 - - [30/Aug/2016:03:50:57 -0500] "GET /about.html HTTP/1.1" 404 3669 "-" "-"
188.143.232.72 - - [30/Aug/2016:03:51:52 -0500] "GET /~jemoseman/project/cgi-bin/forum.cgi HTTP/1.1" 200 2844 "-" "Mozilla/4.0 (compatible; MSIE 6.0; Windows NT 5.1; SV1)"
137.48.0.100 - - [30/Aug/2016:03:52:42 -0500] "GET / HTTP/1.1" 200 7056 "-" "-"
137.48.0.100 - - [30/Aug/2016:03:53:32 -0500] "GET /css/footer.js HTTP/1.1" 404 3693 "-" "-"
137.48.0.100 - - [30/Aug/2016:03:54:38 -0500] "GET /css/ HTTP/1.1" 500 180 "-" "-"
137.48.0.100 - - [30/Aug/2016:03:55:39 -0500] "GET /js/sifr.js HTTP/1.1" 404 3670 "-" "-"
137.48.0.100 - - [30/Aug/2016:03:56:41 -0500] "GET /cms/templates/standard/phpinfo.php HTTP/1.1" 404 5022 "-" "-"
137.48.0.100 - - [30/Aug/2016:03:58:06 -0500] "GET /moin.wsgi/info.php HTTP/1.1" 404 4877 "-" "-"
137.48.0.100 - - [30/Aug/2016:03:59:20 -0500] "GET /cms/w3-msql/index.html HTTP/1.1" 404 3765 "-" "-"
137.48.0.100 - - [30/Aug/2016:04:00:23 -0500] "GET /plynx/parachat/phpinfo.php HTTP/1.1" 404 4950 "-" "-"
137.48.0.100 - - [30/Aug/2016:04:01:26 -0500] "GET /openbb/php.php HTTP/1.1" 404 4841 "-" "-"
137.48.0.100 - - [30/Aug/2016:04:02:18 -0500] "GET /CrystalReportWebFormViewer2/phpinfo.php3 HTTP/1.1" 404 5075 "-" "-"
188.143.232.19 - - [30/Aug/2016:04:03:30 -0500] "GET /~jemoseman/project/FAQ.html HTTP/1.1" 200 1863 "-" "Mozilla/4.0 (compatible; MSIE 6.0; Windows NT 5.1; SV1)"
137.48.0.100 - - [30/Aug/2016:04:04:31 -0500] "GET /recipe/gbook.cgi HTTP/1.1" 404 4859 "-" "-"
137.48.0.100 - - [30/Aug/2016:04:05:41 -0500] "GET /cms/stats.php HTTP/1.1" 404 4832 "-" "-"
137.48.0.100 - - [30/Aug/2016:04:06:42 -0500] "GET /pandora_console/phptest.php3 HTTP/1.1" 404 4967 "-" "-"
137.48.0.100 - - [30/Aug/2016:04:08:08 -0500] "GET /backend/phpinfo.php3 HTTP/1.1" 404 4895 "-" "-"
137.48.0.100 - - [30/Aug/2016:04:08:49 -0500] "GET /doc/nph-publish HTTP/1.1" 404 4850 "-" "-"
137.48.0.100 - - [30/Aug/2016:04:09:24 -0500] "GET /wap/info.php HTTP/1.1" 404 4823 "-" "-"
137.48.0.100 - - [30/Aug/2016:04:11:16 -0500] "POST /recipe/recipe/form-totaller.cgi HTTP/1.1" 404 4994 "-" "-"
137.48.0.100 - - [30/Aug/2016:04:13:25 -0500] "GET /doc/perl HTTP/1.1" 404 4787 "-" "-"
137.48.0.100 - - [30/Aug/2016:04:14:48 -0500] "GET /doc/formmail.pl HTTP/1.1" 404 3709 "-" "-"
137.48.0.100 - - [30/Aug/2016:04:16:53 -0500] "GET /install/info.php HTTP/1.1" 404 4859 "-" "-"
137.48.0.100 - - [30/Aug/2016:04:17:58 -0500] "GET /cms/info.php3 HTTP/1.1" 404 4832 "-" "-"
137.48.0.100 - - [30/Aug/2016:04:19:44 -0500] "POST /cms/ubb6_test.cgi HTTP/1.1" 404 4868 "-" "-"
137.48.0.100 - - [30/Aug/2016:04:20:51 -0500] "GET /cms/jmx-console/ HTTP/1.1" 500 180 "-" "-"
137.48.0.100 - - [30/Aug/2016:04:21:37 -0500] "GET /cms/install.php HTTP/1.1" 404 4850 "-" "-"
137.48.0.100 - - [30/Aug/2016:04:23:09 -0500] "GET /general/ HTTP/1.1" 500 180 "-" "-"
137.48.0.100 - - [30/Aug/2016:04:25:45 -0500] "GET /recipe/recipe/sdbsearch_cz.cgi HTTP/1.1" 404 4985 "-" "-"
137.48.0.100 - - [30/Aug/2016:04:26:29 -0500] "GET /recipe/formmail.pl?recipient=blackhole%40qualys.com HTTP/1.1" 404 3733 "-" "-"
137.48.0.100 - - [30/Aug/2016:04:27:20 -0500] "GET /recipe/recipe/wwwthreads.pl HTTP/1.1" 404 3805 "-" "-"
137.48.0.100 - - [30/Aug/2016:04:29:24 -0500] "GET /recipe/recipe/htsearch HTTP/1.1" 404 4913 "-" "-"
137.48.0.100 - - [30/Aug/2016:04:30:12 -0500] "GET /manager/sdbsearch_de.cgi HTTP/1.1" 404 4931 "-" "-"
137.48.0.100 - - [30/Aug/2016:04:31:05 -0500] "GET /manager/phpinfo.php3 HTTP/1.1" 404 4895 "-" "-"
137.48.0.100 - - [30/Aug/2016:04:32:38 -0500] "GET /manager/main.php HTTP/1.1" 404 4859 "-" "-"
137.48.0.100 - - [30/Aug/2016:04:35:04 -0500] "GET /doc/. HTTP/1.1" 500 180 "-" "-"
137.48.0.100 - - [30/Aug/2016:04:37:15 -0500] "GET /doc/modules.php?name=Splatt_Forum HTTP/1.1" 404 4850 "-" "-"
137.48.0.100 - - [30/Aug/2016:04:39:46 -0500] "GET /cms/guestbook.php/phpinfo.php3 HTTP/1.1" 404 4985 "-" "-"
137.48.0.100 - - [30/Aug/2016:04:43:42 -0500] "GET /cms/moin.wsgi/moinmoin/phptest.php3 HTTP/1.1" 404 5030 "-" "-"
188.143.232.19 - - [30/Aug/2016:04:50:38 -0500] "GET /~jemoseman/project/contact_info.html HTTP/1.1" 200 1740 "-" "Mozilla/4.0 (compatible; MSIE 6.0; Windows NT 5.1; SV1)"
188.143.232.21 - - [30/Aug/2016:05:04:02 -0500] "GET /~jemoseman/project/cgi-bin/forum.cgi HTTP/1.1" 200 2844 "-" "Mozilla/4.0 (compatible; MSIE 6.0; Windows NT 5.1; SV1)"
180.76.15.160 - - [30/Aug/2016:05:12:55 -0500] "GET / HTTP/1.1" 200 7019 "-" "Mozilla/5.0 (compatible; Baiduspider/2.0; +http://www.baidu.com/search/spider.html)"
137.48.0.100 - - [30/Aug/2016:05:17:01 -0500] "GET /recipe/recipe/cms/templates/phptest.php3 HTTP/1.1" 404 5075 "-" "-"
137.48.0.100 - - [30/Aug/2016:05:17:58 -0500] "GET /recipe/index.php/phpinfo.php3 HTTP/1.1" 404 4976 "-" "-"
188.143.232.15 - - [30/Aug/2016:05:18:30 -0500] "GET /~jemoseman/project/cgi-bin/forum.cgi HTTP/1.1" 200 2844 "-" "Mozilla/4.0 (compatible; MSIE 6.0; Windows NT 5.1; SV1)"
137.48.0.100 - - [30/Aug/2016:05:19:12 -0500] "GET /recipe/recipe/recipe/recipe/php.php HTTP/1.1" 404 5030 "-" "-"
137.48.0.100 - - [30/Aug/2016:05:20:32 -0500] "GET /manager/moin.wsgi/phptest.php HTTP/1.1" 404 4976 "-" "-"
137.48.0.100 - - [30/Aug/2016:05:22:01 -0500] "GET /doc/cms/templates/phptest.php3 HTTP/1.1" 404 4985 "-" "-"
137.48.0.100 - - [30/Aug/2016:05:22:51 -0500] "GET /doc/index.php/phpinfo.php HTTP/1.1" 404 4941 "-" "-"
188.143.232.41 - - [30/Aug/2016:05:26:01 -0500] "GET /~jemoseman/project/cgi-bin/forum.cgi HTTP/1.1" 200 2844 "-" "Mozilla/4.0 (compatible; MSIE 6.0; Windows NT 5.1; SV1)"
188.143.232.37 - - [30/Aug/2016:05:38:28 -0500] "GET /~jemoseman/project/contact_info.html HTTP/1.1" 200 1740 "-" "Mozilla/4.0 (compatible; MSIE 6.0; Windows NT 5.1; SV1)"
188.143.232.21 - - [30/Aug/2016:05:50:57 -0500] "GET /~jemoseman/project/cgi-bin/forum.cgi HTTP/1.1" 200 2844 "-" "Mozilla/4.0 (compatible; MSIE 6.0; Windows NT 5.1; SV1)"
188.143.232.37 - - [30/Aug/2016:06:01:37 -0500] "GET /~jemoseman/project/contact_info.html HTTP/1.1" 200 1740 "-" "Mozilla/4.0 (compatible; MSIE 6.0; Windows NT 5.1; SV1)"
188.143.232.34 - - [30/Aug/2016:06:07:07 -0500] "GET /~jemoseman/project/cgi-bin/thread.cgi?thread_name=Theory%20of%20computation%20homework%20fun%20time HTTP/1.1" 200 1136350 "-" "Mozilla/4.0 (compatible; MSIE 6.0; Windows NT 5.1; SV1)"
137.48.0.100 - - [30/Aug/2016:06:10:43 -0500] "GET /modules/anonymous_story/lang_russian.conf HTTP/1.1" 404 5029 "-" "-"
137.48.0.100 - - [30/Aug/2016:06:13:03 -0500] "GET /install/img/sample_site.png HTTP/1.1" 404 4903 "-" "-"
137.48.0.100 - - [30/Aug/2016:06:14:06 -0500] "GET /skin/img/drap_en.png HTTP/1.1" 404 4840 "-" "-"
137.48.0.100 - - [30/Aug/2016:06:15:39 -0500] "GET /core/misc/menu-expanded.png HTTP/1.1" 404 4903 "-" "-"
137.48.0.100 - - [30/Aug/2016:06:17:13 -0500] "GET /wiki.gif HTTP/1.1" 404 4732 "-" "-"
137.48.0.100 - - [30/Aug/2016:06:18:47 -0500] "GET /www/editor/icons/jpg.ico HTTP/1.1" 404 4876 "-" "-"
137.48.0.100 - - [30/Aug/2016:06:20:08 -0500] "GET /moin_static190beta3/common/js/common.js HTTP/1.1" 404 3846 "-" "-"
137.48.0.100 - - [30/Aug/2016:06:21:54 -0500] "GET /moin_static150/favicon.ico HTTP/1.1" 404 4894 "-" "-"
188.143.232.72 - - [30/Aug/2016:06:23:22 -0500] "GET /~jemoseman/project/FAQ.html HTTP/1.1" 200 1863 "-" "Mozilla/4.0 (compatible; MSIE 6.0; Windows NT 5.1; SV1)"
188.143.232.62 - - [30/Aug/2016:06:27:42 -0500] "GET /~jemoseman/project/cgi-bin/forum.cgi HTTP/1.1" 200 2844 "-" "Mozilla/4.0 (compatible; MSIE 6.0; Windows NT 5.1; SV1)"
188.143.232.10 - - [30/Aug/2016:06:46:59 -0500] "GET /~jemoseman/project/contact_info.html HTTP/1.1" 200 1740 "-" "Mozilla/4.0 (compatible; MSIE 6.0; Windows NT 5.1; SV1)"
71.175.249.121 - - [30/Aug/2016:07:01:21 -0500] "GET /apple-touch-icon-precomposed.png HTTP/1.1" 404 1856 "-" "MobileSafari/8536.25 CFNetwork/609.1.4 Darwin/13.0.0"
188.143.232.10 - - [30/Aug/2016:07:10:33 -0500] "GET /~jemoseman/project/index.html HTTP/1.1" 200 1657 "-" "Mozilla/4.0 (compatible; MSIE 6.0; Windows NT 5.1; SV1)"
188.143.232.72 - - [30/Aug/2016:07:27:41 -0500] "GET /~jemoseman/project/cgi-bin/thread.cgi?thread_name=Theory%20of%20computation%20homework%20fun%20time HTTP/1.1" 200 1211646 "-" "Mozilla/4.0 (compatible; MSIE 6.0; Windows NT 5.1; SV1)"
188.143.232.15 - - [30/Aug/2016:07:36:14 -0500] "GET /~jemoseman/project/index.html HTTP/1.1" 200 1657 "-" "Mozilla/4.0 (compatible; MSIE 6.0; Windows NT 5.1; SV1)"
188.143.232.34 - - [30/Aug/2016:07:51:57 -0500] "GET /~jemoseman/project/index.html HTTP/1.1" 200 1657 "-" "Mozilla/4.0 (compatible; MSIE 6.0; Windows NT 5.1; SV1)"
188.143.232.34 - - [30/Aug/2016:08:13:09 -0500] "GET /~jemoseman/project/info.html HTTP/1.1" 200 1908 "-" "Mozilla/4.0 (compatible; MSIE 6.0; Windows NT 5.1; SV1)"
188.143.232.16 - - [30/Aug/2016:08:28:19 -0500] "GET /~jemoseman/project/info.html HTTP/1.1" 200 1908 "-" "Mozilla/4.0 (compatible; MSIE 6.0; Windows NT 5.1; SV1)"
188.143.232.37 - - [30/Aug/2016:08:40:54 -0500] "GET /~jemoseman/project/contact_info.html HTTP/1.1" 200 1740 "-" "Mozilla/4.0 (compatible; MSIE 6.0; Windows NT 5.1; SV1)"
188.143.232.14 - - [30/Aug/2016:08:59:17 -0500] "GET /~jemoseman/project/FAQ.html HTTP/1.1" 200 1863 "-" "Mozilla/4.0 (compatible; MSIE 6.0; Windows NT 5.1; SV1)"
188.143.232.13 - - [30/Aug/2016:09:19:05 -0500] "GET /~jemoseman/project/cgi-bin/thread.cgi?thread_name=Theory%20of%20computation%20homework%20fun%20time HTTP/1.1" 200 1136822 "-" "Mozilla/4.0 (compatible; MSIE 6.0; Windows NT 5.1; SV1)"
188.143.232.40 - - [30/Aug/2016:09:38:34 -0500] "GET /~jemoseman/project/index.html HTTP/1.1" 200 1657 "-" "Mozilla/4.0 (compatible; MSIE 6.0; Windows NT 5.1; SV1)"
188.143.232.15 - - [30/Aug/2016:09:56:52 -0500] "GET /~jemoseman/project/info.html HTTP/1.1" 200 1908 "-" "Mozilla/4.0 (compatible; MSIE 6.0; Windows NT 5.1; SV1)"
188.143.232.10 - - [30/Aug/2016:10:12:29 -0500] "GET /~jemoseman/project/FAQ.html HTTP/1.1" 200 1863 "-" "Mozilla/4.0 (compatible; MSIE 6.0; Windows NT 5.1; SV1)"
188.143.232.72 - - [30/Aug/2016:10:23:01 -0500] "GET /~jemoseman/project/cgi-bin/forum.cgi HTTP/1.1" 200 2844 "-" "Mozilla/4.0 (compatible; MSIE 6.0; Windows NT 5.1; SV1)"
188.143.232.70 - - [30/Aug/2016:10:38:25 -0500] "GET /~jemoseman/project/index.html HTTP/1.1" 200 1657 "-" "Mozilla/4.0 (compatible; MSIE 6.0; Windows NT 5.1; SV1)"
188.143.232.72 - - [30/Aug/2016:10:45:12 -0500] "GET /~jemoseman/project/cgi-bin/forum.cgi HTTP/1.1" 200 2844 "-" "Mozilla/4.0 (compatible; MSIE 6.0; Windows NT 5.1; SV1)"
188.143.232.21 - - [30/Aug/2016:10:54:30 -0500] "GET /~jemoseman/project/contact_info.html HTTP/1.1" 200 1740 "-" "Mozilla/4.0 (compatible; MSIE 6.0; Windows NT 5.1; SV1)"
137.48.187.123 - - [30/Aug/2016:11:05:41 -0500] "GET /~aghermanek/1472573141+19326.php HTTP/1.1" 200 583 "-" "curl/7.22.0 (x86_64-pc-linux-gnu) libcurl/7.22.0 OpenSSL/1.0.1 zlib/1.2.3.4 libidn/1.23 librtmp/2.3"
188.143.232.19 - - [30/Aug/2016:11:24:17 -0500] "GET /~jemoseman/project/index.html HTTP/1.1" 200 1657 "-" "Mozilla/4.0 (compatible; MSIE 6.0; Windows NT 5.1; SV1)"
5.255.250.31 - - [30/Aug/2016:11:41:56 -0500] "GET / HTTP/1.1" 200 2649 "-" "Mozilla/5.0 (compatible; YandexBot/3.0; +http://yandex.com/bots)"
68.99.19.121 - - [30/Aug/2016:11:55:22 -0500] "GET /~cratzburg/ HTTP/1.1" 200 714 "-" "Mozilla/5.0 (Macintosh; Intel Mac OS X 10_7_5) AppleWebKit/537.36 (KHTML, like Gecko) Chrome/49.0.2623.112 Safari/537.36"
188.143.232.72 - - [30/Aug/2016:12:14:09 -0500] "GET /~jemoseman/project/index.html HTTP/1.1" 200 1657 "-" "Mozilla/4.0 (compatible; MSIE 6.0; Windows NT 5.1; SV1)"
10.8.1.102 - - [30/Aug/2016:12:26:03 -0500] "GET /~fmaher/ HTTP/1.1" 403 514 "-" "Mozilla/5.0 (Macintosh; Intel Mac OS X 10_11_2) AppleWebKit/537.36 (KHTML, like Gecko) Chrome/52.0.2743.116 Safari/537.36"
137.48.185.155 - - [30/Aug/2016:12:44:28 -0500] "GET /~jblackmore/blizz/spr2012/test/burns.html HTTP/1.1" 200 2457 "-" "Mozilla/5.0 (Windows NT 6.1; WOW64; rv:33.0) Gecko/20100101 Firefox/33.0"
188.143.232.72 - - [30/Aug/2016:12:58:06 -0500] "GET /~jemoseman/project/FAQ.html HTTP/1.1" 200 1863 "-" "Mozilla/4.0 (compatible; MSIE 6.0; Windows NT 5.1; SV1)"
188.143.232.41 - - [30/Aug/2016:13:15:22 -0500] "GET /~jemoseman/project/cgi-bin/thread.cgi?thread_name=Theory%20of%20computation%20homework%20fun%20time HTTP/1.1" 200 1124766 "-" "Mozilla/4.0 (compatible; MSIE 6.0; Windows NT 5.1; SV1)"
128.30.52.134 - - [30/Aug/2016:13:22:10 -0500] "GET /~jblackmore/fall16-2/ HTTP/1.1" 200 1219 "-" "W3C_Validator/1.3 http://validator.w3.org/services"
10.8.73.125 - - [30/Aug/2016:13:26:44 -0500] "GET /~bchawla/a1/index.html HTTP/1.1" 200 1469 "-" "Mozilla/5.0 (Macintosh; Intel Mac OS X 10_11_2) AppleWebKit/537.36 (KHTML, like Gecko) Chrome/52.0.2743.116 Safari/537.36"
10.8.73.125 - - [30/Aug/2016:13:34:53 -0500] "GET /~bchawla/a0/index.html HTTP/1.1" 404 514 "-" "Mozilla/5.0 (Macintosh; Intel Mac OS X 10_11_2) AppleWebKit/537.36 (KHTML, like Gecko) Chrome/52.0.2743.116 Safari/537.36"
137.48.187.123 - - [30/Aug/2016:13:41:55 -0500] "GET /~glongley/1472582515+24005.cgi HTTP/1.1" 200 194 "-" "curl/7.22.0 (x86_64-pc-linux-gnu) libcurl/7.22.0 OpenSSL/1.0.1 zlib/1.2.3.4 libidn/1.23 librtmp/2.3"
137.48.177.230 - - [30/Aug/2016:13:50:47 -0500] "GET /~jblackmore/fall16-2/ HTTP/1.1" 200 1259 "-" "Mozilla/5.0 (Windows NT 6.1; WOW64) AppleWebKit/537.36 (KHTML, like Gecko) Chrome/52.0.2743.116 Safari/537.36"
188.143.232.13 - - [30/Aug/2016:13:55:44 -0500] "GET /~jemoseman/project/info.html HTTP/1.1" 200 1908 "-" "Mozilla/4.0 (compatible; MSIE 6.0; Windows NT 5.1; SV1)"
10.8.87.100 - - [30/Aug/2016:14:05:49 -0500] "GET /~nmcmains/ HTTP/1.1" 200 776 "-" "Mozilla/5.0 (Windows NT 10.0; WOW64; rv:48.0) Gecko/20100101 Firefox/48.0"
128.30.52.73 - - [30/Aug/2016:14:20:55 -0500] "GET /~bbryant/a1/ HTTP/1.1" 200 1419 "-" "W3C_Validator/1.3 http://validator.w3.org/services"
137.48.178.25 - - [30/Aug/2016:14:29:12 -0500] "GET /~gbautista/ HTTP/1.1" 304 211 "-" "Mozilla/5.0 (Windows NT 6.1; WOW64) AppleWebKit/537.36 (KHTML, like Gecko) Chrome/52.0.2743.116 Safari/537.36"
188.143.232.34 - - [30/Aug/2016:14:41:36 -0500] "GET /~jemoseman/project/contact_info.html HTTP/1.1" 200 1740 "-" "Mozilla/4.0 (compatible; MSIE 6.0; Windows NT 5.1; SV1)"
188.143.232.10 - - [30/Aug/2016:14:50:20 -0500] "GET /~jemoseman/project/info.html HTTP/1.1" 200 1908 "-" "Mozilla/4.0 (compatible; MSIE 6.0; Windows NT 5.1; SV1)"
188.143.232.16 - - [30/Aug/2016:15:00:14 -0500] "GET /~jemoseman/project/info.html HTTP/1.1" 200 1908 "-" "Mozilla/4.0 (compatible; MSIE 6.0; Windows NT 5.1; SV1)"
176.195.112.205 - - [30/Aug/2016:15:25:17 -0500] "GET /~jtrimm/project/ollpll.html HTTP/1.1" 200 3970 "http://yandex.ru/clck/jsredir?from=yandex.ru%3Bsearch%3Bweb%3B%3B&text=&etext=1163.GlyY4iwlJjA1JvcCdLFq_qxP0gww9BQ0LzckxYsgS3GQqEGM4IYBkESV8MpjUZMu.a58ad1a33aa7c0560e7f59e570a2fb86ec19d4b8&uuid=&state=_BLhILn4SxNIvvL0W45KSic66uCIg23qh8iRG98qeIXmeppkgUc0YCYBcIrWNUha-mUlBiA3OhY&data=UlNrNmk5WktYejR0eWJFYk1LdmtxcUtZSURXenVRT1Q1NVYzT1NidnNJY2tKcUFwOG5wMlJPYzlrU3VSUUtvczlnU3dOMjk5N1piVy1lZkFMaUZtLWRzNnFVTHVwZi1wWEVrSFFmbUxUa3R0THVnTzVPd2NMaW9vckpDS2RXRGh2Y1Jrand6cFFkaGNrZTlLMzk0WUV3&b64e=2&sign=6064fb37537692c88e10da58d3191155&keyno=0&cst=AiuY0DBWFJ7IXge4WdYJQaYgAYq7JarrNef20HlVZ4W5-rbri_TGMNAAG1AJf6HYZ1MzY5v2vP2g8PfUBzPhHu2RLi-00fV5V3U-l4crYRYv1Eb6OwGUJpBncRR30zDxiTK9AF8AfLrCk9k5kIqm49XYlKa6DYMm&ref=orjY4mGPRjk5boDnW0uvlrrd71vZw9kp5uQozpMtKCW4RgmAu5ryJL5j_T_37wgzPmnADNcqa8XN3syZGEKeQ3xLQDby0IHeSSiT6oSrFQIl--DqzwsVjep2RYVMsYc6&l10n=ru&cts=1472587536327&mc=5.91691560521" "Opera/9.80 (Windows NT 6.1) Presto/2.12.388 Version/12.16"
98.23.163.218 - - [30/Aug/2016:15:39:53 -0500] "GET /~kbavitz/a1/ HTTP/1.1" 304 212 "-" "Mozilla/5.0 (Windows NT 10.0; Win64; x64) AppleWebKit/537.36 (KHTML, like Gecko) Chrome/52.0.2743.116 Safari/537.36"
188.143.232.24 - - [30/Aug/2016:15:59:29 -0500] "GET /~jemoseman/project/cgi-bin/thread.cgi?thread_name=Theory%20of%20computation%20homework%20fun%20time HTTP/1.1" 200 1045598 "-" "Mozilla/4.0 (compatible; MSIE 6.0; Windows NT 5.1; SV1)"
188.143.232.72 - - [30/Aug/2016:16:16:24 -0500] "GET /~jemoseman/project/cgi-bin/thread.cgi?thread_name=Theory%20of%20computation%20homework%20fun%20time HTTP/1.1" 200 1105942 "-" "Mozilla/4.0 (compatible; MSIE 6.0; Windows NT 5.1; SV1)"
188.143.232.37 - - [30/Aug/2016:16:31:42 -0500] "GET /~jemoseman/project/cgi-bin/thread.cgi?thread_name=Theory%20of%20computation%20homework%20fun%20time HTTP/1.1" 200 1153726 "-" "Mozilla/4.0 (compatible; MSIE 6.0; Windows NT 5.1; SV1)"
76.78.7.182 - - [30/Aug/2016:16:39:29 -0500] "GET /~jbarreramendoza/a1/ HTTP/1.1" 304 212 "-" "Mozilla/5.0 (Windows NT 6.3; WOW64) AppleWebKit/537.36 (KHTML, like Gecko) Chrome/52.0.2743.116 Safari/537.36"
137.48.187.123 - - [30/Aug/2016:16:45:02 -0500] "GET /~jbarreramendoza/1472593502+31452.php HTTP/1.1" 200 536 "-" "curl/7.22.0 (x86_64-pc-linux-gnu) libcurl/7.22.0 OpenSSL/1.0.1 zlib/1.2.3.4 libidn/1.23 librtmp/2.3"
24.252.36.118 - - [30/Aug/2016:17:06:44 -0500] "GET /~aroberts02/project/index.html HTTP/1.1" 200 3872 "-" "Mozilla/5.0 (Macintosh; Intel Mac OS X 10_10_4) AppleWebKit/600.7.12 (KHTML, like Gecko) Version/8.0.7 Safari/600.7.12"
188.143.232.40 - - [30/Aug/2016:17:23:45 -0500] "GET /~jemoseman/project/contact_info.html HTTP/1.1" 200 1740 "-" "Mozilla/4.0 (compatible; MSIE 6.0; Windows NT 5.1; SV1)"
10.8.95.193 - - [30/Aug/2016:17:41:12 -0500] "GET /~janicefink/ HTTP/1.1" 200 1213 "-" "Mozilla/5.0 (Windows NT 10.0; WOW64) AppleWebKit/537.36 (KHTML, like Gecko) Chrome/52.0.2743.116 Safari/537.36"
188.143.232.16 - - [30/Aug/2016:18:03:52 -0500] "GET /~jemoseman/project/FAQ.html HTTP/1.1" 200 1863 "-" "Mozilla/4.0 (compatible; MSIE 6.0; Windows NT 5.1; SV1)"
188.143.232.22 - - [30/Aug/2016:18:25:14 -0500] "GET /~jemoseman/project/info.html HTTP/1.1" 200 1908 "-" "Mozilla/4.0 (compatible; MSIE 6.0; Windows NT 5.1; SV1)"
188.143.232.70 - - [30/Aug/2016:18:43:54 -0500] "GET /~jemoseman/project/cgi-bin/forum.cgi HTTP/1.1" 200 2844 "-" "Mozilla/4.0 (compatible; MSIE 6.0; Windows NT 5.1; SV1)"
188.143.232.62 - - [30/Aug/2016:19:00:20 -0500] "GET /~jemoseman/project/info.html HTTP/1.1" 200 1908 "-" "Mozilla/4.0 (compatible; MSIE 6.0; Windows NT 5.1; SV1)"
107.167.108.183 - - [30/Aug/2016:19:28:22 -0500] "GET /~ybautista/a1/index.html HTTP/1.1" 304 156 "-" "Mozilla/5.0 (Windows NT 10.0; WOW64) AppleWebKit/537.36 (KHTML, like Gecko) Chrome/52.0.2743.82 Safari/537.36 OPR/39.0.2256.48"
188.143.232.10 - - [30/Aug/2016:19:50:35 -0500] "GET /~jemoseman/project/index.html HTTP/1.1" 200 1657 "-" "Mozilla/4.0 (compatible; MSIE 6.0; Windows NT 5.1; SV1)"
188.143.232.11 - - [30/Aug/2016:20:15:12 -0500] "GET /~jemoseman/project/index.html HTTP/1.1" 200 1657 "-" "Mozilla/4.0 (compatible; MSIE 6.0; Windows NT 5.1; SV1)"
188.143.232.72 - - [30/Aug/2016:20:45:15 -0500] "GET /~jemoseman/project/index.html HTTP/1.1" 200 1657 "-" "Mozilla/4.0 (compatible; MSIE 6.0; Windows NT 5.1; SV1)"
188.143.232.72 - - [30/Aug/2016:21:07:55 -0500] "GET /~jemoseman/project/contact_info.html HTTP/1.1" 200 1740 "-" "Mozilla/4.0 (compatible; MSIE 6.0; Windows NT 5.1; SV1)"
188.143.232.10 - - [30/Aug/2016:21:24:33 -0500] "GET /~jemoseman/project/index.html HTTP/1.1" 200 1657 "-" "Mozilla/4.0 (compatible; MSIE 6.0; Windows NT 5.1; SV1)"
188.143.232.11 - - [30/Aug/2016:21:46:36 -0500] "GET /~jemoseman/project/info.html HTTP/1.1" 200 1908 "-" "Mozilla/4.0 (compatible; MSIE 6.0; Windows NT 5.1; SV1)"
188.143.232.21 - - [30/Aug/2016:22:10:38 -0500] "GET /~jemoseman/project/info.html HTTP/1.1" 200 1908 "-" "Mozilla/4.0 (compatible; MSIE 6.0; Windows NT 5.1; SV1)"
188.143.232.72 - - [30/Aug/2016:22:38:14 -0500] "GET /~jemoseman/project/contact_info.html HTTP/1.1" 200 1740 "-" "Mozilla/4.0 (compatible; MSIE 6.0; Windows NT 5.1; SV1)"
188.143.232.10 - - [30/Aug/2016:22:58:07 -0500] "GET /~jemoseman/project/info.html HTTP/1.1" 200 1908 "-" "Mozilla/4.0 (compatible; MSIE 6.0; Windows NT 5.1; SV1)"
188.143.232.13 - - [30/Aug/2016:23:19:28 -0500] "GET /~jemoseman/project/cgi-bin/forum.cgi HTTP/1.1" 200 2844 "-" "Mozilla/4.0 (compatible; MSIE 6.0; Windows NT 5.1; SV1)"
188.143.232.24 - - [30/Aug/2016:23:52:14 -0500] "GET /~jemoseman/project/cgi-bin/thread.cgi?thread_name=Theory%20of%20computation%20homework%20fun%20time HTTP/1.1" 200 1061054 "-" "Mozilla/4.0 (compatible; MSIE 6.0; Windows NT 5.1; SV1)"
188.143.232.37 - - [31/Aug/2016:00:15:58 -0500] "GET /~jemoseman/project/cgi-bin/thread.cgi?thread_name=Theory%20of%20computation%20homework%20fun%20time HTTP/1.1" 200 1041254 "-" "Mozilla/4.0 (compatible; MSIE 6.0; Windows NT 5.1; SV1)"
188.143.232.11 - - [31/Aug/2016:00:50:59 -0500] "GET /~jemoseman/project/cgi-bin/thread.cgi?thread_name=Theory%20of%20computation%20homework%20fun%20time HTTP/1.1" 200 1055262 "-" "Mozilla/4.0 (compatible; MSIE 6.0; Windows NT 5.1; SV1)"
218.103.151.211 - - [31/Aug/2016:01:10:19 -0500] "GET /~jtrimm/project/ollpll.html HTTP/1.1" 200 4007 "https://www.google.com.hk/" "Mozilla/5.0 (Macintosh; Intel Mac OS X 10.11; rv:48.0) Gecko/20100101 Firefox/48.0"
188.143.232.15 - - [31/Aug/2016:01:26:30 -0500] "GET /~jemoseman/project/cgi-bin/thread.cgi?thread_name=Theory%20of%20computation%20homework%20fun%20time HTTP/1.1" 200 1121870 "-" "Mozilla/4.0 (compatible; MSIE 6.0; Windows NT 5.1; SV1)"
188.143.232.43 - - [31/Aug/2016:01:49:39 -0500] "GET /~jemoseman/project/info.html HTTP/1.1" 200 1908 "-" "Mozilla/4.0 (compatible; MSIE 6.0; Windows NT 5.1; SV1)"
188.143.232.35 - - [31/Aug/2016:02:24:22 -0500] "GET /~jemoseman/project/info.html HTTP/1.1" 200 1908 "-" "Mozilla/4.0 (compatible; MSIE 6.0; Windows NT 5.1; SV1)"
188.143.232.62 - - [31/Aug/2016:02:45:51 -0500] "GET /~jemoseman/project/contact_info.html HTTP/1.1" 200 1740 "-" "Mozilla/4.0 (compatible; MSIE 6.0; Windows NT 5.1; SV1)"
188.143.232.72 - - [31/Aug/2016:03:09:27 -0500] "GET /~jemoseman/project/contact_info.html HTTP/1.1" 200 1740 "-" "Mozilla/4.0 (compatible; MSIE 6.0; Windows NT 5.1; SV1)"
188.143.232.10 - - [31/Aug/2016:03:41:26 -0500] "GET /~jemoseman/project/cgi-bin/forum.cgi HTTP/1.1" 200 2844 "-" "Mozilla/4.0 (compatible; MSIE 6.0; Windows NT 5.1; SV1)"
188.143.232.26 - - [31/Aug/2016:03:58:30 -0500] "GET /~jemoseman/project/contact_info.html HTTP/1.1" 200 1740 "-" "Mozilla/4.0 (compatible; MSIE 6.0; Windows NT 5.1; SV1)"
188.143.232.24 - - [31/Aug/2016:04:27:11 -0500] "GET /~jemoseman/project/contact_info.html HTTP/1.1" 200 1740 "-" "Mozilla/4.0 (compatible; MSIE 6.0; Windows NT 5.1; SV1)"
188.143.232.37 - - [31/Aug/2016:04:53:09 -0500] "GET /~jemoseman/project/index.html HTTP/1.1" 200 1657 "-" "Mozilla/4.0 (compatible; MSIE 6.0; Windows NT 5.1; SV1)"
154.70.110.42 - - [31/Aug/2016:05:18:59 -0500] "GET /~jtrimm/project/ollpll.html HTTP/1.1" 200 4007 "-" "Mozilla/5.0 (Windows NT 10.0; WOW64; rv:42.0) Gecko/20100101 Firefox/42.0"
188.143.232.70 - - [31/Aug/2016:05:31:45 -0500] "GET /~jemoseman/project/cgi-bin/forum.cgi HTTP/1.1" 200 2844 "-" "Mozilla/4.0 (compatible; MSIE 6.0; Windows NT 5.1; SV1)"
188.143.232.19 - - [31/Aug/2016:05:59:44 -0500] "GET /~jemoseman/project/FAQ.html HTTP/1.1" 200 1863 "-" "Mozilla/4.0 (compatible; MSIE 6.0; Windows NT 5.1; SV1)"
188.143.232.37 - - [31/Aug/2016:06:25:26 -0500] "GET /~jemoseman/project/info.html HTTP/1.1" 200 1908 "-" "Mozilla/4.0 (compatible; MSIE 6.0; Windows NT 5.1; SV1)"
188.143.232.41 - - [31/Aug/2016:06:42:09 -0500] "GET /~jemoseman/project/contact_info.html HTTP/1.1" 200 1740 "-" "Mozilla/4.0 (compatible; MSIE 6.0; Windows NT 5.1; SV1)"
188.143.232.11 - - [31/Aug/2016:07:05:36 -0500] "GET /~jemoseman/project/cgi-bin/forum.cgi HTTP/1.1" 200 2844 "-" "Mozilla/4.0 (compatible; MSIE 6.0; Windows NT 5.1; SV1)"
188.143.232.19 - - [31/Aug/2016:07:32:51 -0500] "GET /~jemoseman/project/cgi-bin/thread.cgi?thread_name=Theory%20of%20computation%20homework%20fun%20time HTTP/1.1" 200 1103046 "-" "Mozilla/4.0 (compatible; MSIE 6.0; Windows NT 5.1; SV1)"
188.143.232.62 - - [31/Aug/2016:07:56:50 -0500] "GET /~jemoseman/project/cgi-bin/forum.cgi HTTP/1.1" 200 2844 "-" "Mozilla/4.0 (compatible; MSIE 6.0; Windows NT 5.1; SV1)"
188.143.232.41 - - [31/Aug/2016:08:17:56 -0500] "GET /~jemoseman/project/index.html HTTP/1.1" 200 1657 "-" "Mozilla/4.0 (compatible; MSIE 6.0; Windows NT 5.1; SV1)"
188.143.232.11 - - [31/Aug/2016:08:40:35 -0500] "GET /~jemoseman/project/cgi-bin/forum.cgi HTTP/1.1" 200 2844 "-" "Mozilla/4.0 (compatible; MSIE 6.0; Windows NT 5.1; SV1)"
10.8.110.72 - - [31/Aug/2016:08:56:18 -0500] "GET /~afuchsberger/cist1300/syllabus/ HTTP/1.1" 200 14161 "-" "Mozilla/5.0 (X11; CrOS x86_64 8350.68.0) AppleWebKit/537.36 (KHTML, like Gecko) Chrome/52.0.2743.116 Safari/537.36"
188.143.232.72 - - [31/Aug/2016:09:11:44 -0500] "GET /~jemoseman/project/info.html HTTP/1.1" 200 1908 "-" "Mozilla/4.0 (compatible; MSIE 6.0; Windows NT 5.1; SV1)"
188.143.232.37 - - [31/Aug/2016:09:32:53 -0500] "GET /~jemoseman/project/contact_info.html HTTP/1.1" 200 1740 "-" "Mozilla/4.0 (compatible; MSIE 6.0; Windows NT 5.1; SV1)"
188.143.232.22 - - [31/Aug/2016:09:54:23 -0500] "GET /~jemoseman/project/cgi-bin/forum.cgi HTTP/1.1" 200 2844 "-" "Mozilla/4.0 (compatible; MSIE 6.0; Windows NT 5.1; SV1)"
188.143.232.13 - - [31/Aug/2016:10:15:44 -0500] "GET /~jemoseman/project/info.html HTTP/1.1" 200 1908 "-" "Mozilla/4.0 (compatible; MSIE 6.0; Windows NT 5.1; SV1)"
70.171.183.146 - - [31/Aug/2016:10:31:38 -0500] "GET /~mcaito/index.html HTTP/1.1" 403 515 "-" "Mozilla/5.0 (Windows NT 10.0; WOW64; rv:47.0) Gecko/20100101 Firefox/47.0"
188.143.232.22 - - [31/Aug/2016:10:42:52 -0500] "GET /~jemoseman/project/cgi-bin/thread.cgi?thread_name=Theory%20of%20computation%20homework%20fun%20time HTTP/1.1" 200 1103046 "-" "Mozilla/4.0 (compatible; MSIE 6.0; Windows NT 5.1; SV1)"
180.76.15.141 - - [31/Aug/2016:11:12:39 -0500] "GET / HTTP/1.1" 200 7019 "-" "Mozilla/5.0 (compatible; Baiduspider/2.0; +http://www.baidu.com/search/spider.html)"
188.143.232.13 - - [31/Aug/2016:11:49:16 -0500] "GET /~jemoseman/project/index.html HTTP/1.1" 200 1657 "-" "Mozilla/4.0 (compatible; MSIE 6.0; Windows NT 5.1; SV1)"
10.8.66.102 - - [31/Aug/2016:12:06:27 -0500] "GET /~jmiranda/ HTTP/1.1" 200 2365 "-" "Mozilla/5.0 (Macintosh; Intel Mac OS X 10.10; rv:47.0) Gecko/20100101 Firefox/47.0"
157.55.39.119 - - [31/Aug/2016:12:25:25 -0500] "GET /~chedrick/electretmic.pdf HTTP/1.1" 404 518 "-" "Mozilla/5.0 (iPhone; CPU iPhone OS 7_0 like Mac OS X) AppleWebKit/537.51.1 (KHTML, like Gecko) Version/7.0 Mobile/11A465 Safari/9537.53 (compatible; bingbot/2.0; +http://www.bing.com/bingbot.htm)"
137.48.185.4 - - [31/Aug/2016:12:45:51 -0500] "GET /~hsiy/ HTTP/1.1" 200 470 "-" "Mozilla/5.0 (Windows NT 6.1; WOW64) AppleWebKit/537.36 (KHTML, like Gecko) Chrome/52.0.2743.116 Safari/537.36"
137.48.187.123 - - [31/Aug/2016:12:58:20 -0500] "GET /~kricke/1472666300+6578.php HTTP/1.1" 200 507 "-" "curl/7.22.0 (x86_64-pc-linux-gnu) libcurl/7.22.0 OpenSSL/1.0.1 zlib/1.2.3.4 libidn/1.23 librtmp/2.3"
188.143.232.10 - - [31/Aug/2016:13:14:48 -0500] "GET /~jemoseman/project/info.html HTTP/1.1" 200 1908 "-" "Mozilla/4.0 (compatible; MSIE 6.0; Windows NT 5.1; SV1)"
137.48.187.123 - - [31/Aug/2016:13:23:22 -0500] "GET /~zarmstrong/ HTTP/1.1" 200 1110 "-" "curl/7.22.0 (x86_64-pc-linux-gnu) libcurl/7.22.0 OpenSSL/1.0.1 zlib/1.2.3.4 libidn/1.23 librtmp/2.3"
188.143.232.22 - - [31/Aug/2016:13:44:48 -0500] "GET /~jemoseman/project/contact_info.html HTTP/1.1" 200 1740 "-" "Mozilla/4.0 (compatible; MSIE 6.0; Windows NT 5.1; SV1)"
137.48.177.78 - - [31/Aug/2016:13:53:46 -0500] "GET /~akuhlmann/index.html HTTP/1.1" 403 517 "-" "Mozilla/5.0 (Windows NT 6.1; WOW64) AppleWebKit/537.36 (KHTML, like Gecko) Chrome/52.0.2743.116 Safari/537.36"
137.48.187.123 - - [31/Aug/2016:14:02:09 -0500] "GET /~akuhlmann/ HTTP/1.1" 200 967 "-" "curl/7.22.0 (x86_64-pc-linux-gnu) libcurl/7.22.0 OpenSSL/1.0.1 zlib/1.2.3.4 libidn/1.23 librtmp/2.3"
137.48.187.123 - - [31/Aug/2016:14:12:15 -0500] "GET /~chussmann/ HTTP/1.1" 200 895 "-" "curl/7.22.0 (x86_64-pc-linux-gnu) libcurl/7.22.0 OpenSSL/1.0.1 zlib/1.2.3.4 libidn/1.23 librtmp/2.3"
188.143.232.14 - - [31/Aug/2016:14:26:37 -0500] "GET /~jemoseman/project/contact_info.html HTTP/1.1" 200 1740 "-" "Mozilla/4.0 (compatible; MSIE 6.0; Windows NT 5.1; SV1)"
69.248.136.204 - - [31/Aug/2016:14:36:23 -0500] "GET /apple-touch-icon.png HTTP/1.1" 404 1841 "-" "Safari/11601.4.4 CFNetwork/760.2.6 Darwin/15.3.0 (x86_64)"
188.143.232.10 - - [31/Aug/2016:14:49:34 -0500] "GET /~jemoseman/project/info.html HTTP/1.1" 200 1908 "-" "Mozilla/4.0 (compatible; MSIE 6.0; Windows NT 5.1; SV1)"
188.143.232.11 - - [31/Aug/2016:14:55:57 -0500] "GET /~jemoseman/project/info.html HTTP/1.1" 200 1908 "-" "Mozilla/4.0 (compatible; MSIE 6.0; Windows NT 5.1; SV1)"
188.143.232.19 - - [31/Aug/2016:15:18:13 -0500] "GET /~jemoseman/project/cgi-bin/thread.cgi?thread_name=Theory%20of%20computation%20homework%20fun%20time HTTP/1.1" 200 1120422 "-" "Mozilla/4.0 (compatible; MSIE 6.0; Windows NT 5.1; SV1)"
69.41.14.215 - - [31/Aug/2016:15:28:41 -0500] "GET /~jtrimm/project/images/basicmethodparityadj.png HTTP/1.1" 200 14382 "-" "Mozilla/5.0 (Windows; U; Windows NT 5.1; en-US; rv:1.9.0.1) Gecko/2008070208 Firefox/3.0.1"
188.143.232.43 - - [31/Aug/2016:15:39:22 -0500] "GET /~jemoseman/project/contact_info.html HTTP/1.1" 200 1740 "-" "Mozilla/4.0 (compatible; MSIE 6.0; Windows NT 5.1; SV1)"
24.197.157.165 - - [31/Aug/2016:15:59:12 -0500] "GET /~jtrimm/project/images/toplayercases.png HTTP/1.1" 200 8644 "https://www.google.com/" "Mozilla/5.0 (X11; CrOS x86_64 8350.68.0) AppleWebKit/537.36 (KHTML, like Gecko) Chrome/52.0.2743.116 Safari/537.36"
207.46.13.65 - - [31/Aug/2016:16:02:07 -0500] "GET /1300/examples/0712.html HTTP/1.1" 200 628 "-" "Mozilla/5.0 (compatible; bingbot/2.0; +http://www.bing.com/bingbot.htm)"
188.143.232.41 - - [31/Aug/2016:16:09:51 -0500] "GET /~jemoseman/project/info.html HTTP/1.1" 200 1908 "-" "Mozilla/4.0 (compatible; MSIE 6.0; Windows NT 5.1; SV1)"
188.143.232.10 - - [31/Aug/2016:16:35:07 -0500] "GET /~jemoseman/project/cgi-bin/thread.cgi?thread_name=Theory%20of%20computation%20homework%20fun%20time HTTP/1.1" 200 1052366 "-" "Mozilla/4.0 (compatible; MSIE 6.0; Windows NT 5.1; SV1)"
188.143.232.72 - - [31/Aug/2016:16:44:47 -0500] "GET /~jemoseman/project/cgi-bin/thread.cgi?thread_name=Theory%20of%20computation%20homework%20fun%20time HTTP/1.1" 200 1159518 "-" "Mozilla/4.0 (compatible; MSIE 6.0; Windows NT 5.1; SV1)"
65.113.252.218 - - [31/Aug/2016:16:55:28 -0500] "GET /favicon.ico HTTP/1.1" 200 1266 "-" "Mozilla/5.0 (Windows NT 10.0; WOW64; rv:48.0) Gecko/20100101 Firefox/48.0"
188.143.232.72 - - [31/Aug/2016:17:07:34 -0500] "GET /~jemoseman/project/info.html HTTP/1.1" 200 1908 "-" "Mozilla/4.0 (compatible; MSIE 6.0; Windows NT 5.1; SV1)"
128.30.52.134 - - [31/Aug/2016:17:16:38 -0500] "GET /~jblodgett/index.html HTTP/1.1" 200 709 "-" "W3C_Validator/1.3 http://validator.w3.org/services"
10.8.20.239 - - [31/Aug/2016:17:41:52 -0500] "GET /~jblodgett/index.html HTTP/1.1" 200 746 "-" "Mozilla/5.0 (Windows NT 10.0; WOW64) AppleWebKit/537.36 (KHTML, like Gecko) Chrome/52.0.2743.116 Safari/537.36"
188.143.232.13 - - [31/Aug/2016:18:01:29 -0500] "GET /~jemoseman/project/cgi-bin/forum.cgi HTTP/1.1" 200 2844 "-" "Mozilla/4.0 (compatible; MSIE 6.0; Windows NT 5.1; SV1)"
66.172.248.213 - - [31/Aug/2016:18:14:39 -0500] "GET /~wcarrier/index.html HTTP/1.1" 200 357 "-" "Mozilla/5.0 (Macintosh; Intel Mac OS X 10_11_6) AppleWebKit/537.36 (KHTML, like Gecko) Chrome/52.0.2743.116 Safari/537.36"
73.156.245.7 - - [31/Aug/2016:18:26:18 -0500] "GET /~jtrimm/project/ollpll.html HTTP/1.1" 200 4007 "https://www.google.com/" "Mozilla/5.0 (iPhone; CPU iPhone OS 9_3_2 like Mac OS X) AppleWebKit/601.1.46 (KHTML, like Gecko) Version/9.0 Mobile/13F69 Safari/601.1"
107.167.116.166 - - [31/Aug/2016:18:40:36 -0500] "GET /~ybautista/a1/ HTTP/1.1" 200 2261 "-" "Mozilla/5.0 (Windows NT 10.0; WOW64) AppleWebKit/537.36 (KHTML, like Gecko) Chrome/52.0.2743.82 Safari/537.36 OPR/39.0.2256.48"
188.143.232.72 - - [31/Aug/2016:19:00:57 -0500] "GET /~jemoseman/project/contact_info.html HTTP/1.1" 200 1740 "-" "Mozilla/4.0 (compatible; MSIE 6.0; Windows NT 5.1; SV1)"
137.48.187.123 - - [31/Aug/2016:19:27:26 -0500] "GET /~ztjorgensen/1472689646+6486.php HTTP/1.1" 200 522 "-" "curl/7.22.0 (x86_64-pc-linux-gnu) libcurl/7.22.0 OpenSSL/1.0.1 zlib/1.2.3.4 libidn/1.23 librtmp/2.3"
188.143.232.10 - - [31/Aug/2016:19:42:58 -0500] "GET /~jemoseman/project/cgi-bin/forum.cgi HTTP/1.1" 200 2844 "-" "Mozilla/4.0 (compatible; MSIE 6.0; Windows NT 5.1; SV1)"
188.143.232.19 - - [31/Aug/2016:20:02:34 -0500] "GET /~jemoseman/project/index.html HTTP/1.1" 200 1657 "-" "Mozilla/4.0 (compatible; MSIE 6.0; Windows NT 5.1; SV1)"
65.113.252.218 - - [31/Aug/2016:20:10:33 -0500] "GET /~tellenwood/index.html HTTP/1.1" 304 212 "-" "Mozilla/5.0 (Windows NT 10.0; Win64; x64) AppleWebKit/537.36 (KHTML, like Gecko) Chrome/46.0.2486.0 Safari/537.36 Edge/13.10586"
188.143.232.72 - - [31/Aug/2016:20:32:00 -0500] "GET /~jemoseman/project/info.html HTTP/1.1" 200 1908 "-" "Mozilla/4.0 (compatible; MSIE 6.0; Windows NT 5.1; SV1)"
188.143.232.22 - - [31/Aug/2016:20:56:25 -0500] "GET /~jemoseman/project/index.html HTTP/1.1" 200 1657 "-" "Mozilla/4.0 (compatible; MSIE 6.0; Windows NT 5.1; SV1)"
188.143.232.11 - - [31/Aug/2016:21:13:01 -0500] "GET /~jemoseman/project/FAQ.html HTTP/1.1" 200 1863 "-" "Mozilla/4.0 (compatible; MSIE 6.0; Windows NT 5.1; SV1)"
188.143.232.70 - - [31/Aug/2016:21:20:31 -0500] "GET /~jemoseman/project/index.html HTTP/1.1" 200 1657 "-" "Mozilla/4.0 (compatible; MSIE 6.0; Windows NT 5.1; SV1)"
188.143.232.15 - - [31/Aug/2016:21:41:02 -0500] "GET /~jemoseman/project/info.html HTTP/1.1" 200 1908 "-" "Mozilla/4.0 (compatible; MSIE 6.0; Windows NT 5.1; SV1)"
123.136.107.134 - - [31/Aug/2016:21:57:49 -0500] "GET /~jtrimm/project/4x4.html HTTP/1.1" 200 4559 "-" "Mozilla/5.0 (Linux; Android 4.4.4; Lenovo A816 Build/KTU84P) AppleWebKit/537.36 (KHTML, like Gecko) Version/4.0 Chrome/33.0.0.0 Mobile Safari/537.36"
188.143.232.34 - - [31/Aug/2016:22:26:02 -0500] "GET /~jemoseman/project/info.html HTTP/1.1" 200 1908 "-" "Mozilla/4.0 (compatible; MSIE 6.0; Windows NT 5.1; SV1)"
188.143.232.10 - - [31/Aug/2016:22:48:25 -0500] "GET /~jemoseman/project/index.html HTTP/1.1" 200 1657 "-" "Mozilla/4.0 (compatible; MSIE 6.0; Windows NT 5.1; SV1)"
188.143.232.72 - - [31/Aug/2016:23:11:23 -0500] "GET /~jemoseman/project/FAQ.html HTTP/1.1" 200 1863 "-" "Mozilla/4.0 (compatible; MSIE 6.0; Windows NT 5.1; SV1)"
188.143.232.22 - - [31/Aug/2016:23:36:57 -0500] "GET /~jemoseman/project/cgi-bin/thread.cgi?thread_name=Theory%20of%20computation%20homework%20fun%20time HTTP/1.1" 200 1140694 "-" "Mozilla/4.0 (compatible; MSIE 6.0; Windows NT 5.1; SV1)"
188.143.232.41 - - [01/Sep/2016:00:10:05 -0500] "GET /~jemoseman/project/contact_info.html HTTP/1.1" 200 1740 "-" "Mozilla/4.0 (compatible; MSIE 6.0; Windows NT 5.1; SV1)"
188.143.232.70 - - [01/Sep/2016:00:23:27 -0500] "GET /~jemoseman/project/FAQ.html HTTP/1.1" 200 1863 "-" "Mozilla/4.0 (compatible; MSIE 6.0; Windows NT 5.1; SV1)"
137.48.187.123 - - [01/Sep/2016:00:45:13 -0500] "GET /~psingh/1472708713+19060.cgi HTTP/1.1" 200 192 "-" "curl/7.22.0 (x86_64-pc-linux-gnu) libcurl/7.22.0 OpenSSL/1.0.1 zlib/1.2.3.4 libidn/1.23 librtmp/2.3"
188.143.232.34 - - [01/Sep/2016:01:02:24 -0500] "GET /~jemoseman/project/index.html HTTP/1.1" 200 1657 "-" "Mozilla/4.0 (compatible; MSIE 6.0; Windows NT 5.1; SV1)"
188.143.232.72 - - [01/Sep/2016:01:29:39 -0500] "GET /~jemoseman/project/index.html HTTP/1.1" 200 1657 "-" "Mozilla/4.0 (compatible; MSIE 6.0; Windows NT 5.1; SV1)"
203.177.208.139 - - [01/Sep/2016:01:54:34 -0500] "GET /~jtrimm/project/3x3.html HTTP/1.1" 200 5571 "https://www.google.com.ph/" "Mozilla/5.0 (Windows NT 6.1; WOW64) AppleWebKit/537.36 (KHTML, like Gecko) Chrome/52.0.2743.116 Safari/537.36"
117.222.68.160 - - [01/Sep/2016:02:18:45 -0500] "GET /~jtrimm/project/images/edgelineup.png HTTP/1.1" 200 14621 "-" "Mozilla/4.0 (compatible; MSIE 7.0; Windows NT 5.1; InfoPath.2; MSOffice 12)"
188.143.232.43 - - [01/Sep/2016:02:29:42 -0500] "GET /~jemoseman/project/cgi-bin/thread.cgi?thread_name=Theory%20of%20computation%20homework%20fun%20time HTTP/1.1" 200 1107862 "-" "Mozilla/4.0 (compatible; MSIE 6.0; Windows NT 5.1; SV1)"
188.143.232.41 - - [01/Sep/2016:03:20:45 -0500] "GET /~jemoseman/project/index.html HTTP/1.1" 200 1657 "-" "Mozilla/4.0 (compatible; MSIE 6.0; Windows NT 5.1; SV1)"
171.49.201.43 - - [01/Sep/2016:03:34:36 -0500] "GET /~jtrimm/project/images/toplayercases.png HTTP/1.1" 200 8644 "https://www.google.co.in/" "Mozilla/5.0 (Windows NT 6.1) AppleWebKit/537.36 (KHTML, like Gecko) Chrome/52.0.2743.116 Safari/537.36"
188.143.232.21 - - [01/Sep/2016:03:53:19 -0500] "GET /~jemoseman/project/info.html HTTP/1.1" 200 1908 "-" "Mozilla/4.0 (compatible; MSIE 6.0; Windows NT 5.1; SV1)"
66.249.69.63 - - [01/Sep/2016:04:30:40 -0500] "GET /2850-1-vanilla/09b.cgi HTTP/1.1" 404 520 "-" "Mozilla/5.0 (compatible; Googlebot/2.1; +http://www.google.com/bot.html)"
188.143.232.72 - - [01/Sep/2016:04:57:22 -0500] "GET /~jemoseman/project/cgi-bin/forum.cgi HTTP/1.1" 200 2844 "-" "Mozilla/4.0 (compatible; MSIE 6.0; Windows NT 5.1; SV1)"
188.143.232.72 - - [01/Sep/2016:05:20:11 -0500] "GET /~jemoseman/project/index.html HTTP/1.1" 200 1657 "-" "Mozilla/4.0 (compatible; MSIE 6.0; Windows NT 5.1; SV1)"
188.143.232.16 - - [01/Sep/2016:05:50:01 -0500] "GET /~jemoseman/project/contact_info.html HTTP/1.1" 200 1740 "-" "Mozilla/4.0 (compatible; MSIE 6.0; Windows NT 5.1; SV1)"
188.143.232.13 - - [01/Sep/2016:06:29:13 -0500] "GET /~jemoseman/project/FAQ.html HTTP/1.1" 200 1863 "-" "Mozilla/4.0 (compatible; MSIE 6.0; Windows NT 5.1; SV1)"
188.143.232.24 - - [01/Sep/2016:06:49:43 -0500] "GET /~jemoseman/project/cgi-bin/thread.cgi?thread_name=Theory%20of%20computation%20homework%20fun%20time HTTP/1.1" 200 1092910 "-" "Mozilla/4.0 (compatible; MSIE 6.0; Windows NT 5.1; SV1)"
180.76.15.23 - - [01/Sep/2016:07:13:17 -0500] "GET / HTTP/1.1" 200 7019 "-" "Mozilla/5.0 (compatible; Baiduspider/2.0; +http://www.baidu.com/search/spider.html)"
188.143.232.72 - - [01/Sep/2016:07:37:43 -0500] "GET /~jemoseman/project/index.html HTTP/1.1" 200 1657 "-" "Mozilla/4.0 (compatible; MSIE 6.0; Windows NT 5.1; SV1)"
188.143.232.13 - - [01/Sep/2016:08:02:37 -0500] "GET /~jemoseman/project/cgi-bin/forum.cgi HTTP/1.1" 200 2844 "-" "Mozilla/4.0 (compatible; MSIE 6.0; Windows NT 5.1; SV1)"
188.143.232.10 - - [01/Sep/2016:08:18:18 -0500] "GET /~jemoseman/project/FAQ.html HTTP/1.1" 200 1863 "-" "Mozilla/4.0 (compatible; MSIE 6.0; Windows NT 5.1; SV1)"
67.221.113.227 - - [01/Sep/2016:08:43:34 -0500] "GET /~jtrimm/project/4x4.html HTTP/1.1" 200 4559 "https://www.google.com/" "Mozilla/5.0 (X11; CrOS x86_64 7978.74.0) AppleWebKit/537.36 (KHTML, like Gecko) Chrome/50.0.2661.103 Safari/537.36"
86.6.41.102 - - [01/Sep/2016:09:09:57 -0500] "GET /favicon.ico HTTP/1.1" 200 1267 "-" "Mozilla/5.0 (Windows NT 10.0; Win64; x64) AppleWebKit/537.36 (KHTML, like Gecko) Chrome/46.0.2486.0 Safari/537.36 Edge/13.10586"
188.143.232.13 - - [01/Sep/2016:09:37:04 -0500] "GET /~jemoseman/project/FAQ.html HTTP/1.1" 200 1863 "-" "Mozilla/4.0 (compatible; MSIE 6.0; Windows NT 5.1; SV1)"
