88.222.25.164 - - [17/Sep/2016:06:29:30 -0500] "GET /favicon.ico HTTP/1.1" 200 1267 "-" "Mozilla/5.0 (Windows NT 6.1; WOW64; rv:48.0) Gecko/20100101 Firefox/48.0"
66.102.9.151 - - [17/Sep/2016:12:52:15 -0500] "GET /favicon.ico HTTP/1.1" 200 1267 "-" "Mozilla/5.0 (X11; Linux x86_64) AppleWebKit/537.36 (KHTML, like Gecko) Chrome/49.0.2623.75 Safari/537.36 Google Favicon"
76.125.210.137 - - [17/Sep/2016:17:20:41 -0500] "GET /~jtrimm/project/4x4.html HTTP/1.1" 200 4559 "-" "Mozilla/5.0 (iPhone; CPU iPhone OS 10_0 like Mac OS X) AppleWebKit/602.1.50 (KHTML, like Gecko) Version/10.0 Mobile/14A346 Safari/602.1"
1.39.46.143 - - [18/Sep/2016:01:04:19 -0500] "GET /~jtrimm/project/images/secondcross.png HTTP/1.1" 200 2224 "http://www.google.co.in/search?q=how+to+solve+rubik+cube+3x3+formula+in+8+steps+first+plus+&gws_rd=cr&ei=Vy7eV8zyBMTIvgTqiYqwAw" "Mozilla/5.0 (MeeGo; NokiaN9) AppleWebKit/534.13 (KHTML, like Gecko) NokiaBrowser/8.5.0 Mobile Safari/534.13"
188.143.232.15 - - [04/Sep/2016:08:03:06 -0500] "GET /~jemoseman/project/FAQ.html HTTP/1.1" 200 1863 "-" "Mozilla/4.0 (compatible; MSIE 6.0; Windows NT 5.1; SV1)"
188.143.232.14 - - [04/Sep/2016:09:45:11 -0500] "GET /~jemoseman/project/cgi-bin/thread.cgi?thread_name=Theory%20of%20computation%20homework%20fun%20time HTTP/1.1" 200 1075534 "-" "Mozilla/4.0 (compatible; MSIE 6.0; Windows NT 5.1; SV1)"
188.143.232.16 - - [04/Sep/2016:11:53:02 -0500] "GET /~jemoseman/project/info.html HTTP/1.1" 200 1908 "-" "Mozilla/4.0 (compatible; MSIE 6.0; Windows NT 5.1; SV1)"
128.30.52.70 - - [04/Sep/2016:13:30:16 -0500] "GET /~rickyflores/ HTTP/1.1" 200 592 "-" "Validator.nu/LV http://validator.w3.org/services"
69.248.136.204 - - [04/Sep/2016:15:03:55 -0500] "GET /apple-touch-icon.png HTTP/1.1" 404 1841 "-" "Safari/11601.4.4 CFNetwork/760.2.6 Darwin/15.3.0 (x86_64)"
188.143.232.35 - - [04/Sep/2016:17:05:29 -0500] "GET /~jemoseman/project/cgi-bin/forum.cgi HTTP/1.1" 200 2844 "-" "Mozilla/4.0 (compatible; MSIE 6.0; Windows NT 5.1; SV1)"
137.48.187.123 - - [04/Sep/2016:19:08:36 -0500] "GET /~fatuluku/1473034116+13738.php HTTP/1.1" 200 575 "-" "curl/7.22.0 (x86_64-pc-linux-gnu) libcurl/7.22.0 OpenSSL/1.0.1 zlib/1.2.3.4 libidn/1.23 librtmp/2.3"
188.143.232.70 - - [04/Sep/2016:20:56:05 -0500] "GET /~jemoseman/project/cgi-bin/thread.cgi?thread_name=Theory%20of%20computation%20homework%20fun%20time HTTP/1.1" 200 1101598 "-" "Mozilla/4.0 (compatible; MSIE 6.0; Windows NT 5.1; SV1)"
27.0.5.37 - - [04/Sep/2016:22:42:14 -0500] "GET /~jtrimm/project/3x3.html HTTP/1.1" 200 5534 "https://www.bing.com/" "Mozilla/5.0 (Windows NT 6.1; WOW64; Trident/7.0; rv:11.0) like Gecko"
188.143.232.26 - - [05/Sep/2016:01:07:13 -0500] "GET /~jemoseman/project/index.html HTTP/1.1" 200 1657 "-" "Mozilla/4.0 (compatible; MSIE 6.0; Windows NT 5.1; SV1)"
174.198.0.10 - - [05/Sep/2016:02:45:14 -0500] "GET /~jtrimm/project/3x3.html HTTP/1.1" 200 5571 "https://www.google.com/" "Mozilla/5.0 (iPhone; CPU iPhone OS 9_3_5 like Mac OS X) AppleWebKit/601.1.46 (KHTML, like Gecko) Version/9.0 Mobile/13G36 Safari/601.1"
185.16.181.248 - - [05/Sep/2016:05:20:08 -0500] "GET /~jtrimm/project/4x4.html HTTP/1.1" 200 4559 "https://www.google.cz/" "Mozilla/5.0 (Windows NT 6.1; WOW64) AppleWebKit/537.36 (KHTML, like Gecko) Chrome/43.0.2357.65 Safari/537.36"
188.143.232.16 - - [05/Sep/2016:07:59:06 -0500] "GET /~jemoseman/project/FAQ.html HTTP/1.1" 200 1863 "-" "Mozilla/4.0 (compatible; MSIE 6.0; Windows NT 5.1; SV1)"
188.143.232.21 - - [05/Sep/2016:10:53:59 -0500] "GET /~jemoseman/project/index.html HTTP/1.1" 200 1657 "-" "Mozilla/4.0 (compatible; MSIE 6.0; Windows NT 5.1; SV1)"
188.143.232.37 - - [05/Sep/2016:13:05:37 -0500] "GET /~jemoseman/project/cgi-bin/thread.cgi?thread_name=Theory%20of%20computation%20homework%20fun%20time HTTP/1.1" 200 1076006 "-" "Mozilla/4.0 (compatible; MSIE 6.0; Windows NT 5.1; SV1)"
188.143.232.35 - - [05/Sep/2016:14:58:39 -0500] "GET /~jemoseman/project/info.html HTTP/1.1" 200 1908 "-" "Mozilla/4.0 (compatible; MSIE 6.0; Windows NT 5.1; SV1)"
212.47.239.122 - - [05/Sep/2016:16:06:51 -0500] "GET /favicon.ico HTTP/1.1" 200 1266 "-" "Mozilla/5.0 (X11; Linux x86_64; rv:33.0) Gecko/20100101 Firefox/33.0"
188.143.232.16 - - [05/Sep/2016:16:53:52 -0500] "GET /~jemoseman/project/FAQ.html HTTP/1.1" 200 1863 "-" "Mozilla/4.0 (compatible; MSIE 6.0; Windows NT 5.1; SV1)"
188.143.232.13 - - [05/Sep/2016:18:12:23 -0500] "GET /~jemoseman/project/cgi-bin/forum.cgi HTTP/1.1" 200 2844 "-" "Mozilla/4.0 (compatible; MSIE 6.0; Windows NT 5.1; SV1)"
188.143.232.34 - - [05/Sep/2016:19:35:29 -0500] "GET /~jemoseman/project/cgi-bin/thread.cgi?thread_name=Theory%20of%20computation%20homework%20fun%20time HTTP/1.1" 200 1212118 "-" "Mozilla/4.0 (compatible; MSIE 6.0; Windows NT 5.1; SV1)"
188.143.232.11 - - [05/Sep/2016:20:37:02 -0500] "GET /~jemoseman/project/contact_info.html HTTP/1.1" 200 1740 "-" "Mozilla/4.0 (compatible; MSIE 6.0; Windows NT 5.1; SV1)"
188.143.232.13 - - [05/Sep/2016:21:43:13 -0500] "GET /~jemoseman/project/contact_info.html HTTP/1.1" 200 1740 "-" "Mozilla/4.0 (compatible; MSIE 6.0; Windows NT 5.1; SV1)"
188.143.232.21 - - [05/Sep/2016:22:41:41 -0500] "GET /~jemoseman/project/index.html HTTP/1.1" 200 1657 "-" "Mozilla/4.0 (compatible; MSIE 6.0; Windows NT 5.1; SV1)"
64.39.103.232 - - [05/Sep/2016:23:17:18 -0500] "rndmmtd /css/custom.css HTTP/1.1" 400 517 "-" "-"
64.39.103.232 - - [05/Sep/2016:23:19:07 -0500] "GET /phpAdsNew/view.inc.php HTTP/1.0" 404 4836 "-" "-"
64.39.103.232 - - [05/Sep/2016:23:19:45 -0500] "GET /minibb-1.2/ HTTP/1.1" 500 180 "-" "-"
64.39.103.232 - - [05/Sep/2016:23:20:19 -0500] "GET /mnogosearch/ HTTP/1.1" 500 180 "-" "-"
64.39.103.232 - - [05/Sep/2016:23:20:44 -0500] "GET /Subdreamer/ HTTP/1.1" 500 180 "-" "-"
64.39.103.232 - - [05/Sep/2016:23:20:59 -0500] "GET /q79w_38jg__.shtml HTTP/1.0" 404 3649 "-" "-"
64.39.103.232 - - [05/Sep/2016:23:21:23 -0500] "GET /snitzforum/ HTTP/1.1" 500 180 "-" "-"
64.39.103.232 - - [05/Sep/2016:23:22:41 -0500] "GET /w3-msql HTTP/1.1" 404 4778 "-" "-"
104.192.0.20 - - [06/Sep/2016:00:36:24 -0500] "GET / HTTP/1.0" 200 6978 "-" "masscan/1.0 (https://github.com/robertdavidgraham/masscan)"
188.143.232.72 - - [06/Sep/2016:01:38:31 -0500] "GET /~jemoseman/project/cgi-bin/forum.cgi HTTP/1.1" 200 2969 "-" "Mozilla/4.0 (compatible; MSIE 6.0; Windows NT 5.1; SV1)"
188.143.232.34 - - [06/Sep/2016:02:50:50 -0500] "GET /~jemoseman/project/index.html HTTP/1.1" 200 1657 "-" "Mozilla/4.0 (compatible; MSIE 6.0; Windows NT 5.1; SV1)"
188.143.232.11 - - [06/Sep/2016:03:55:01 -0500] "GET /~jemoseman/project/index.html HTTP/1.1" 200 1657 "-" "Mozilla/4.0 (compatible; MSIE 6.0; Windows NT 5.1; SV1)"
188.143.232.41 - - [06/Sep/2016:05:05:22 -0500] "GET /~jemoseman/project/info.html HTTP/1.1" 200 1908 "-" "Mozilla/4.0 (compatible; MSIE 6.0; Windows NT 5.1; SV1)"
188.143.232.37 - - [06/Sep/2016:06:17:32 -0500] "GET /~jemoseman/project/index.html HTTP/1.1" 200 1657 "-" "Mozilla/4.0 (compatible; MSIE 6.0; Windows NT 5.1; SV1)"
188.143.232.70 - - [06/Sep/2016:07:27:28 -0500] "GET /~jemoseman/project/info.html HTTP/1.1" 200 1908 "-" "Mozilla/4.0 (compatible; MSIE 6.0; Windows NT 5.1; SV1)"
188.143.232.11 - - [06/Sep/2016:08:26:29 -0500] "GET /~jemoseman/project/info.html HTTP/1.1" 200 1908 "-" "Mozilla/4.0 (compatible; MSIE 6.0; Windows NT 5.1; SV1)"
188.143.232.15 - - [06/Sep/2016:09:38:11 -0500] "GET /~jemoseman/project/cgi-bin/thread.cgi?thread_name=Theory%20of%20computation%20homework%20fun%20time HTTP/1.1" 200 1152278 "-" "Mozilla/4.0 (compatible; MSIE 6.0; Windows NT 5.1; SV1)"
188.143.232.14 - - [06/Sep/2016:10:27:21 -0500] "GET /~jemoseman/project/cgi-bin/thread.cgi?thread_name=Theory%20of%20computation%20homework%20fun%20time HTTP/1.1" 200 1202958 "-" "Mozilla/4.0 (compatible; MSIE 6.0; Windows NT 5.1; SV1)"
137.48.187.123 - - [06/Sep/2016:11:18:02 -0500] "GET /~jabloomquist/ HTTP/1.1" 200 1114 "-" "curl/7.22.0 (x86_64-pc-linux-gnu) libcurl/7.22.0 OpenSSL/1.0.1 zlib/1.2.3.4 libidn/1.23 librtmp/2.3"
68.99.19.121 - - [06/Sep/2016:13:38:03 -0500] "GET /~cratzburg/secondpage.html HTTP/1.1" 200 806 "-" "Mozilla/5.0 (Macintosh; Intel Mac OS X 10_7_5) AppleWebKit/537.36 (KHTML, like Gecko) Chrome/49.0.2623.112 Safari/537.36"
12.111.103.180 - - [06/Sep/2016:15:58:18 -0500] "GET /~jtrimm/project/4x4.html HTTP/1.1" 200 4559 "https://www.google.com/" "Mozilla/5.0 (Windows NT 6.1; Win64; x64) AppleWebKit/537.36 (KHTML, like Gecko) Chrome/52.0.2743.116 Safari/537.36"
128.30.52.96 - - [06/Sep/2016:20:27:45 -0500] "GET /~kbavitz/a2/ HTTP/1.1" 200 2238 "-" "Validator.nu/LV http://validator.w3.org/services"
37.25.87.212 - - [07/Sep/2016:02:20:03 -0500] "GET /favicon.ico HTTP/1.1" 200 1267 "-" "Mozilla/5.0 (Windows Phone 10.0; Android 6.0.1; Microsoft; Lumia 535) AppleWebKit/537.36 (KHTML, like Gecko) Chrome/51.0.2704.79 Mobile Safari/537.36 Edge/14.14393"
204.234.102.48 - - [07/Sep/2016:09:47:27 -0500] "GET /apple-touch-icon.png HTTP/1.1" 404 1841 "-" "com.apple.WebKit.WebContent/10600.7.12 CFNetwork/720.4.4 Darwin/14.4.0 (x86_64)"
10.12.5.67 - - [07/Sep/2016:13:45:25 -0500] "GET /~jhammond/index.html HTTP/1.1" 200 783 "-" "Mozilla/5.0 (Windows NT 6.3; WOW64) AppleWebKit/537.36 (KHTML, like Gecko) Chrome/53.0.2785.89 Safari/537.36"
72.203.80.227 - - [07/Sep/2016:18:24:25 -0500] "GET /~jtrimm/project/4x4.html HTTP/1.1" 200 4559 "https://www.google.com/" "Mozilla/5.0 (iPhone; CPU iPhone OS 9_3_5 like Mac OS X) AppleWebKit/601.1.46 (KHTML, like Gecko) Version/9.0 Mobile/13G36 Safari/601.1"
173.46.226.187 - - [07/Sep/2016:20:53:03 -0500] "GET /~hperry/secondpage.html HTTP/1.1" 404 515 "-" "Mozilla/5.0 (Windows NT 10.0; Win64; x64) AppleWebKit/537.36 (KHTML, like Gecko) Chrome/52.0.2743.116 Safari/537.36"
70.171.183.146 - - [08/Sep/2016:00:08:18 -0500] "GET /~mcaito/secondpage.html HTTP/1.1" 200 1929 "-" "Mozilla/5.0 (Windows NT 10.0; WOW64; rv:48.0) Gecko/20100101 Firefox/48.0"
112.198.68.182 - - [08/Sep/2016:08:05:26 -0500] "GET /~jtrimm/project/4x4.html HTTP/1.1" 200 4559 "http://www.google.com.ph/search?client=ms-android-kt-kr&biw=400&bih=348&site=webhp&ei=gV3RV_XoGYG-0ATw-JqQCA&q=4x4+rubiks+cube+terminology&oq=4x4+rubiks+cube+terminology&gs_l=mobile-gws-serp.3..0i13k1.18553.37829.0.38751.36.32.4.6.6.0.859.13694.3-1j15j9j2.27.0....0...1.1.64.mobile-gws-serp..9.27.9045.3..41j0i67k1j0i8i13i30k1j0i10k1j0i22i10i30k1j0i22i30k1.6NGAg4KJO5U" "Mozilla/5.0 (Linux; U; Android 4.1.2; en-gb; SHV-E160K/KKJNE4 Build/JZO54K) AppleWebKit/534.30 (KHTML, like Gecko) Version/4.0 Mobile Safari/534.30"
85.102.79.208 - - [08/Sep/2016:11:33:00 -0500] "GET /~jtrimm/project/images/corneralgcases.png HTTP/1.1" 200 11975 "https://www.google.com.tr/" "Mozilla/5.0 (Windows NT 6.1; Win64; x64) AppleWebKit/537.36 (KHTML, like Gecko) Chrome/52.0.2743.116 Safari/537.36"
128.30.52.96 - - [08/Sep/2016:13:48:06 -0500] "GET /~emostek/secondpage.html HTTP/1.1" 200 921 "-" "Validator.nu/LV http://validator.w3.org/services"
137.48.185.18 - - [08/Sep/2016:14:25:47 -0500] "GET /~twjorgensen/a3/pagetwo HTTP/1.1" 304 267 "-" "Mozilla/5.0 (Windows NT 6.1; WOW64) AppleWebKit/537.36 (KHTML, like Gecko) Chrome/36.0.1985.125 Safari/537.36"
180.76.15.151 - - [08/Sep/2016:16:13:56 -0500] "GET / HTTP/1.1" 200 7019 "-" "Mozilla/5.0 (compatible; Baiduspider/2.0; +http://www.baidu.com/search/spider.html)"
73.186.213.247 - - [08/Sep/2016:19:32:44 -0500] "GET /~jtrimm/project/4x4.html HTTP/1.1" 200 4559 "https://www.google.com/" "Mozilla/5.0 (Macintosh; Intel Mac OS X 10_11_4) AppleWebKit/601.5.17 (KHTML, like Gecko) Version/9.1 Safari/601.5.17"
128.30.52.96 - - [08/Sep/2016:21:53:08 -0500] "GET /~gbautista/a2/ HTTP/1.1" 200 2699 "-" "W3C_Validator/1.3 http://validator.w3.org/services"
128.30.52.71 - - [08/Sep/2016:23:50:03 -0500] "GET /~eholland/a14/ HTTP/1.1" 200 1252 "-" "W3C_Validator/1.3 http://validator.w3.org/services"
66.102.9.147 - - [09/Sep/2016:05:55:59 -0500] "GET /favicon.ico HTTP/1.1" 200 1266 "-" "Mozilla/5.0 (X11; Linux x86_64) AppleWebKit/537.36 (KHTML, like Gecko) Chrome/49.0.2623.75 Safari/537.36 Google Favicon"
98.23.163.11 - - [09/Sep/2016:11:34:09 -0500] "GET /~robertjanderson/Missy/ HTTP/1.1" 304 212 "-" "Mozilla/5.0 (Windows NT 10.0; Win64; x64) AppleWebKit/537.36 (KHTML, like Gecko) Chrome/52.0.2743.116 Safari/537.36"
174.74.41.181 - - [09/Sep/2016:14:13:24 -0500] "GET /~skoontz/a3/pagetwo.html HTTP/1.1" 200 1466 "-" "Mozilla/5.0 (Macintosh; Intel Mac OS X 10_11_3) AppleWebKit/537.36 (KHTML, like Gecko) Chrome/52.0.2743.116 Safari/537.36"
98.164.239.198 - - [09/Sep/2016:17:24:59 -0500] "GET /~jtrimm/project/images/turnnotation.png HTTP/1.1" 200 13500 "https://www.google.com/" "Mozilla/5.0 (Windows NT 10.0; WOW64) AppleWebKit/537.36 (KHTML, like Gecko) Chrome/52.0.2743.116 Safari/537.36"
98.23.163.21 - - [09/Sep/2016:20:52:49 -0500] "GET /~bchawla/a3/pagetwo.html HTTP/1.1" 200 1667 "-" "Mozilla/5.0 (Macintosh; Intel Mac OS X 10_11_2) AppleWebKit/537.36 (KHTML, like Gecko) Chrome/52.0.2743.116 Safari/537.36"
66.102.6.19 - - [10/Sep/2016:00:01:11 -0500] "GET /~jtrimm/project/ollpll.html HTTP/1.1" 200 4007 "http://www.google.co.in/search?site=&oq=how+many+alhoruthm+are+in+2look+oll&aqs=mobile-gws-lite..&q=how+many+alhoruthm+are+in+2look+oll" "Mozilla/5.0 (Linux; Android 4.2.1; en-us; Nexus 5 Build/JOP40D) AppleWebKit/535.19 (KHTML, like Gecko; googleweblight) Chrome/38.0.1025.166 Mobile Safari/535.19"
1.39.62.42 - - [10/Sep/2016:11:01:31 -0500] "GET /~jtrimm/project/ollpll.html HTTP/1.1" 200 4007 "-" "WhatsApp/2.16.133 A"
66.249.73.171 - - [10/Sep/2016:18:39:18 -0500] "GET /~jtrimm/project/ollpll.html HTTP/1.1" 200 4007 "-" "SAMSUNG-SGH-E250/1.0 Profile/MIDP-2.0 Configuration/CLDC-1.1 UP.Browser/6.2.3.3.c.1.101 (GUI) MMP/2.0 (compatible; Googlebot-Mobile/2.1; +http://www.google.com/bot.html)"
46.119.127.129 - - [11/Sep/2016:04:05:38 -0500] "GET /wp/ HTTP/1.1" 500 180 "-" "Mozilla/5.0 (Windows NT 10.0; WOW64) AppleWebKit/537.36 (KHTML, like Gecko) Chrome/49.0.2623.75 Safari/537.36 OPR/36.0.2130.32"
188.143.232.43 - - [28/Aug/2016:09:54:50 -0500] "GET /~jemoseman/project/cgi-bin/thread.cgi?thread_name=Theory%20of%20computation%20homework%20fun%20time HTTP/1.1" 200 1032094 "-" "Mozilla/4.0 (compatible; MSIE 6.0; Windows NT 5.1; SV1)"
188.143.232.70 - - [28/Aug/2016:13:21:23 -0500] "GET /~jemoseman/project/cgi-bin/forum.cgi HTTP/1.1" 200 2844 "-" "Mozilla/4.0 (compatible; MSIE 6.0; Windows NT 5.1; SV1)"
188.143.232.72 - - [28/Aug/2016:17:00:18 -0500] "GET /~jemoseman/project/cgi-bin/thread.cgi?thread_name=Theory%20of%20computation%20homework%20fun%20time HTTP/1.1" 200 1207302 "-" "Mozilla/4.0 (compatible; MSIE 6.0; Windows NT 5.1; SV1)"
188.143.232.24 - - [28/Aug/2016:20:18:30 -0500] "GET /~jemoseman/project/FAQ.html HTTP/1.1" 200 1863 "-" "Mozilla/4.0 (compatible; MSIE 6.0; Windows NT 5.1; SV1)"
188.143.232.21 - - [28/Aug/2016:23:45:57 -0500] "GET /~jemoseman/project/cgi-bin/forum.cgi HTTP/1.1" 200 2844 "-" "Mozilla/4.0 (compatible; MSIE 6.0; Windows NT 5.1; SV1)"
188.143.232.34 - - [29/Aug/2016:03:56:47 -0500] "GET /~jemoseman/project/cgi-bin/thread.cgi?thread_name=Theory%20of%20computation%20homework%20fun%20time HTTP/1.1" 200 1101598 "-" "Mozilla/4.0 (compatible; MSIE 6.0; Windows NT 5.1; SV1)"
188.143.232.26 - - [29/Aug/2016:06:42:48 -0500] "GET /~jemoseman/project/contact_info.html HTTP/1.1" 200 1740 "-" "Mozilla/4.0 (compatible; MSIE 6.0; Windows NT 5.1; SV1)"
188.143.232.13 - - [29/Aug/2016:08:22:33 -0500] "GET /~jemoseman/project/cgi-bin/forum.cgi HTTP/1.1" 200 2844 "-" "Mozilla/4.0 (compatible; MSIE 6.0; Windows NT 5.1; SV1)"
49.149.13.87 - - [29/Aug/2016:09:21:48 -0500] "GET /~jtrimm/project/ollpll.html HTTP/1.1" 200 4007 "android-app://com.google.android.googlequicksearchbox" "Mozilla/5.0 (Linux; Android 5.0; SM-N9005 Build/LRX21V) AppleWebKit/537.36 (KHTML, like Gecko) Chrome/52.0.2743.98 Mobile Safari/537.36"
188.143.232.14 - - [29/Aug/2016:10:39:06 -0500] "GET /~jemoseman/project/contact_info.html HTTP/1.1" 200 1740 "-" "Mozilla/4.0 (compatible; MSIE 6.0; Windows NT 5.1; SV1)"
8.37.232.74 - - [29/Aug/2016:11:47:33 -0500] "GET /~jtrimm/project/4x4.html HTTP/1.1" 304 212 "https://www.google.com/m?q=tutorial+rubik+4x4" "Mozilla/5.0 (Linux; U; Android 4.4.4; en-US; HM 1S Build/KTU84P) AppleWebKit/534.30 (KHTML, like Gecko) Version/4.0 UCBrowser/10.10.8.820 U3/0.8.0 Mobile Safari/534.30"
66.220.156.99 - - [29/Aug/2016:12:51:53 -0500] "GET /~africkel/project/index.html HTTP/1.1" 304 175 "-" "facebookexternalhit/1.1 (+http://www.facebook.com/externalhit_uatext.php)"
188.143.232.11 - - [29/Aug/2016:14:00:21 -0500] "GET /~jemoseman/project/contact_info.html HTTP/1.1" 200 1740 "-" "Mozilla/4.0 (compatible; MSIE 6.0; Windows NT 5.1; SV1)"
188.143.232.26 - - [29/Aug/2016:15:03:03 -0500] "GET /~jemoseman/project/FAQ.html HTTP/1.1" 200 1863 "-" "Mozilla/4.0 (compatible; MSIE 6.0; Windows NT 5.1; SV1)"
207.46.13.141 - - [29/Aug/2016:16:06:54 -0500] "GET /1300/?l=7 HTTP/1.1" 200 1470 "-" "Mozilla/5.0 (compatible; bingbot/2.0; +http://www.bing.com/bingbot.htm)"
188.143.232.13 - - [29/Aug/2016:16:59:05 -0500] "GET /~jemoseman/project/info.html HTTP/1.1" 200 1908 "-" "Mozilla/4.0 (compatible; MSIE 6.0; Windows NT 5.1; SV1)"
188.143.232.72 - - [29/Aug/2016:18:08:19 -0500] "GET /~jemoseman/project/cgi-bin/forum.cgi HTTP/1.1" 200 2844 "-" "Mozilla/4.0 (compatible; MSIE 6.0; Windows NT 5.1; SV1)"
188.143.232.10 - - [29/Aug/2016:19:03:36 -0500] "GET /~jemoseman/project/contact_info.html HTTP/1.1" 200 1740 "-" "Mozilla/4.0 (compatible; MSIE 6.0; Windows NT 5.1; SV1)"
137.48.187.123 - - [29/Aug/2016:19:58:33 -0500] "GET /~gbautista/1472518713+12204.php HTTP/1.1" 200 579 "-" "curl/7.22.0 (x86_64-pc-linux-gnu) libcurl/7.22.0 OpenSSL/1.0.1 zlib/1.2.3.4 libidn/1.23 librtmp/2.3"
188.143.232.41 - - [29/Aug/2016:20:53:57 -0500] "GET /~jemoseman/project/FAQ.html HTTP/1.1" 200 1863 "-" "Mozilla/4.0 (compatible; MSIE 6.0; Windows NT 5.1; SV1)"
188.143.232.10 - - [29/Aug/2016:21:47:36 -0500] "GET /~jemoseman/project/FAQ.html HTTP/1.1" 200 1863 "-" "Mozilla/4.0 (compatible; MSIE 6.0; Windows NT 5.1; SV1)"
188.143.232.62 - - [29/Aug/2016:22:44:24 -0500] "GET /~jemoseman/project/contact_info.html HTTP/1.1" 200 1740 "-" "Mozilla/4.0 (compatible; MSIE 6.0; Windows NT 5.1; SV1)"
188.143.232.37 - - [29/Aug/2016:23:45:36 -0500] "GET /~jemoseman/project/info.html HTTP/1.1" 200 1908 "-" "Mozilla/4.0 (compatible; MSIE 6.0; Windows NT 5.1; SV1)"
188.143.232.16 - - [30/Aug/2016:00:47:11 -0500] "GET /~jemoseman/project/info.html HTTP/1.1" 200 1908 "-" "Mozilla/4.0 (compatible; MSIE 6.0; Windows NT 5.1; SV1)"
66.249.80.89 - - [30/Aug/2016:01:42:28 -0500] "GET /favicon.ico HTTP/1.1" 200 1266 "-" "Mozilla/5.0 (X11; Linux x86_64) AppleWebKit/537.36 (KHTML, like Gecko) Chrome/49.0.2623.75 Safari/537.36 Google Favicon"
188.143.232.19 - - [30/Aug/2016:02:52:00 -0500] "GET /~jemoseman/project/info.html HTTP/1.1" 200 1908 "-" "Mozilla/4.0 (compatible; MSIE 6.0; Windows NT 5.1; SV1)"
137.48.0.100 - - [30/Aug/2016:03:22:55 -0500] "HEAD /css/custom.css HTTP/1.1" 400 0 "-" "-"
137.48.0.100 - - [30/Aug/2016:03:24:28 -0500] "GET /OpenDocMan/ HTTP/1.1" 500 180 "-" "-"
137.48.0.100 - - [30/Aug/2016:03:25:06 -0500] "GET /livredor/ HTTP/1.1" 500 180 "-" "-"
137.48.0.100 - - [30/Aug/2016:03:25:49 -0500] "GET /php-webshop-manager/ HTTP/1.1" 500 180 "-" "-"
137.48.0.100 - - [30/Aug/2016:03:26:12 -0500] "GET /libraries/htmleditor/ HTTP/1.1" 500 180 "-" "-"
137.48.0.100 - - [30/Aug/2016:03:26:28 -0500] "GET /includes/sifr/js/ HTTP/1.1" 500 180 "-" "-"
137.48.0.100 - - [30/Aug/2016:03:26:44 -0500] "GET /myGesuad14x/ HTTP/1.1" 500 180 "-" "-"
137.48.0.100 - - [30/Aug/2016:03:28:47 -0500] "GET /axs.cgi HTTP/1.1" 404 4778 "-" "-"
137.48.0.100 - - [30/Aug/2016:03:40:03 -0500] "GET /report4.nsf HTTP/1.1" 404 4814 "-" "-"
137.48.0.100 - - [30/Aug/2016:03:51:33 -0500] "GET /awstats.pl?debug=1 HTTP/1.1" 404 3669 "-" "-"
137.48.0.100 - - [30/Aug/2016:04:05:42 -0500] "GET /recipe/unlg1.1 HTTP/1.1" 404 3701 "-" "-"
137.48.0.100 - - [30/Aug/2016:04:10:57 -0500] "POST /recipe/form-totaller.cgi HTTP/1.1" 404 4931 "-" "-"
137.48.0.100 - - [30/Aug/2016:04:21:13 -0500] "GET /textpattern/info.php HTTP/1.1" 404 4895 "-" "-"
137.48.0.100 - - [30/Aug/2016:04:26:36 -0500] "GET /recipe/recipe/FormMail.pl?recipient=blackhole%40qualys.com HTTP/1.1" 404 3789 "-" "-"
137.48.0.100 - - [30/Aug/2016:04:32:26 -0500] "GET /manager/w3-msql/info.php3 HTTP/1.1" 404 4940 "-" "-"
137.48.0.100 - - [30/Aug/2016:04:41:50 -0500] "GET /cms/index.php/component/ HTTP/1.1" 500 180 "-" "-"
137.48.0.100 - - [30/Aug/2016:05:15:07 -0500] "GET /recipe/moin.wsgi/moinmoin/ HTTP/1.1" 500 180 "-" "-"
137.48.0.100 - - [30/Aug/2016:05:21:53 -0500] "GET /doc/cms/templates/standard/phpinfo.php3 HTTP/1.1" 404 5066 "-" "-"
137.48.0.100 - - [30/Aug/2016:06:09:10 -0500] "GET /gfx/greyblu/interface/panelshadow.gif HTTP/1.1" 404 4993 "-" "-"
137.48.0.100 - - [30/Aug/2016:06:20:24 -0500] "GET /moin_static171/classic/css/common.css HTTP/1.1" 404 3830 "-" "-"
188.143.232.21 - - [30/Aug/2016:07:26:24 -0500] "GET /~jemoseman/project/cgi-bin/forum.cgi HTTP/1.1" 200 2844 "-" "Mozilla/4.0 (compatible; MSIE 6.0; Windows NT 5.1; SV1)"
188.143.232.26 - - [30/Aug/2016:09:10:21 -0500] "GET /~jemoseman/project/cgi-bin/thread.cgi?thread_name=Theory%20of%20computation%20homework%20fun%20time HTTP/1.1" 200 1113182 "-" "Mozilla/4.0 (compatible; MSIE 6.0; Windows NT 5.1; SV1)"
74.83.229.16 - - [30/Aug/2016:10:47:27 -0500] "GET /~jtrimm/project/4x4.html HTTP/1.1" 200 4559 "https://www.google.com/" "Mozilla/5.0 (Linux; Android 6.0.1; SM-G930V Build/MMB29M) AppleWebKit/537.36 (KHTML, like Gecko) Chrome/52.0.2743.98 Mobile Safari/537.36"
188.143.232.35 - - [30/Aug/2016:12:24:41 -0500] "GET /~jemoseman/project/FAQ.html HTTP/1.1" 200 1863 "-" "Mozilla/4.0 (compatible; MSIE 6.0; Windows NT 5.1; SV1)"
10.8.119.195 - - [30/Aug/2016:13:40:50 -0500] "GET /~ahermanek/a2/ HTTP/1.1" 403 511 "-" "Mozilla/5.0 (Windows NT 10.0; Win64; x64) AppleWebKit/537.36 (KHTML, like Gecko) Chrome/52.0.2743.116 Safari/537.36"
10.8.87.100 - - [30/Aug/2016:14:43:14 -0500] "GET /~jblackmore/blizz/linx/project/ HTTP/1.1" 200 3206 "-" "Mozilla/5.0 (Windows NT 10.0; WOW64; rv:48.0) Gecko/20100101 Firefox/48.0"
188.143.232.16 - - [30/Aug/2016:16:31:47 -0500] "GET /~jemoseman/project/info.html HTTP/1.1" 200 1908 "-" "Mozilla/4.0 (compatible; MSIE 6.0; Windows NT 5.1; SV1)"
188.143.232.43 - - [30/Aug/2016:18:10:26 -0500] "GET /~jemoseman/project/cgi-bin/thread.cgi?thread_name=Theory%20of%20computation%20homework%20fun%20time HTTP/1.1" 200 1090486 "-" "Mozilla/4.0 (compatible; MSIE 6.0; Windows NT 5.1; SV1)"
188.143.232.19 - - [30/Aug/2016:20:48:40 -0500] "GET /~jemoseman/project/FAQ.html HTTP/1.1" 200 1863 "-" "Mozilla/4.0 (compatible; MSIE 6.0; Windows NT 5.1; SV1)"
188.143.232.13 - - [30/Aug/2016:23:19:27 -0500] "GET /~jemoseman/project/FAQ.html HTTP/1.1" 200 1863 "-" "Mozilla/4.0 (compatible; MSIE 6.0; Windows NT 5.1; SV1)"
188.143.232.22 - - [31/Aug/2016:02:12:00 -0500] "GET /~jemoseman/project/contact_info.html HTTP/1.1" 200 1740 "-" "Mozilla/4.0 (compatible; MSIE 6.0; Windows NT 5.1; SV1)"
188.143.232.22 - - [31/Aug/2016:05:02:01 -0500] "GET /~jemoseman/project/info.html HTTP/1.1" 200 1908 "-" "Mozilla/4.0 (compatible; MSIE 6.0; Windows NT 5.1; SV1)"
188.143.232.19 - - [31/Aug/2016:07:32:51 -0500] "GET /~jemoseman/project/cgi-bin/thread.cgi?thread_name=Theory%20of%20computation%20homework%20fun%20time HTTP/1.1" 200 1103046 "-" "Mozilla/4.0 (compatible; MSIE 6.0; Windows NT 5.1; SV1)"
52.71.155.178 - - [31/Aug/2016:09:48:53 -0500] "GET /~jtrimm/project/4x4.html HTTP/1.1" 200 4522 "-" "Mozilla/5.0 (Macintosh; Intel Mac OS X 10_10_1) AppleWebKit/600.1.25 (KHTML, like Gecko) Version/8.0 Safari/600.1.25"
85.104.148.116 - - [31/Aug/2016:12:14:30 -0500] "GET /~jtrimm/project/ollpll.html HTTP/1.1" 200 4007 "https://www.google.com.tr/" "Mozilla/5.0 (iPhone; CPU iPhone OS 9_3_4 like Mac OS X) AppleWebKit/601.1.46 (KHTML, like Gecko) Version/9.0 Mobile/13G35 Safari/601.1"
72.215.217.76 - - [31/Aug/2016:13:54:35 -0500] "GET /favicon.ico HTTP/1.1" 200 1266 "-" "Mozilla/5.0 (Windows NT 6.1; WOW64; rv:48.0) Gecko/20100101 Firefox/48.0"
188.143.232.40 - - [31/Aug/2016:15:14:51 -0500] "GET /~jemoseman/project/info.html HTTP/1.1" 200 1908 "-" "Mozilla/4.0 (compatible; MSIE 6.0; Windows NT 5.1; SV1)"
170.253.235.201 - - [31/Aug/2016:16:35:58 -0500] "GET /~jtrimm/project/images/basicmethodparityadj.png HTTP/1.1" 200 14437 "https://www.bing.com/search?q=4x4%20last%20layer&pivot=web&persona=0&input=1&form=2&mkt=en-US&setlang=en-US" "Mozilla/5.0 (Mobile; Windows Phone 8.1; Android 4.0; ARM; Trident/7.0; Touch; rv:11.0; IEMobile/11.0; Microsoft; Lumia 640 LTE) like iPhone OS 7_0_3 Mac OS X AppleWebKit/537 (KHTML, like Gecko) Mobile Safari/537"
137.48.187.123 - - [31/Aug/2016:18:15:15 -0500] "GET /~wcarrier/1472685315+30970.php HTTP/1.1" 200 575 "-" "curl/7.22.0 (x86_64-pc-linux-gnu) libcurl/7.22.0 OpenSSL/1.0.1 zlib/1.2.3.4 libidn/1.23 librtmp/2.3"
188.143.232.22 - - [31/Aug/2016:20:08:32 -0500] "GET /~jemoseman/project/info.html HTTP/1.1" 200 1908 "-" "Mozilla/4.0 (compatible; MSIE 6.0; Windows NT 5.1; SV1)"
188.143.232.22 - - [31/Aug/2016:22:08:27 -0500] "GET /~jemoseman/project/contact_info.html HTTP/1.1" 200 1740 "-" "Mozilla/4.0 (compatible; MSIE 6.0; Windows NT 5.1; SV1)"
137.48.187.123 - - [01/Sep/2016:00:45:43 -0500] "GET /~psingh/1472708743+1440.php HTTP/1.1" 200 507 "-" "curl/7.22.0 (x86_64-pc-linux-gnu) libcurl/7.22.0 OpenSSL/1.0.1 zlib/1.2.3.4 libidn/1.23 librtmp/2.3"
188.143.232.70 - - [01/Sep/2016:03:29:34 -0500] "GET /~jemoseman/project/contact_info.html HTTP/1.1" 200 1740 "-" "Mozilla/4.0 (compatible; MSIE 6.0; Windows NT 5.1; SV1)"
188.143.232.40 - - [01/Sep/2016:06:38:33 -0500] "GET /~jemoseman/project/index.html HTTP/1.1" 200 1657 "-" "Mozilla/4.0 (compatible; MSIE 6.0; Windows NT 5.1; SV1)"
50.108.158.97 - - [01/Sep/2016:09:10:30 -0500] "GET /~jtrimm/project/images/turnnotation.png HTTP/1.1" 200 13500 "https://www.google.com/" "Mozilla/5.0 (Linux; Android 4.4; LGL34C Build/KRT16S.L34CV10c) AppleWebKit/537.36 (KHTML, like Gecko) Chrome/52.0.2743.98 Mobile Safari/537.36"
188.143.232.13 - - [01/Sep/2016:11:10:57 -0500] "GET /~jemoseman/project/cgi-bin/forum.cgi HTTP/1.1" 200 2844 "-" "Mozilla/4.0 (compatible; MSIE 6.0; Windows NT 5.1; SV1)"
188.143.232.41 - - [01/Sep/2016:13:16:52 -0500] "GET /~jemoseman/project/cgi-bin/thread.cgi?thread_name=Theory%20of%20computation%20homework%20fun%20time HTTP/1.1" 200 1037886 "-" "Mozilla/4.0 (compatible; MSIE 6.0; Windows NT 5.1; SV1)"
188.143.232.16 - - [01/Sep/2016:13:58:53 -0500] "GET /~jemoseman/project/FAQ.html HTTP/1.1" 200 1863 "-" "Mozilla/4.0 (compatible; MSIE 6.0; Windows NT 5.1; SV1)"
137.48.177.107 - - [01/Sep/2016:15:06:58 -0500] "GET /favicon.ico HTTP/1.1" 304 176 "-" "Mozilla/5.0 (Windows NT 6.1; WOW64) AppleWebKit/537.36 (KHTML, like Gecko) Chrome/35.0.1916.153 Safari/537.36"
188.143.232.13 - - [01/Sep/2016:17:51:39 -0500] "GET /~jemoseman/project/cgi-bin/thread.cgi?thread_name=Theory%20of%20computation%20homework%20fun%20time HTTP/1.1" 200 1097254 "-" "Mozilla/4.0 (compatible; MSIE 6.0; Windows NT 5.1; SV1)"
10.12.7.148 - - [01/Sep/2016:19:15:35 -0500] "GET /~leberle/a2/ HTTP/1.1" 200 1989 "-" "Mozilla/5.0 (Windows NT 10.0; WOW64) AppleWebKit/537.36 (KHTML, like Gecko) Chrome/52.0.2743.116 Safari/537.36"
188.143.232.41 - - [01/Sep/2016:21:11:09 -0500] "GET /~jemoseman/project/index.html HTTP/1.1" 200 1657 "-" "Mozilla/4.0 (compatible; MSIE 6.0; Windows NT 5.1; SV1)"
188.143.232.72 - - [01/Sep/2016:23:25:57 -0500] "GET /~jemoseman/project/contact_info.html HTTP/1.1" 200 1740 "-" "Mozilla/4.0 (compatible; MSIE 6.0; Windows NT 5.1; SV1)"
188.143.232.40 - - [02/Sep/2016:02:32:36 -0500] "GET /~jemoseman/project/cgi-bin/forum.cgi HTTP/1.1" 200 2844 "-" "Mozilla/4.0 (compatible; MSIE 6.0; Windows NT 5.1; SV1)"
188.143.232.72 - - [02/Sep/2016:05:52:30 -0500] "GET /~jemoseman/project/index.html HTTP/1.1" 200 1657 "-" "Mozilla/4.0 (compatible; MSIE 6.0; Windows NT 5.1; SV1)"
137.48.187.123 - - [02/Sep/2016:08:45:42 -0500] "GET /~emostek/1472823942+17777.php HTTP/1.1" 200 571 "-" "curl/7.22.0 (x86_64-pc-linux-gnu) libcurl/7.22.0 OpenSSL/1.0.1 zlib/1.2.3.4 libidn/1.23 librtmp/2.3"
116.100.131.181 - - [02/Sep/2016:11:06:54 -0500] "PROPFIND /~jtrimm/project/images/basicmethodparitydiag.png HTTP/1.1" 403 575 "-" "Microsoft-WebDAV-MiniRedir/10.0.14393"
188.143.232.13 - - [02/Sep/2016:12:32:48 -0500] "GET /~jemoseman/project/info.html HTTP/1.1" 200 1908 "-" "Mozilla/4.0 (compatible; MSIE 6.0; Windows NT 5.1; SV1)"
188.143.232.41 - - [02/Sep/2016:14:19:31 -0500] "GET /~jemoseman/project/cgi-bin/forum.cgi HTTP/1.1" 200 2844 "-" "Mozilla/4.0 (compatible; MSIE 6.0; Windows NT 5.1; SV1)"
137.48.187.123 - - [02/Sep/2016:16:07:31 -0500] "GET /~clang/1472850451+10383.php HTTP/1.1" 200 563 "-" "curl/7.22.0 (x86_64-pc-linux-gnu) libcurl/7.22.0 OpenSSL/1.0.1 zlib/1.2.3.4 libidn/1.23 librtmp/2.3"
188.143.232.14 - - [02/Sep/2016:18:11:24 -0500] "GET /~jemoseman/project/cgi-bin/thread.cgi?thread_name=Theory%20of%20computation%20homework%20fun%20time HTTP/1.1" 200 1137798 "-" "Mozilla/4.0 (compatible; MSIE 6.0; Windows NT 5.1; SV1)"
188.143.232.24 - - [02/Sep/2016:20:31:54 -0500] "GET /~jemoseman/project/cgi-bin/forum.cgi HTTP/1.1" 200 2844 "-" "Mozilla/4.0 (compatible; MSIE 6.0; Windows NT 5.1; SV1)"
66.249.69.53 - - [02/Sep/2016:22:12:51 -0500] "GET / HTTP/1.1" 200 2649 "-" "Mozilla/5.0 (compatible; Googlebot/2.1; +http://www.google.com/bot.html)"
188.143.232.24 - - [02/Sep/2016:23:34:28 -0500] "GET /~jemoseman/project/cgi-bin/thread.cgi?thread_name=Theory%20of%20computation%20homework%20fun%20time HTTP/1.1" 200 1068294 "-" "Mozilla/4.0 (compatible; MSIE 6.0; Windows NT 5.1; SV1)"
188.143.232.40 - - [03/Sep/2016:00:59:58 -0500] "GET /~jemoseman/project/info.html HTTP/1.1" 200 1908 "-" "Mozilla/4.0 (compatible; MSIE 6.0; Windows NT 5.1; SV1)"
188.143.232.41 - - [03/Sep/2016:02:13:20 -0500] "GET /~jemoseman/project/FAQ.html HTTP/1.1" 200 1863 "-" "Mozilla/4.0 (compatible; MSIE 6.0; Windows NT 5.1; SV1)"
188.143.232.21 - - [03/Sep/2016:03:29:00 -0500] "GET /~jemoseman/project/contact_info.html HTTP/1.1" 200 1740 "-" "Mozilla/4.0 (compatible; MSIE 6.0; Windows NT 5.1; SV1)"
188.143.232.40 - - [03/Sep/2016:04:38:47 -0500] "GET /~jemoseman/project/contact_info.html HTTP/1.1" 200 1740 "-" "Mozilla/4.0 (compatible; MSIE 6.0; Windows NT 5.1; SV1)"
188.143.232.26 - - [03/Sep/2016:05:49:43 -0500] "GET /~jemoseman/project/cgi-bin/forum.cgi HTTP/1.1" 200 2844 "-" "Mozilla/4.0 (compatible; MSIE 6.0; Windows NT 5.1; SV1)"
188.143.232.26 - - [03/Sep/2016:07:00:57 -0500] "GET /~jemoseman/project/FAQ.html HTTP/1.1" 200 1863 "-" "Mozilla/4.0 (compatible; MSIE 6.0; Windows NT 5.1; SV1)"
188.143.232.21 - - [03/Sep/2016:08:12:26 -0500] "GET /~jemoseman/project/contact_info.html HTTP/1.1" 200 1740 "-" "Mozilla/4.0 (compatible; MSIE 6.0; Windows NT 5.1; SV1)"
188.143.232.19 - - [03/Sep/2016:09:19:40 -0500] "GET /~jemoseman/project/cgi-bin/thread.cgi?thread_name=Theory%20of%20computation%20homework%20fun%20time HTTP/1.1" 200 1097254 "-" "Mozilla/4.0 (compatible; MSIE 6.0; Windows NT 5.1; SV1)"
188.143.232.40 - - [03/Sep/2016:10:27:54 -0500] "GET /~jemoseman/project/cgi-bin/forum.cgi HTTP/1.1" 200 2844 "-" "Mozilla/4.0 (compatible; MSIE 6.0; Windows NT 5.1; SV1)"
188.143.232.72 - - [03/Sep/2016:11:33:22 -0500] "GET /~jemoseman/project/FAQ.html HTTP/1.1" 200 1863 "-" "Mozilla/4.0 (compatible; MSIE 6.0; Windows NT 5.1; SV1)"
188.143.232.22 - - [03/Sep/2016:12:33:24 -0500] "GET /~jemoseman/project/contact_info.html HTTP/1.1" 200 1740 "-" "Mozilla/4.0 (compatible; MSIE 6.0; Windows NT 5.1; SV1)"
98.23.163.21 - - [03/Sep/2016:13:40:31 -0500] "GET /~bchawla/a2/ HTTP/1.1" 200 2397 "-" "Mozilla/5.0 (Macintosh; Intel Mac OS X 10_11_2) AppleWebKit/537.36 (KHTML, like Gecko) Chrome/52.0.2743.116 Safari/537.36"
188.143.232.24 - - [03/Sep/2016:14:44:45 -0500] "GET /~jemoseman/project/info.html HTTP/1.1" 200 1908 "-" "Mozilla/4.0 (compatible; MSIE 6.0; Windows NT 5.1; SV1)"
188.143.232.19 - - [03/Sep/2016:15:43:32 -0500] "GET /~jemoseman/project/FAQ.html HTTP/1.1" 200 1863 "-" "Mozilla/4.0 (compatible; MSIE 6.0; Windows NT 5.1; SV1)"
137.48.187.123 - - [03/Sep/2016:16:59:24 -0500] "GET /~bchawla/ HTTP/1.1" 200 2025 "-" "curl/7.22.0 (x86_64-pc-linux-gnu) libcurl/7.22.0 OpenSSL/1.0.1 zlib/1.2.3.4 libidn/1.23 librtmp/2.3"
188.143.232.13 - - [03/Sep/2016:17:54:43 -0500] "GET /~jemoseman/project/cgi-bin/thread.cgi?thread_name=Theory%20of%20computation%20homework%20fun%20time HTTP/1.1" 200 1063950 "-" "Mozilla/4.0 (compatible; MSIE 6.0; Windows NT 5.1; SV1)"
188.143.232.34 - - [03/Sep/2016:18:56:22 -0500] "GET /~jemoseman/project/cgi-bin/thread.cgi?thread_name=Theory%20of%20computation%20homework%20fun%20time HTTP/1.1" 200 1163862 "-" "Mozilla/4.0 (compatible; MSIE 6.0; Windows NT 5.1; SV1)"
188.143.232.43 - - [03/Sep/2016:20:01:29 -0500] "GET /~jemoseman/project/contact_info.html HTTP/1.1" 200 1740 "-" "Mozilla/4.0 (compatible; MSIE 6.0; Windows NT 5.1; SV1)"
188.143.232.70 - - [03/Sep/2016:21:06:23 -0500] "GET /~jemoseman/project/contact_info.html HTTP/1.1" 200 1740 "-" "Mozilla/4.0 (compatible; MSIE 6.0; Windows NT 5.1; SV1)"
188.143.232.13 - - [03/Sep/2016:22:11:34 -0500] "GET /~jemoseman/project/info.html HTTP/1.1" 200 1908 "-" "Mozilla/4.0 (compatible; MSIE 6.0; Windows NT 5.1; SV1)"
188.143.232.24 - - [03/Sep/2016:23:13:27 -0500] "GET /~jemoseman/project/index.html HTTP/1.1" 200 1657 "-" "Mozilla/4.0 (compatible; MSIE 6.0; Windows NT 5.1; SV1)"
188.143.232.40 - - [04/Sep/2016:00:25:14 -0500] "GET /~jemoseman/project/cgi-bin/forum.cgi HTTP/1.1" 200 2844 "-" "Mozilla/4.0 (compatible; MSIE 6.0; Windows NT 5.1; SV1)"
188.143.232.70 - - [04/Sep/2016:01:49:26 -0500] "GET /~jemoseman/project/contact_info.html HTTP/1.1" 200 1740 "-" "Mozilla/4.0 (compatible; MSIE 6.0; Windows NT 5.1; SV1)"
188.143.232.26 - - [04/Sep/2016:03:30:46 -0500] "GET /~jemoseman/project/cgi-bin/forum.cgi HTTP/1.1" 200 2844 "-" "Mozilla/4.0 (compatible; MSIE 6.0; Windows NT 5.1; SV1)"
188.143.232.34 - - [04/Sep/2016:05:21:56 -0500] "GET /~jemoseman/project/cgi-bin/forum.cgi HTTP/1.1" 200 2844 "-" "Mozilla/4.0 (compatible; MSIE 6.0; Windows NT 5.1; SV1)"
188.143.232.72 - - [21/Aug/2016:07:04:08 -0500] "GET /~jemoseman/project/FAQ.html HTTP/1.1" 200 1863 "-" "Mozilla/4.0 (compatible; MSIE 6.0; Windows NT 5.1; SV1)"
188.143.232.21 - - [21/Aug/2016:08:09:51 -0500] "GET /~jemoseman/project/cgi-bin/thread.cgi?thread_name=Theory%20of%20computation%20homework%20fun%20time HTTP/1.1" 200 1092910 "-" "Mozilla/4.0 (compatible; MSIE 6.0; Windows NT 5.1; SV1)"
188.143.232.10 - - [21/Aug/2016:09:08:50 -0500] "GET /~jemoseman/project/contact_info.html HTTP/1.1" 200 1740 "-" "Mozilla/4.0 (compatible; MSIE 6.0; Windows NT 5.1; SV1)"
188.143.232.41 - - [21/Aug/2016:10:10:31 -0500] "GET /~jemoseman/project/contact_info.html HTTP/1.1" 200 1740 "-" "Mozilla/4.0 (compatible; MSIE 6.0; Windows NT 5.1; SV1)"
188.143.232.72 - - [21/Aug/2016:11:19:22 -0500] "GET /~jemoseman/project/FAQ.html HTTP/1.1" 200 1863 "-" "Mozilla/4.0 (compatible; MSIE 6.0; Windows NT 5.1; SV1)"
188.143.232.62 - - [21/Aug/2016:12:22:45 -0500] "GET /~jemoseman/project/index.html HTTP/1.1" 200 1657 "-" "Mozilla/4.0 (compatible; MSIE 6.0; Windows NT 5.1; SV1)"
188.143.232.19 - - [21/Aug/2016:13:30:00 -0500] "GET /~jemoseman/project/index.html HTTP/1.1" 200 1657 "-" "Mozilla/4.0 (compatible; MSIE 6.0; Windows NT 5.1; SV1)"
188.143.232.24 - - [21/Aug/2016:14:29:02 -0500] "GET /~jemoseman/project/index.html HTTP/1.1" 200 1657 "-" "Mozilla/4.0 (compatible; MSIE 6.0; Windows NT 5.1; SV1)"
188.143.232.19 - - [21/Aug/2016:15:37:28 -0500] "GET /~jemoseman/project/cgi-bin/forum.cgi HTTP/1.1" 200 2844 "-" "Mozilla/4.0 (compatible; MSIE 6.0; Windows NT 5.1; SV1)"
188.143.232.16 - - [21/Aug/2016:16:43:32 -0500] "GET /~jemoseman/project/cgi-bin/forum.cgi HTTP/1.1" 200 2844 "-" "Mozilla/4.0 (compatible; MSIE 6.0; Windows NT 5.1; SV1)"
188.143.232.11 - - [21/Aug/2016:17:25:40 -0500] "GET /~jemoseman/project/index.html HTTP/1.1" 200 1657 "-" "Mozilla/4.0 (compatible; MSIE 6.0; Windows NT 5.1; SV1)"
188.143.232.40 - - [21/Aug/2016:18:31:17 -0500] "GET /~jemoseman/project/contact_info.html HTTP/1.1" 200 1740 "-" "Mozilla/4.0 (compatible; MSIE 6.0; Windows NT 5.1; SV1)"
188.143.232.35 - - [21/Aug/2016:19:38:05 -0500] "GET /~jemoseman/project/info.html HTTP/1.1" 200 1908 "-" "Mozilla/4.0 (compatible; MSIE 6.0; Windows NT 5.1; SV1)"
188.143.232.15 - - [21/Aug/2016:20:39:03 -0500] "GET /~jemoseman/project/info.html HTTP/1.1" 200 1908 "-" "Mozilla/4.0 (compatible; MSIE 6.0; Windows NT 5.1; SV1)"
188.143.232.19 - - [21/Aug/2016:21:33:57 -0500] "GET /~jemoseman/project/FAQ.html HTTP/1.1" 200 1863 "-" "Mozilla/4.0 (compatible; MSIE 6.0; Windows NT 5.1; SV1)"
188.143.232.24 - - [21/Aug/2016:22:36:30 -0500] "GET /~jemoseman/project/FAQ.html HTTP/1.1" 200 1863 "-" "Mozilla/4.0 (compatible; MSIE 6.0; Windows NT 5.1; SV1)"
188.143.232.13 - - [21/Aug/2016:23:34:53 -0500] "GET /~jemoseman/project/index.html HTTP/1.1" 200 1657 "-" "Mozilla/4.0 (compatible; MSIE 6.0; Windows NT 5.1; SV1)"
188.143.232.14 - - [22/Aug/2016:00:39:58 -0500] "GET /~jemoseman/project/info.html HTTP/1.1" 200 1908 "-" "Mozilla/4.0 (compatible; MSIE 6.0; Windows NT 5.1; SV1)"
188.143.232.37 - - [22/Aug/2016:01:42:47 -0500] "GET /~jemoseman/project/FAQ.html HTTP/1.1" 200 1863 "-" "Mozilla/4.0 (compatible; MSIE 6.0; Windows NT 5.1; SV1)"
188.143.232.22 - - [22/Aug/2016:02:52:01 -0500] "GET /~jemoseman/project/index.html HTTP/1.1" 200 1657 "-" "Mozilla/4.0 (compatible; MSIE 6.0; Windows NT 5.1; SV1)"
188.143.232.10 - - [22/Aug/2016:04:11:24 -0500] "GET /~jemoseman/project/index.html HTTP/1.1" 200 1657 "-" "Mozilla/4.0 (compatible; MSIE 6.0; Windows NT 5.1; SV1)"
188.143.232.72 - - [22/Aug/2016:05:31:34 -0500] "GET /~jemoseman/project/cgi-bin/forum.cgi HTTP/1.1" 200 2844 "-" "Mozilla/4.0 (compatible; MSIE 6.0; Windows NT 5.1; SV1)"
188.143.232.21 - - [22/Aug/2016:06:48:27 -0500] "GET /~jemoseman/project/FAQ.html HTTP/1.1" 200 1863 "-" "Mozilla/4.0 (compatible; MSIE 6.0; Windows NT 5.1; SV1)"
188.143.232.62 - - [22/Aug/2016:08:05:40 -0500] "GET /~jemoseman/project/contact_info.html HTTP/1.1" 200 1740 "-" "Mozilla/4.0 (compatible; MSIE 6.0; Windows NT 5.1; SV1)"
8.37.232.105 - - [22/Aug/2016:09:23:13 -0500] "GET /~jtrimm/project/4x4.html HTTP/1.1" 304 212 "http://www.google.co.in/search?ie=ISO-8859-1&q=how+to+solve+a+4+layer+rubiks+cube+easily&btnG=Search" "Mozilla/5.0 (Linux; U; Android 4.4.2; en-US; irisX8 Build/irisX8) AppleWebKit/534.30 (KHTML, like Gecko) Version/4.0 UCBrowser/11.0.0.828 U3/0.8.0 Mobile Safari/534.30"
188.143.232.26 - - [22/Aug/2016:11:05:24 -0500] "GET /~jemoseman/project/contact_info.html HTTP/1.1" 200 1740 "-" "Mozilla/4.0 (compatible; MSIE 6.0; Windows NT 5.1; SV1)"
188.143.232.16 - - [22/Aug/2016:13:00:00 -0500] "GET /~jemoseman/project/info.html HTTP/1.1" 200 1908 "-" "Mozilla/4.0 (compatible; MSIE 6.0; Windows NT 5.1; SV1)"
188.143.232.22 - - [22/Aug/2016:14:07:10 -0500] "GET /~jemoseman/project/index.html HTTP/1.1" 200 1657 "-" "Mozilla/4.0 (compatible; MSIE 6.0; Windows NT 5.1; SV1)"
82.18.128.220 - - [22/Aug/2016:15:00:49 -0500] "GET /~jtrimm/project/4x4.html HTTP/1.1" 200 4559 "https://www.google.co.uk/" "Mozilla/5.0 (Windows NT 10.0; Win64; x64) AppleWebKit/537.36 (KHTML, like Gecko) Chrome/52.0.2743.116 Safari/537.36"
188.143.232.72 - - [22/Aug/2016:16:05:08 -0500] "GET /~jemoseman/project/FAQ.html HTTP/1.1" 200 1863 "-" "Mozilla/4.0 (compatible; MSIE 6.0; Windows NT 5.1; SV1)"
188.143.232.26 - - [22/Aug/2016:17:15:58 -0500] "GET /~jemoseman/project/contact_info.html HTTP/1.1" 200 1740 "-" "Mozilla/4.0 (compatible; MSIE 6.0; Windows NT 5.1; SV1)"
188.143.232.34 - - [22/Aug/2016:18:24:23 -0500] "GET /~jemoseman/project/cgi-bin/forum.cgi HTTP/1.1" 200 2844 "-" "Mozilla/4.0 (compatible; MSIE 6.0; Windows NT 5.1; SV1)"
188.143.232.34 - - [22/Aug/2016:19:31:18 -0500] "GET /~jemoseman/project/cgi-bin/thread.cgi?thread_name=Theory%20of%20computation%20homework%20fun%20time HTTP/1.1" 200 1204060 "-" "Mozilla/4.0 (compatible; MSIE 6.0; Windows NT 5.1; SV1)"
188.143.232.43 - - [22/Aug/2016:20:29:43 -0500] "GET /~jemoseman/project/info.html HTTP/1.1" 200 1908 "-" "Mozilla/4.0 (compatible; MSIE 6.0; Windows NT 5.1; SV1)"
188.143.232.15 - - [22/Aug/2016:21:33:00 -0500] "GET /~jemoseman/project/index.html HTTP/1.1" 200 1657 "-" "Mozilla/4.0 (compatible; MSIE 6.0; Windows NT 5.1; SV1)"
188.143.232.21 - - [22/Aug/2016:22:31:52 -0500] "GET /~jemoseman/project/cgi-bin/thread.cgi?thread_name=Theory%20of%20computation%20homework%20fun%20time HTTP/1.1" 200 1107390 "-" "Mozilla/4.0 (compatible; MSIE 6.0; Windows NT 5.1; SV1)"
64.39.105.222 - - [22/Aug/2016:23:15:19 -0500] "GET /e9mjm2jikg9lxrk9434 HTTP/1.1" 404 4886 "-" "-"
64.39.105.222 - - [22/Aug/2016:23:17:21 -0500] "GET /mybb/ HTTP/1.1" 500 180 "-" "-"
188.143.232.37 - - [22/Aug/2016:23:17:53 -0500] "GET /~jemoseman/project/cgi-bin/forum.cgi HTTP/1.1" 200 2844 "-" "Mozilla/4.0 (compatible; MSIE 6.0; Windows NT 5.1; SV1)"
64.39.105.222 - - [22/Aug/2016:23:18:27 -0500] "GET /php-proxima/ HTTP/1.1" 500 180 "-" "-"
64.39.105.222 - - [22/Aug/2016:23:18:45 -0500] "GET /catalog/extras/ HTTP/1.1" 500 180 "-" "-"
64.39.105.222 - - [22/Aug/2016:23:19:03 -0500] "GET /dokeos/ HTTP/1.1" 500 180 "-" "-"
64.39.105.222 - - [22/Aug/2016:23:19:16 -0500] "GET /temp/ HTTP/1.1" 500 180 "-" "-"
188.143.232.35 - - [22/Aug/2016:23:20:08 -0500] "GET /~jemoseman/project/contact_info.html HTTP/1.1" 200 1740 "-" "Mozilla/4.0 (compatible; MSIE 6.0; Windows NT 5.1; SV1)"
64.39.105.222 - - [22/Aug/2016:23:31:19 -0500] "GET /quikstore.cfg HTTP/1.1" 404 4832 "-" "-"
64.39.105.222 - - [22/Aug/2016:23:40:12 -0500] "GET /a1b2c3d4.asmx HTTP/1.1" 404 4832 "-" "-"
64.39.105.222 - - [22/Aug/2016:23:53:15 -0500] "GET /%22%3e%3c/php.php HTTP/1.1" 404 4883 "-" "-"
64.39.105.222 - - [23/Aug/2016:00:00:08 -0500] "GET /recipe/sh HTTP/1.1" 404 4796 "-" "-"
64.39.105.222 - - [23/Aug/2016:00:09:02 -0500] "GET /WorkArea/phptest.php3 HTTP/1.1" 404 4904 "-" "-"
188.143.232.62 - - [23/Aug/2016:00:15:08 -0500] "GET /~jemoseman/project/FAQ.html HTTP/1.1" 200 1863 "-" "Mozilla/4.0 (compatible; MSIE 6.0; Windows NT 5.1; SV1)"
64.39.105.222 - - [23/Aug/2016:00:25:49 -0500] "GET /doc/plugin.php HTTP/1.1" 404 4842 "-" "-"
64.39.105.222 - - [23/Aug/2016:00:38:14 -0500] "GET /cms/textpattern/setup/index.php/phptest.php3 HTTP/1.1" 404 5111 "-" "-"
64.39.105.222 - - [23/Aug/2016:01:05:37 -0500] "GET /images/smilies/icon_e_confused.gif HTTP/1.1" 404 4966 "-" "-"
188.143.232.14 - - [23/Aug/2016:01:22:48 -0500] "GET /~jemoseman/project/index.html HTTP/1.1" 200 1657 "-" "Mozilla/4.0 (compatible; MSIE 6.0; Windows NT 5.1; SV1)"
188.143.232.72 - - [23/Aug/2016:02:23:49 -0500] "GET /~jemoseman/project/FAQ.html HTTP/1.1" 200 1863 "-" "Mozilla/4.0 (compatible; MSIE 6.0; Windows NT 5.1; SV1)"
188.143.232.13 - - [23/Aug/2016:03:28:58 -0500] "GET /~jemoseman/project/contact_info.html HTTP/1.1" 200 1740 "-" "Mozilla/4.0 (compatible; MSIE 6.0; Windows NT 5.1; SV1)"
188.143.232.22 - - [23/Aug/2016:04:33:01 -0500] "GET /~jemoseman/project/contact_info.html HTTP/1.1" 200 1740 "-" "Mozilla/4.0 (compatible; MSIE 6.0; Windows NT 5.1; SV1)"
188.143.232.34 - - [23/Aug/2016:05:54:58 -0500] "GET /~jemoseman/project/cgi-bin/forum.cgi HTTP/1.1" 200 2844 "-" "Mozilla/4.0 (compatible; MSIE 6.0; Windows NT 5.1; SV1)"
188.143.232.13 - - [23/Aug/2016:07:11:58 -0500] "GET /~jemoseman/project/cgi-bin/forum.cgi HTTP/1.1" 200 2844 "-" "Mozilla/4.0 (compatible; MSIE 6.0; Windows NT 5.1; SV1)"
188.143.232.62 - - [23/Aug/2016:08:29:22 -0500] "GET /~jemoseman/project/info.html HTTP/1.1" 200 1908 "-" "Mozilla/4.0 (compatible; MSIE 6.0; Windows NT 5.1; SV1)"
165.120.41.168 - - [23/Aug/2016:09:41:30 -0500] "GET /~jtrimm/project/4x4.html HTTP/1.1" 200 4559 "https://www.google.co.uk/" "Mozilla/5.0 (Windows NT 10.0; WOW64) AppleWebKit/537.36 (KHTML, like Gecko) Chrome/52.0.2743.116 Safari/537.36"
188.143.232.16 - - [23/Aug/2016:10:52:18 -0500] "GET /~jemoseman/project/cgi-bin/forum.cgi HTTP/1.1" 200 2844 "-" "Mozilla/4.0 (compatible; MSIE 6.0; Windows NT 5.1; SV1)"
188.143.232.15 - - [23/Aug/2016:11:59:02 -0500] "GET /~jemoseman/project/cgi-bin/thread.cgi?thread_name=Theory%20of%20computation%20homework%20fun%20time HTTP/1.1" 200 1132478 "-" "Mozilla/4.0 (compatible; MSIE 6.0; Windows NT 5.1; SV1)"
168.235.205.79 - - [23/Aug/2016:13:05:08 -0500] "GET /~jtrimm/project/4x4.html HTTP/1.1" 200 4559 "http://www.google.co.in/search?site=webhp&source=hp&ei=kGa8V_7RNcLXvgTU95fABA&q=how+to+solve+a+4x4+rubik%27s+cube&oq=how+to+solve+a+4&gs_l=mobile-gws-hp.1.0.0l5.2190.16117.0.19775.17.17.0.7.7.0.3707.25198.6-6j3j4j3.16.0....0...1c.1.64.mobile-gws-hp..6.11.6833.3..41j0i131k1.1QIbnppOpAQ" "Mozilla/5.0 (Linux; U; Android 4.4.2; en-US; SM-G355H Build/KOT49H) AppleWebKit/534.30 (KHTML, like Gecko) Version/4.0 UCBrowser/10.10.8.820 U3/0.8.0 Mobile Safari/534.30"
137.48.187.123 - - [23/Aug/2016:13:55:08 -0500] "GET /~ybautista/1471978508+18410.cgi HTTP/1.1" 200 195 "-" "curl/7.22.0 (x86_64-pc-linux-gnu) libcurl/7.22.0 OpenSSL/1.0.1 zlib/1.2.3.4 libidn/1.23 librtmp/2.3"
137.48.177.158 - - [23/Aug/2016:14:21:51 -0500] "GET /~jbarreramendoza/index.html HTTP/1.1" 404 518 "-" "Mozilla/5.0 (Windows NT 6.1; WOW64) AppleWebKit/537.36 (KHTML, like Gecko) Chrome/36.0.1985.125 Safari/537.36"
188.143.232.40 - - [23/Aug/2016:14:58:24 -0500] "GET /~jemoseman/project/info.html HTTP/1.1" 200 1908 "-" "Mozilla/4.0 (compatible; MSIE 6.0; Windows NT 5.1; SV1)"
188.143.232.22 - - [23/Aug/2016:15:58:30 -0500] "GET /~jemoseman/project/contact_info.html HTTP/1.1" 200 1740 "-" "Mozilla/4.0 (compatible; MSIE 6.0; Windows NT 5.1; SV1)"
75.135.55.146 - - [23/Aug/2016:17:08:45 -0500] "GET /~knielsen/project2/ HTTP/1.1" 200 1674 "-" "Mozilla/5.0 (Windows NT 6.1; WOW64) AppleWebKit/537.36 (KHTML, like Gecko) Chrome/52.0.2743.116 Safari/537.36"
180.76.15.18 - - [23/Aug/2016:18:13:23 -0500] "GET / HTTP/1.1" 200 7019 "-" "Mozilla/5.0 (compatible; Baiduspider/2.0; +http://www.baidu.com/search/spider.html)"
188.143.232.16 - - [23/Aug/2016:19:09:08 -0500] "GET /~jemoseman/project/cgi-bin/forum.cgi HTTP/1.1" 200 2844 "-" "Mozilla/4.0 (compatible; MSIE 6.0; Windows NT 5.1; SV1)"
188.143.232.15 - - [23/Aug/2016:20:13:01 -0500] "GET /~jemoseman/project/info.html HTTP/1.1" 200 1908 "-" "Mozilla/4.0 (compatible; MSIE 6.0; Windows NT 5.1; SV1)"
188.143.232.19 - - [23/Aug/2016:21:02:38 -0500] "GET /~jemoseman/project/FAQ.html HTTP/1.1" 200 1863 "-" "Mozilla/4.0 (compatible; MSIE 6.0; Windows NT 5.1; SV1)"
188.143.232.72 - - [23/Aug/2016:22:01:29 -0500] "GET /~jemoseman/project/info.html HTTP/1.1" 200 1908 "-" "Mozilla/4.0 (compatible; MSIE 6.0; Windows NT 5.1; SV1)"
188.143.232.22 - - [23/Aug/2016:23:09:15 -0500] "GET /~jemoseman/project/index.html HTTP/1.1" 200 1657 "-" "Mozilla/4.0 (compatible; MSIE 6.0; Windows NT 5.1; SV1)"
188.143.232.35 - - [24/Aug/2016:00:21:59 -0500] "GET /~jemoseman/project/contact_info.html HTTP/1.1" 200 1740 "-" "Mozilla/4.0 (compatible; MSIE 6.0; Windows NT 5.1; SV1)"
188.143.232.16 - - [24/Aug/2016:01:33:26 -0500] "GET /~jemoseman/project/contact_info.html HTTP/1.1" 200 1740 "-" "Mozilla/4.0 (compatible; MSIE 6.0; Windows NT 5.1; SV1)"
188.143.232.62 - - [24/Aug/2016:03:36:27 -0500] "GET /~jemoseman/project/contact_info.html HTTP/1.1" 200 1740 "-" "Mozilla/4.0 (compatible; MSIE 6.0; Windows NT 5.1; SV1)"
188.138.1.119 - - [24/Aug/2016:05:36:35 -0500] "GET /sitemap.xml HTTP/1.1" 404 3622 "-" "-"
188.143.232.15 - - [24/Aug/2016:07:06:32 -0500] "GET /~jemoseman/project/info.html HTTP/1.1" 200 1908 "-" "Mozilla/4.0 (compatible; MSIE 6.0; Windows NT 5.1; SV1)"
188.143.232.35 - - [24/Aug/2016:08:16:30 -0500] "GET /~jemoseman/project/index.html HTTP/1.1" 200 1657 "-" "Mozilla/4.0 (compatible; MSIE 6.0; Windows NT 5.1; SV1)"
188.143.232.35 - - [24/Aug/2016:09:04:43 -0500] "GET /~jemoseman/project/FAQ.html HTTP/1.1" 200 1863 "-" "Mozilla/4.0 (compatible; MSIE 6.0; Windows NT 5.1; SV1)"
188.143.232.22 - - [24/Aug/2016:10:04:58 -0500] "GET /~jemoseman/project/cgi-bin/thread.cgi?thread_name=Theory%20of%20computation%20homework%20fun%20time HTTP/1.1" 200 1114630 "-" "Mozilla/4.0 (compatible; MSIE 6.0; Windows NT 5.1; SV1)"
188.143.232.14 - - [24/Aug/2016:11:10:30 -0500] "GET /~jemoseman/project/info.html HTTP/1.1" 200 1908 "-" "Mozilla/4.0 (compatible; MSIE 6.0; Windows NT 5.1; SV1)"
188.143.232.26 - - [24/Aug/2016:12:22:56 -0500] "GET /~jemoseman/project/FAQ.html HTTP/1.1" 200 1863 "-" "Mozilla/4.0 (compatible; MSIE 6.0; Windows NT 5.1; SV1)"
188.143.232.13 - - [24/Aug/2016:13:47:53 -0500] "GET /~jemoseman/project/FAQ.html HTTP/1.1" 200 1863 "-" "Mozilla/4.0 (compatible; MSIE 6.0; Windows NT 5.1; SV1)"
188.143.232.72 - - [24/Aug/2016:15:23:01 -0500] "GET /~jemoseman/project/FAQ.html HTTP/1.1" 200 1863 "-" "Mozilla/4.0 (compatible; MSIE 6.0; Windows NT 5.1; SV1)"
188.143.232.43 - - [24/Aug/2016:17:45:54 -0500] "GET /~jemoseman/project/contact_info.html HTTP/1.1" 200 1740 "-" "Mozilla/4.0 (compatible; MSIE 6.0; Windows NT 5.1; SV1)"
188.143.232.43 - - [24/Aug/2016:20:32:54 -0500] "GET /~jemoseman/project/cgi-bin/thread.cgi?thread_name=Theory%20of%20computation%20homework%20fun%20time HTTP/1.1" 200 1147934 "-" "Mozilla/4.0 (compatible; MSIE 6.0; Windows NT 5.1; SV1)"
188.143.232.40 - - [24/Aug/2016:23:12:31 -0500] "GET /~jemoseman/project/FAQ.html HTTP/1.1" 200 1863 "-" "Mozilla/4.0 (compatible; MSIE 6.0; Windows NT 5.1; SV1)"
188.143.232.72 - - [25/Aug/2016:01:53:16 -0500] "GET /~jemoseman/project/contact_info.html HTTP/1.1" 200 1740 "-" "Mozilla/4.0 (compatible; MSIE 6.0; Windows NT 5.1; SV1)"
188.143.232.62 - - [25/Aug/2016:05:13:13 -0500] "GET /~jemoseman/project/info.html HTTP/1.1" 200 1908 "-" "Mozilla/4.0 (compatible; MSIE 6.0; Windows NT 5.1; SV1)"
188.143.232.22 - - [25/Aug/2016:07:52:36 -0500] "GET /~jemoseman/project/cgi-bin/forum.cgi HTTP/1.1" 200 2844 "-" "Mozilla/4.0 (compatible; MSIE 6.0; Windows NT 5.1; SV1)"
