128.30.52.134 - - [01/Sep/2016:13:47:50 -0500] "GET /~bbryant/a1/ HTTP/1.1" 200 1453 "-" "Validator.nu/LV http://validator.w3.org/services"
137.48.177.107 - - [01/Sep/2016:15:06:58 -0500] "GET /favicon.ico HTTP/1.1" 304 176 "-" "Mozilla/5.0 (Windows NT 6.1; WOW64) AppleWebKit/537.36 (KHTML, like Gecko) Chrome/35.0.1916.153 Safari/537.36"
137.48.187.123 - - [01/Sep/2016:18:39:51 -0500] "GET /~leberle/1472773191+13180.cgi HTTP/1.1" 200 193 "-" "curl/7.22.0 (x86_64-pc-linux-gnu) libcurl/7.22.0 OpenSSL/1.0.1 zlib/1.2.3.4 libidn/1.23 librtmp/2.3"
188.143.232.41 - - [01/Sep/2016:21:11:09 -0500] "GET /~jemoseman/project/index.html HTTP/1.1" 200 1657 "-" "Mozilla/4.0 (compatible; MSIE 6.0; Windows NT 5.1; SV1)"
73.222.140.181 - - [02/Sep/2016:00:53:20 -0500] "GET /~jtrimm/project/images/turnnotation.png HTTP/1.1" 200 13500 "https://www.google.com/" "Mozilla/5.0 (Macintosh; Intel Mac OS X 10_11_2) AppleWebKit/537.36 (KHTML, like Gecko) Chrome/52.0.2743.116 Safari/537.36"
188.143.232.72 - - [02/Sep/2016:05:52:30 -0500] "GET /~jemoseman/project/index.html HTTP/1.1" 200 1657 "-" "Mozilla/4.0 (compatible; MSIE 6.0; Windows NT 5.1; SV1)"
128.30.52.73 - - [02/Sep/2016:09:45:57 -0500] "GET /~jstratman/index.html HTTP/1.1" 200 601 "-" "Validator.nu/LV http://validator.w3.org/services"
188.143.232.13 - - [02/Sep/2016:12:32:48 -0500] "GET /~jemoseman/project/info.html HTTP/1.1" 200 1908 "-" "Mozilla/4.0 (compatible; MSIE 6.0; Windows NT 5.1; SV1)"
188.143.232.21 - - [02/Sep/2016:15:12:07 -0500] "GET /~jemoseman/project/cgi-bin/thread.cgi?thread_name=Theory%20of%20computation%20homework%20fun%20time HTTP/1.1" 200 1084222 "-" "Mozilla/4.0 (compatible; MSIE 6.0; Windows NT 5.1; SV1)"
188.143.232.14 - - [02/Sep/2016:18:11:24 -0500] "GET /~jemoseman/project/cgi-bin/thread.cgi?thread_name=Theory%20of%20computation%20homework%20fun%20time HTTP/1.1" 200 1137798 "-" "Mozilla/4.0 (compatible; MSIE 6.0; Windows NT 5.1; SV1)"
207.46.13.159 - - [02/Sep/2016:21:24:50 -0500] "GET /1300/?l=12 HTTP/1.1" 200 1559 "-" "Mozilla/5.0 (compatible; bingbot/2.0; +http://www.bing.com/bingbot.htm)"
188.143.232.24 - - [02/Sep/2016:23:34:28 -0500] "GET /~jemoseman/project/cgi-bin/thread.cgi?thread_name=Theory%20of%20computation%20homework%20fun%20time HTTP/1.1" 200 1068294 "-" "Mozilla/4.0 (compatible; MSIE 6.0; Windows NT 5.1; SV1)"
188.143.232.24 - - [03/Sep/2016:01:37:26 -0500] "GET /~jemoseman/project/FAQ.html HTTP/1.1" 200 1863 "-" "Mozilla/4.0 (compatible; MSIE 6.0; Windows NT 5.1; SV1)"
188.143.232.21 - - [03/Sep/2016:03:29:00 -0500] "GET /~jemoseman/project/contact_info.html HTTP/1.1" 200 1740 "-" "Mozilla/4.0 (compatible; MSIE 6.0; Windows NT 5.1; SV1)"
122.164.219.44 - - [03/Sep/2016:05:11:42 -0500] "GET /~jtrimm/project/images/doubleheadlights.png HTTP/1.1" 200 4011 "https://www.google.co.in/" "Mozilla/5.0 (Windows NT 6.1) AppleWebKit/537.36 (KHTML, like Gecko) Chrome/52.0.2743.116 Safari/537.36"
188.143.232.26 - - [03/Sep/2016:07:00:57 -0500] "GET /~jemoseman/project/FAQ.html HTTP/1.1" 200 1863 "-" "Mozilla/4.0 (compatible; MSIE 6.0; Windows NT 5.1; SV1)"
188.143.232.16 - - [03/Sep/2016:08:46:42 -0500] "GET /~jemoseman/project/info.html HTTP/1.1" 200 1908 "-" "Mozilla/4.0 (compatible; MSIE 6.0; Windows NT 5.1; SV1)"
188.143.232.40 - - [03/Sep/2016:10:27:54 -0500] "GET /~jemoseman/project/cgi-bin/forum.cgi HTTP/1.1" 200 2844 "-" "Mozilla/4.0 (compatible; MSIE 6.0; Windows NT 5.1; SV1)"
188.143.232.14 - - [03/Sep/2016:12:07:08 -0500] "GET /~jemoseman/project/FAQ.html HTTP/1.1" 200 1863 "-" "Mozilla/4.0 (compatible; MSIE 6.0; Windows NT 5.1; SV1)"
98.23.163.21 - - [03/Sep/2016:13:40:31 -0500] "GET /~bchawla/a2/ HTTP/1.1" 200 2397 "-" "Mozilla/5.0 (Macintosh; Intel Mac OS X 10_11_2) AppleWebKit/537.36 (KHTML, like Gecko) Chrome/52.0.2743.116 Safari/537.36"
66.102.6.81 - - [03/Sep/2016:15:11:44 -0500] "GET /~jtrimm/project/images/chameleon.png HTTP/1.1" 200 3704 "-" "Mozilla/5.0 (compatible; GoogleDocs; documents; +http://docs.google.com)"
137.48.187.123 - - [03/Sep/2016:16:59:24 -0500] "GET /~bchawla/ HTTP/1.1" 200 2025 "-" "curl/7.22.0 (x86_64-pc-linux-gnu) libcurl/7.22.0 OpenSSL/1.0.1 zlib/1.2.3.4 libidn/1.23 librtmp/2.3"
188.143.232.16 - - [03/Sep/2016:18:26:46 -0500] "GET /~jemoseman/project/cgi-bin/forum.cgi HTTP/1.1" 200 2844 "-" "Mozilla/4.0 (compatible; MSIE 6.0; Windows NT 5.1; SV1)"
188.143.232.43 - - [03/Sep/2016:20:01:29 -0500] "GET /~jemoseman/project/contact_info.html HTTP/1.1" 200 1740 "-" "Mozilla/4.0 (compatible; MSIE 6.0; Windows NT 5.1; SV1)"
188.143.232.37 - - [03/Sep/2016:21:39:21 -0500] "GET /~jemoseman/project/info.html HTTP/1.1" 200 1908 "-" "Mozilla/4.0 (compatible; MSIE 6.0; Windows NT 5.1; SV1)"
188.143.232.24 - - [03/Sep/2016:23:13:27 -0500] "GET /~jemoseman/project/index.html HTTP/1.1" 200 1657 "-" "Mozilla/4.0 (compatible; MSIE 6.0; Windows NT 5.1; SV1)"
188.143.232.43 - - [04/Sep/2016:01:04:26 -0500] "GET /~jemoseman/project/cgi-bin/forum.cgi HTTP/1.1" 200 2844 "-" "Mozilla/4.0 (compatible; MSIE 6.0; Windows NT 5.1; SV1)"
188.143.232.26 - - [04/Sep/2016:03:30:46 -0500] "GET /~jemoseman/project/cgi-bin/forum.cgi HTTP/1.1" 200 2844 "-" "Mozilla/4.0 (compatible; MSIE 6.0; Windows NT 5.1; SV1)"
188.143.232.35 - - [04/Sep/2016:06:14:02 -0500] "GET /~jemoseman/project/cgi-bin/forum.cgi HTTP/1.1" 200 2844 "-" "Mozilla/4.0 (compatible; MSIE 6.0; Windows NT 5.1; SV1)"
188.143.232.21 - - [21/Aug/2016:08:09:51 -0500] "GET /~jemoseman/project/cgi-bin/thread.cgi?thread_name=Theory%20of%20computation%20homework%20fun%20time HTTP/1.1" 200 1092910 "-" "Mozilla/4.0 (compatible; MSIE 6.0; Windows NT 5.1; SV1)"
188.143.232.13 - - [21/Aug/2016:09:41:24 -0500] "GET /~jemoseman/project/cgi-bin/thread.cgi?thread_name=Theory%20of%20computation%20homework%20fun%20time HTTP/1.1" 200 1128134 "-" "Mozilla/4.0 (compatible; MSIE 6.0; Windows NT 5.1; SV1)"
188.143.232.72 - - [21/Aug/2016:11:19:22 -0500] "GET /~jemoseman/project/FAQ.html HTTP/1.1" 200 1863 "-" "Mozilla/4.0 (compatible; MSIE 6.0; Windows NT 5.1; SV1)"
188.143.232.26 - - [21/Aug/2016:12:58:04 -0500] "GET /~jemoseman/project/cgi-bin/thread.cgi?thread_name=Theory%20of%20computation%20homework%20fun%20time HTTP/1.1" 200 1090014 "-" "Mozilla/4.0 (compatible; MSIE 6.0; Windows NT 5.1; SV1)"
188.143.232.24 - - [21/Aug/2016:14:29:02 -0500] "GET /~jemoseman/project/index.html HTTP/1.1" 200 1657 "-" "Mozilla/4.0 (compatible; MSIE 6.0; Windows NT 5.1; SV1)"
188.143.232.37 - - [21/Aug/2016:16:06:56 -0500] "GET /~jemoseman/project/FAQ.html HTTP/1.1" 200 1863 "-" "Mozilla/4.0 (compatible; MSIE 6.0; Windows NT 5.1; SV1)"
188.143.232.11 - - [21/Aug/2016:17:25:40 -0500] "GET /~jemoseman/project/index.html HTTP/1.1" 200 1657 "-" "Mozilla/4.0 (compatible; MSIE 6.0; Windows NT 5.1; SV1)"
188.143.232.26 - - [21/Aug/2016:19:02:37 -0500] "GET /~jemoseman/project/info.html HTTP/1.1" 200 1908 "-" "Mozilla/4.0 (compatible; MSIE 6.0; Windows NT 5.1; SV1)"
188.143.232.15 - - [21/Aug/2016:20:39:03 -0500] "GET /~jemoseman/project/info.html HTTP/1.1" 200 1908 "-" "Mozilla/4.0 (compatible; MSIE 6.0; Windows NT 5.1; SV1)"
188.143.232.70 - - [21/Aug/2016:22:05:42 -0500] "GET /~jemoseman/project/contact_info.html HTTP/1.1" 200 1740 "-" "Mozilla/4.0 (compatible; MSIE 6.0; Windows NT 5.1; SV1)"
188.143.232.13 - - [21/Aug/2016:23:34:53 -0500] "GET /~jemoseman/project/index.html HTTP/1.1" 200 1657 "-" "Mozilla/4.0 (compatible; MSIE 6.0; Windows NT 5.1; SV1)"
188.143.232.22 - - [22/Aug/2016:01:10:38 -0500] "GET /~jemoseman/project/info.html HTTP/1.1" 200 1908 "-" "Mozilla/4.0 (compatible; MSIE 6.0; Windows NT 5.1; SV1)"
188.143.232.22 - - [22/Aug/2016:02:52:01 -0500] "GET /~jemoseman/project/index.html HTTP/1.1" 200 1657 "-" "Mozilla/4.0 (compatible; MSIE 6.0; Windows NT 5.1; SV1)"
188.143.232.11 - - [22/Aug/2016:04:49:54 -0500] "GET /~jemoseman/project/cgi-bin/forum.cgi HTTP/1.1" 200 2844 "-" "Mozilla/4.0 (compatible; MSIE 6.0; Windows NT 5.1; SV1)"
188.143.232.21 - - [22/Aug/2016:06:48:27 -0500] "GET /~jemoseman/project/FAQ.html HTTP/1.1" 200 1863 "-" "Mozilla/4.0 (compatible; MSIE 6.0; Windows NT 5.1; SV1)"
40.77.167.24 - - [22/Aug/2016:08:44:46 -0500] "GET /1300/examples/images/titanic.jpg HTTP/1.1" 200 40254 "-" "Mozilla/5.0 (compatible; bingbot/2.0; +http://www.bing.com/bingbot.htm)"
188.143.232.26 - - [22/Aug/2016:11:05:24 -0500] "GET /~jemoseman/project/contact_info.html HTTP/1.1" 200 1740 "-" "Mozilla/4.0 (compatible; MSIE 6.0; Windows NT 5.1; SV1)"
188.143.232.13 - - [22/Aug/2016:13:37:33 -0500] "GET /~jemoseman/project/info.html HTTP/1.1" 200 1908 "-" "Mozilla/4.0 (compatible; MSIE 6.0; Windows NT 5.1; SV1)"
82.18.128.220 - - [22/Aug/2016:15:00:49 -0500] "GET /~jtrimm/project/4x4.html HTTP/1.1" 200 4559 "https://www.google.co.uk/" "Mozilla/5.0 (Windows NT 10.0; Win64; x64) AppleWebKit/537.36 (KHTML, like Gecko) Chrome/52.0.2743.116 Safari/537.36"
188.143.232.16 - - [22/Aug/2016:16:44:44 -0500] "GET /~jemoseman/project/info.html HTTP/1.1" 200 1908 "-" "Mozilla/4.0 (compatible; MSIE 6.0; Windows NT 5.1; SV1)"
188.143.232.34 - - [22/Aug/2016:18:24:23 -0500] "GET /~jemoseman/project/cgi-bin/forum.cgi HTTP/1.1" 200 2844 "-" "Mozilla/4.0 (compatible; MSIE 6.0; Windows NT 5.1; SV1)"
188.143.232.13 - - [22/Aug/2016:20:01:47 -0500] "GET /~jemoseman/project/contact_info.html HTTP/1.1" 200 1740 "-" "Mozilla/4.0 (compatible; MSIE 6.0; Windows NT 5.1; SV1)"
188.143.232.15 - - [22/Aug/2016:21:33:00 -0500] "GET /~jemoseman/project/index.html HTTP/1.1" 200 1657 "-" "Mozilla/4.0 (compatible; MSIE 6.0; Windows NT 5.1; SV1)"
188.143.232.15 - - [22/Aug/2016:23:08:55 -0500] "GET /~jemoseman/project/cgi-bin/thread.cgi?thread_name=Theory%20of%20computation%20homework%20fun%20time HTTP/1.1" 200 1137798 "-" "Mozilla/4.0 (compatible; MSIE 6.0; Windows NT 5.1; SV1)"
64.39.105.222 - - [22/Aug/2016:23:17:21 -0500] "GET /mybb/ HTTP/1.1" 500 180 "-" "-"
64.39.105.222 - - [22/Aug/2016:23:18:12 -0500] "GET /modif/ HTTP/1.1" 500 180 "-" "-"
64.39.105.222 - - [22/Aug/2016:23:18:45 -0500] "GET /catalog/extras/ HTTP/1.1" 500 180 "-" "-"
64.39.105.222 - - [22/Aug/2016:23:19:08 -0500] "GET /modx-2.2.7-pl/ HTTP/1.1" 500 180 "-" "-"
188.143.232.35 - - [22/Aug/2016:23:20:08 -0500] "GET /~jemoseman/project/contact_info.html HTTP/1.1" 200 1740 "-" "Mozilla/4.0 (compatible; MSIE 6.0; Windows NT 5.1; SV1)"
188.143.232.41 - - [22/Aug/2016:23:56:51 -0500] "GET /~jemoseman/project/index.html HTTP/1.1" 200 1657 "-" "Mozilla/4.0 (compatible; MSIE 6.0; Windows NT 5.1; SV1)"
64.39.105.222 - - [23/Aug/2016:00:09:02 -0500] "GET /WorkArea/phptest.php3 HTTP/1.1" 404 4904 "-" "-"
64.39.105.222 - - [23/Aug/2016:01:02:08 -0500] "GET /mutant/html/article.php HTTP/1.0" 404 4845 "-" "-"
188.143.232.14 - - [23/Aug/2016:01:22:48 -0500] "GET /~jemoseman/project/index.html HTTP/1.1" 200 1657 "-" "Mozilla/4.0 (compatible; MSIE 6.0; Windows NT 5.1; SV1)"
188.143.232.43 - - [23/Aug/2016:03:03:38 -0500] "GET /~jemoseman/project/cgi-bin/thread.cgi?thread_name=Theory%20of%20computation%20homework%20fun%20time HTTP/1.1" 200 1182686 "-" "Mozilla/4.0 (compatible; MSIE 6.0; Windows NT 5.1; SV1)"
188.143.232.22 - - [23/Aug/2016:04:33:01 -0500] "GET /~jemoseman/project/contact_info.html HTTP/1.1" 200 1740 "-" "Mozilla/4.0 (compatible; MSIE 6.0; Windows NT 5.1; SV1)"
188.143.232.34 - - [23/Aug/2016:06:39:12 -0500] "GET /~jemoseman/project/index.html HTTP/1.1" 200 1657 "-" "Mozilla/4.0 (compatible; MSIE 6.0; Windows NT 5.1; SV1)"
188.143.232.62 - - [23/Aug/2016:08:29:22 -0500] "GET /~jemoseman/project/info.html HTTP/1.1" 200 1908 "-" "Mozilla/4.0 (compatible; MSIE 6.0; Windows NT 5.1; SV1)"
188.143.232.41 - - [23/Aug/2016:10:19:33 -0500] "GET /~jemoseman/project/contact_info.html HTTP/1.1" 200 1740 "-" "Mozilla/4.0 (compatible; MSIE 6.0; Windows NT 5.1; SV1)"
188.143.232.15 - - [23/Aug/2016:11:59:02 -0500] "GET /~jemoseman/project/cgi-bin/thread.cgi?thread_name=Theory%20of%20computation%20homework%20fun%20time HTTP/1.1" 200 1132478 "-" "Mozilla/4.0 (compatible; MSIE 6.0; Windows NT 5.1; SV1)"
188.143.232.37 - - [23/Aug/2016:13:41:11 -0500] "GET /~jemoseman/project/info.html HTTP/1.1" 200 1908 "-" "Mozilla/4.0 (compatible; MSIE 6.0; Windows NT 5.1; SV1)"
137.48.177.158 - - [23/Aug/2016:14:21:51 -0500] "GET /~jbarreramendoza/index.html HTTP/1.1" 404 518 "-" "Mozilla/5.0 (Windows NT 6.1; WOW64) AppleWebKit/537.36 (KHTML, like Gecko) Chrome/36.0.1985.125 Safari/537.36"
188.143.232.34 - - [23/Aug/2016:15:30:25 -0500] "GET /~jemoseman/project/FAQ.html HTTP/1.1" 200 1863 "-" "Mozilla/4.0 (compatible; MSIE 6.0; Windows NT 5.1; SV1)"
75.135.55.146 - - [23/Aug/2016:17:08:45 -0500] "GET /~knielsen/project2/ HTTP/1.1" 200 1674 "-" "Mozilla/5.0 (Windows NT 6.1; WOW64) AppleWebKit/537.36 (KHTML, like Gecko) Chrome/52.0.2743.116 Safari/537.36"
188.143.232.43 - - [23/Aug/2016:18:43:48 -0500] "GET /~jemoseman/project/info.html HTTP/1.1" 200 1908 "-" "Mozilla/4.0 (compatible; MSIE 6.0; Windows NT 5.1; SV1)"
188.143.232.15 - - [23/Aug/2016:20:13:01 -0500] "GET /~jemoseman/project/info.html HTTP/1.1" 200 1908 "-" "Mozilla/4.0 (compatible; MSIE 6.0; Windows NT 5.1; SV1)"
188.143.232.43 - - [23/Aug/2016:21:31:14 -0500] "GET /~jemoseman/project/info.html HTTP/1.1" 200 1908 "-" "Mozilla/4.0 (compatible; MSIE 6.0; Windows NT 5.1; SV1)"
188.143.232.22 - - [23/Aug/2016:23:09:15 -0500] "GET /~jemoseman/project/index.html HTTP/1.1" 200 1657 "-" "Mozilla/4.0 (compatible; MSIE 6.0; Windows NT 5.1; SV1)"
188.143.232.24 - - [24/Aug/2016:00:58:25 -0500] "GET /~jemoseman/project/info.html HTTP/1.1" 200 1908 "-" "Mozilla/4.0 (compatible; MSIE 6.0; Windows NT 5.1; SV1)"
188.143.232.62 - - [24/Aug/2016:03:36:27 -0500] "GET /~jemoseman/project/contact_info.html HTTP/1.1" 200 1740 "-" "Mozilla/4.0 (compatible; MSIE 6.0; Windows NT 5.1; SV1)"
188.143.232.43 - - [24/Aug/2016:06:29:59 -0500] "GET /~jemoseman/project/FAQ.html HTTP/1.1" 200 1863 "-" "Mozilla/4.0 (compatible; MSIE 6.0; Windows NT 5.1; SV1)"
188.143.232.35 - - [24/Aug/2016:08:16:30 -0500] "GET /~jemoseman/project/index.html HTTP/1.1" 200 1657 "-" "Mozilla/4.0 (compatible; MSIE 6.0; Windows NT 5.1; SV1)"
188.143.232.34 - - [24/Aug/2016:09:32:58 -0500] "GET /~jemoseman/project/FAQ.html HTTP/1.1" 200 1863 "-" "Mozilla/4.0 (compatible; MSIE 6.0; Windows NT 5.1; SV1)"
188.143.232.14 - - [24/Aug/2016:11:10:30 -0500] "GET /~jemoseman/project/info.html HTTP/1.1" 200 1908 "-" "Mozilla/4.0 (compatible; MSIE 6.0; Windows NT 5.1; SV1)"
188.143.232.72 - - [24/Aug/2016:13:06:06 -0500] "GET /~jemoseman/project/cgi-bin/thread.cgi?thread_name=Theory%20of%20computation%20homework%20fun%20time HTTP/1.1" 200 1245422 "-" "Mozilla/4.0 (compatible; MSIE 6.0; Windows NT 5.1; SV1)"
188.143.232.72 - - [24/Aug/2016:15:23:01 -0500] "GET /~jemoseman/project/FAQ.html HTTP/1.1" 200 1863 "-" "Mozilla/4.0 (compatible; MSIE 6.0; Windows NT 5.1; SV1)"
188.143.232.10 - - [24/Aug/2016:19:13:56 -0500] "GET /~jemoseman/project/cgi-bin/thread.cgi?thread_name=Theory%20of%20computation%20homework%20fun%20time HTTP/1.1" 200 1103046 "-" "Mozilla/4.0 (compatible; MSIE 6.0; Windows NT 5.1; SV1)"
188.143.232.40 - - [24/Aug/2016:23:12:31 -0500] "GET /~jemoseman/project/FAQ.html HTTP/1.1" 200 1863 "-" "Mozilla/4.0 (compatible; MSIE 6.0; Windows NT 5.1; SV1)"
47.72.186.46 - - [25/Aug/2016:03:36:28 -0500] "GET /~jtrimm/project/images/toplayercases.png HTTP/1.1" 200 8644 "https://www.google.co.nz/" "Mozilla/5.0 (Macintosh; Intel Mac OS X 10_11_5) AppleWebKit/537.36 (KHTML, like Gecko) Chrome/52.0.2743.116 Safari/537.36"
188.143.232.22 - - [25/Aug/2016:07:52:36 -0500] "GET /~jemoseman/project/cgi-bin/forum.cgi HTTP/1.1" 200 2844 "-" "Mozilla/4.0 (compatible; MSIE 6.0; Windows NT 5.1; SV1)"
188.143.232.72 - - [25/Aug/2016:11:18:56 -0500] "GET /~jemoseman/project/info.html HTTP/1.1" 200 1908 "-" "Mozilla/4.0 (compatible; MSIE 6.0; Windows NT 5.1; SV1)"
137.48.185.250 - - [25/Aug/2016:14:28:40 -0500] "GET /favicon.ico HTTP/1.1" 200 1266 "-" "Mozilla/5.0 (Windows NT 6.1; WOW64; rv:46.0) Gecko/20100101 Firefox/46.0"
188.143.232.13 - - [25/Aug/2016:15:55:57 -0500] "GET /~jemoseman/project/contact_info.html HTTP/1.1" 200 1740 "-" "Mozilla/4.0 (compatible; MSIE 6.0; Windows NT 5.1; SV1)"
68.13.76.41 - - [25/Aug/2016:18:34:15 -0500] "GET /~ahermanek/a1 HTTP/1.1" 304 189 "-" "Mozilla/5.0 (Windows NT 10.0; Win64; x64) AppleWebKit/537.36 (KHTML, like Gecko) Chrome/52.0.2743.116 Safari/537.36"
188.143.232.15 - - [25/Aug/2016:22:13:17 -0500] "GET /~jemoseman/project/FAQ.html HTTP/1.1" 200 1863 "-" "Mozilla/4.0 (compatible; MSIE 6.0; Windows NT 5.1; SV1)"
188.143.232.72 - - [26/Aug/2016:01:59:34 -0500] "GET /~jemoseman/project/contact_info.html HTTP/1.1" 200 1740 "-" "Mozilla/4.0 (compatible; MSIE 6.0; Windows NT 5.1; SV1)"
188.143.232.19 - - [26/Aug/2016:05:26:22 -0500] "GET /~jemoseman/project/FAQ.html HTTP/1.1" 200 1863 "-" "Mozilla/4.0 (compatible; MSIE 6.0; Windows NT 5.1; SV1)"
188.143.232.62 - - [26/Aug/2016:08:42:56 -0500] "GET /~jemoseman/project/cgi-bin/thread.cgi?thread_name=Theory%20of%20computation%20homework%20fun%20time HTTP/1.1" 200 1133454 "-" "Mozilla/4.0 (compatible; MSIE 6.0; Windows NT 5.1; SV1)"
188.143.232.26 - - [26/Aug/2016:11:20:36 -0500] "GET /~jemoseman/project/index.html HTTP/1.1" 200 1657 "-" "Mozilla/4.0 (compatible; MSIE 6.0; Windows NT 5.1; SV1)"
188.143.232.15 - - [26/Aug/2016:13:05:43 -0500] "GET /~jemoseman/project/contact_info.html HTTP/1.1" 200 1740 "-" "Mozilla/4.0 (compatible; MSIE 6.0; Windows NT 5.1; SV1)"
188.143.232.10 - - [26/Aug/2016:14:47:36 -0500] "GET /~jemoseman/project/cgi-bin/thread.cgi?thread_name=Theory%20of%20computation%20homework%20fun%20time HTTP/1.1" 200 1125238 "-" "Mozilla/4.0 (compatible; MSIE 6.0; Windows NT 5.1; SV1)"
188.143.232.72 - - [26/Aug/2016:16:20:55 -0500] "GET /~jemoseman/project/contact_info.html HTTP/1.1" 200 1740 "-" "Mozilla/4.0 (compatible; MSIE 6.0; Windows NT 5.1; SV1)"
188.143.232.13 - - [26/Aug/2016:18:04:24 -0500] "GET /~jemoseman/project/cgi-bin/forum.cgi HTTP/1.1" 200 2844 "-" "Mozilla/4.0 (compatible; MSIE 6.0; Windows NT 5.1; SV1)"
188.143.232.11 - - [26/Aug/2016:19:35:32 -0500] "GET /~jemoseman/project/cgi-bin/forum.cgi HTTP/1.1" 200 2844 "-" "Mozilla/4.0 (compatible; MSIE 6.0; Windows NT 5.1; SV1)"
188.143.232.41 - - [26/Aug/2016:21:07:48 -0500] "GET /~jemoseman/project/cgi-bin/thread.cgi?thread_name=Theory%20of%20computation%20homework%20fun%20time HTTP/1.1" 200 1087118 "-" "Mozilla/4.0 (compatible; MSIE 6.0; Windows NT 5.1; SV1)"
188.143.232.72 - - [26/Aug/2016:22:36:15 -0500] "GET /~jemoseman/project/FAQ.html HTTP/1.1" 200 1863 "-" "Mozilla/4.0 (compatible; MSIE 6.0; Windows NT 5.1; SV1)"
188.143.232.15 - - [27/Aug/2016:00:03:10 -0500] "GET /~jemoseman/project/info.html HTTP/1.1" 200 1908 "-" "Mozilla/4.0 (compatible; MSIE 6.0; Windows NT 5.1; SV1)"
188.143.232.72 - - [27/Aug/2016:01:32:18 -0500] "GET /~jemoseman/project/contact_info.html HTTP/1.1" 200 1740 "-" "Mozilla/4.0 (compatible; MSIE 6.0; Windows NT 5.1; SV1)"
188.143.232.26 - - [27/Aug/2016:03:12:38 -0500] "GET /~jemoseman/project/contact_info.html HTTP/1.1" 200 1740 "-" "Mozilla/4.0 (compatible; MSIE 6.0; Windows NT 5.1; SV1)"
188.143.232.43 - - [27/Aug/2016:04:50:54 -0500] "GET /~jemoseman/project/index.html HTTP/1.1" 200 1657 "-" "Mozilla/4.0 (compatible; MSIE 6.0; Windows NT 5.1; SV1)"
188.143.232.15 - - [27/Aug/2016:06:27:11 -0500] "GET /~jemoseman/project/cgi-bin/forum.cgi HTTP/1.1" 200 2844 "-" "Mozilla/4.0 (compatible; MSIE 6.0; Windows NT 5.1; SV1)"
188.143.232.10 - - [27/Aug/2016:08:05:01 -0500] "GET /~jemoseman/project/contact_info.html HTTP/1.1" 200 1740 "-" "Mozilla/4.0 (compatible; MSIE 6.0; Windows NT 5.1; SV1)"
188.143.232.11 - - [27/Aug/2016:09:45:37 -0500] "GET /~jemoseman/project/cgi-bin/thread.cgi?thread_name=Theory%20of%20computation%20homework%20fun%20time HTTP/1.1" 200 1137798 "-" "Mozilla/4.0 (compatible; MSIE 6.0; Windows NT 5.1; SV1)"
188.143.232.11 - - [27/Aug/2016:11:21:12 -0500] "GET /~jemoseman/project/index.html HTTP/1.1" 200 1657 "-" "Mozilla/4.0 (compatible; MSIE 6.0; Windows NT 5.1; SV1)"
188.143.232.43 - - [27/Aug/2016:13:10:36 -0500] "GET /~jemoseman/project/FAQ.html HTTP/1.1" 200 1863 "-" "Mozilla/4.0 (compatible; MSIE 6.0; Windows NT 5.1; SV1)"
188.143.232.22 - - [27/Aug/2016:14:58:29 -0500] "GET /~jemoseman/project/index.html HTTP/1.1" 200 1657 "-" "Mozilla/4.0 (compatible; MSIE 6.0; Windows NT 5.1; SV1)"
157.55.39.50 - - [27/Aug/2016:16:59:56 -0500] "GET /1300/examples/0507.html HTTP/1.1" 200 519 "-" "Mozilla/5.0 (compatible; bingbot/2.0; +http://www.bing.com/bingbot.htm)"
188.143.232.72 - - [27/Aug/2016:19:31:17 -0500] "GET /~jemoseman/project/cgi-bin/thread.cgi?thread_name=Theory%20of%20computation%20homework%20fun%20time HTTP/1.1" 200 1260698 "-" "Mozilla/4.0 (compatible; MSIE 6.0; Windows NT 5.1; SV1)"
188.143.232.26 - - [28/Aug/2016:00:31:27 -0500] "GET /~jemoseman/project/cgi-bin/thread.cgi?thread_name=Theory%20of%20computation%20homework%20fun%20time HTTP/1.1" 200 1118974 "-" "Mozilla/4.0 (compatible; MSIE 6.0; Windows NT 5.1; SV1)"
180.76.15.162 - - [28/Aug/2016:06:14:16 -0500] "GET / HTTP/1.1" 200 7019 "-" "Mozilla/5.0 (compatible; Baiduspider/2.0; +http://www.baidu.com/search/spider.html)"
137.48.187.123 - - [14/Aug/2016:19:07:18 -0500] "GET /~mbarakat/1471219638+12269.cgi HTTP/1.1" 200 194 "-" "curl/7.22.0 (x86_64-pc-linux-gnu) libcurl/7.22.0 OpenSSL/1.0.1 zlib/1.2.3.4 libidn/1.23 librtmp/2.3"
46.32.40.44 - - [15/Aug/2016:02:46:26 -0500] "GET /apple-touch-icon-precomposed.png HTTP/1.1" 404 1857 "-" "Safari/11601.6.17 CFNetwork/760.5.1 Darwin/15.5.0 (x86_64)"
188.143.232.15 - - [15/Aug/2016:13:57:04 -0500] "GET /~jemoseman/project/cgi-bin/thread.cgi?thread_name=Theory%20of%20computation%20homework%20fun%20time HTTP/1.1" 200 1011423 "-" "Mozilla/4.0 (compatible; MSIE 6.0; Windows NT 5.1; SV1)"
188.143.232.22 - - [15/Aug/2016:15:30:35 -0500] "GET /~jemoseman/project/cgi-bin/thread.cgi?thread_name=Theory%20of%20computation%20homework%20fun%20time HTTP/1.1" 200 1019516 "-" "Mozilla/4.0 (compatible; MSIE 6.0; Windows NT 5.1; SV1)"
188.143.232.15 - - [15/Aug/2016:17:25:56 -0500] "GET /~jemoseman/project/index.html HTTP/1.1" 200 1657 "-" "Mozilla/4.0 (compatible; MSIE 6.0; Windows NT 5.1; SV1)"
188.143.232.26 - - [15/Aug/2016:18:51:02 -0500] "GET /~jemoseman/project/index.html HTTP/1.1" 200 1657 "-" "Mozilla/4.0 (compatible; MSIE 6.0; Windows NT 5.1; SV1)"
188.143.232.35 - - [15/Aug/2016:20:39:36 -0500] "GET /~jemoseman/project/index.html HTTP/1.1" 200 1657 "-" "Mozilla/4.0 (compatible; MSIE 6.0; Windows NT 5.1; SV1)"
188.143.232.35 - - [15/Aug/2016:22:29:18 -0500] "GET /~jemoseman/project/contact_info.html HTTP/1.1" 200 1740 "-" "Mozilla/4.0 (compatible; MSIE 6.0; Windows NT 5.1; SV1)"
188.143.232.34 - - [15/Aug/2016:23:23:55 -0500] "GET /~jemoseman/project/contact_info.html HTTP/1.1" 200 1740 "-" "Mozilla/4.0 (compatible; MSIE 6.0; Windows NT 5.1; SV1)"
188.143.232.21 - - [16/Aug/2016:01:12:59 -0500] "GET /~jemoseman/project/info.html HTTP/1.1" 200 1908 "-" "Mozilla/4.0 (compatible; MSIE 6.0; Windows NT 5.1; SV1)"
188.143.232.14 - - [16/Aug/2016:03:04:33 -0500] "GET /~jemoseman/project/info.html HTTP/1.1" 200 1908 "-" "Mozilla/4.0 (compatible; MSIE 6.0; Windows NT 5.1; SV1)"
188.143.232.10 - - [16/Aug/2016:04:50:41 -0500] "GET /~jemoseman/project/index.html HTTP/1.1" 200 1657 "-" "Mozilla/4.0 (compatible; MSIE 6.0; Windows NT 5.1; SV1)"
188.143.232.62 - - [16/Aug/2016:06:28:46 -0500] "GET /~jemoseman/project/FAQ.html HTTP/1.1" 200 1863 "-" "Mozilla/4.0 (compatible; MSIE 6.0; Windows NT 5.1; SV1)"
188.143.232.37 - - [16/Aug/2016:08:12:32 -0500] "GET /~jemoseman/project/info.html HTTP/1.1" 200 1908 "-" "Mozilla/4.0 (compatible; MSIE 6.0; Windows NT 5.1; SV1)"
188.143.232.13 - - [16/Aug/2016:09:51:26 -0500] "GET /~jemoseman/project/cgi-bin/thread.cgi?thread_name=Theory%20of%20computation%20homework%20fun%20time HTTP/1.1" 200 1062015 "-" "Mozilla/4.0 (compatible; MSIE 6.0; Windows NT 5.1; SV1)"
188.143.232.70 - - [16/Aug/2016:11:38:50 -0500] "GET /~jemoseman/project/index.html HTTP/1.1" 200 1657 "-" "Mozilla/4.0 (compatible; MSIE 6.0; Windows NT 5.1; SV1)"
188.143.232.10 - - [16/Aug/2016:13:18:49 -0500] "GET /~jemoseman/project/FAQ.html HTTP/1.1" 200 1863 "-" "Mozilla/4.0 (compatible; MSIE 6.0; Windows NT 5.1; SV1)"
188.143.232.43 - - [16/Aug/2016:15:00:18 -0500] "GET /~jemoseman/project/contact_info.html HTTP/1.1" 200 1740 "-" "Mozilla/4.0 (compatible; MSIE 6.0; Windows NT 5.1; SV1)"
188.143.232.26 - - [16/Aug/2016:16:53:56 -0500] "GET /~jemoseman/project/cgi-bin/thread.cgi?thread_name=Theory%20of%20computation%20homework%20fun%20time HTTP/1.1" 200 1070134 "-" "Mozilla/4.0 (compatible; MSIE 6.0; Windows NT 5.1; SV1)"
188.143.232.13 - - [16/Aug/2016:18:30:35 -0500] "GET /~jemoseman/project/cgi-bin/forum.cgi HTTP/1.1" 200 2736 "-" "Mozilla/4.0 (compatible; MSIE 6.0; Windows NT 5.1; SV1)"
188.143.232.21 - - [16/Aug/2016:20:18:38 -0500] "GET /~jemoseman/project/info.html HTTP/1.1" 200 1908 "-" "Mozilla/4.0 (compatible; MSIE 6.0; Windows NT 5.1; SV1)"
188.143.232.22 - - [16/Aug/2016:22:01:29 -0500] "GET /~jemoseman/project/contact_info.html HTTP/1.1" 200 1740 "-" "Mozilla/4.0 (compatible; MSIE 6.0; Windows NT 5.1; SV1)"
188.143.232.10 - - [16/Aug/2016:23:46:20 -0500] "GET /~jemoseman/project/info.html HTTP/1.1" 200 1908 "-" "Mozilla/4.0 (compatible; MSIE 6.0; Windows NT 5.1; SV1)"
188.143.232.13 - - [17/Aug/2016:01:33:47 -0500] "GET /~jemoseman/project/cgi-bin/thread.cgi?thread_name=Theory%20of%20computation%20homework%20fun%20time HTTP/1.1" 200 1079878 "-" "Mozilla/4.0 (compatible; MSIE 6.0; Windows NT 5.1; SV1)"
188.143.232.34 - - [17/Aug/2016:03:17:30 -0500] "GET /~jemoseman/project/contact_info.html HTTP/1.1" 200 1740 "-" "Mozilla/4.0 (compatible; MSIE 6.0; Windows NT 5.1; SV1)"
188.143.232.14 - - [17/Aug/2016:05:03:18 -0500] "GET /~jemoseman/project/info.html HTTP/1.1" 200 1908 "-" "Mozilla/4.0 (compatible; MSIE 6.0; Windows NT 5.1; SV1)"
188.143.232.41 - - [17/Aug/2016:06:45:49 -0500] "GET /~jemoseman/project/cgi-bin/forum.cgi HTTP/1.1" 200 2736 "-" "Mozilla/4.0 (compatible; MSIE 6.0; Windows NT 5.1; SV1)"
188.143.232.37 - - [17/Aug/2016:08:20:54 -0500] "GET /~jemoseman/project/cgi-bin/forum.cgi HTTP/1.1" 200 2736 "-" "Mozilla/4.0 (compatible; MSIE 6.0; Windows NT 5.1; SV1)"
188.143.232.11 - - [17/Aug/2016:10:02:17 -0500] "GET /~jemoseman/project/FAQ.html HTTP/1.1" 200 1863 "-" "Mozilla/4.0 (compatible; MSIE 6.0; Windows NT 5.1; SV1)"
188.143.232.70 - - [17/Aug/2016:11:41:42 -0500] "GET /~jemoseman/project/cgi-bin/forum.cgi HTTP/1.1" 200 2736 "-" "Mozilla/4.0 (compatible; MSIE 6.0; Windows NT 5.1; SV1)"
188.143.232.35 - - [17/Aug/2016:13:12:44 -0500] "GET /~jemoseman/project/FAQ.html HTTP/1.1" 200 1863 "-" "Mozilla/4.0 (compatible; MSIE 6.0; Windows NT 5.1; SV1)"
66.249.69.40 - - [17/Aug/2016:14:51:06 -0500] "GET /~jtrimm/project/images/dedgepair2.png HTTP/1.1" 304 189 "-" "Googlebot-Image/1.0"
188.143.232.15 - - [17/Aug/2016:16:42:10 -0500] "GET /~jemoseman/project/index.html HTTP/1.1" 200 1657 "-" "Mozilla/4.0 (compatible; MSIE 6.0; Windows NT 5.1; SV1)"
188.143.232.37 - - [17/Aug/2016:18:19:04 -0500] "GET /~jemoseman/project/cgi-bin/forum.cgi HTTP/1.1" 200 2736 "-" "Mozilla/4.0 (compatible; MSIE 6.0; Windows NT 5.1; SV1)"
188.143.232.21 - - [17/Aug/2016:19:57:26 -0500] "GET /~jemoseman/project/cgi-bin/thread.cgi?thread_name=Theory%20of%20computation%20homework%20fun%20time HTTP/1.1" 200 1103774 "-" "Mozilla/4.0 (compatible; MSIE 6.0; Windows NT 5.1; SV1)"
188.143.232.70 - - [17/Aug/2016:21:29:02 -0500] "GET /~jemoseman/project/index.html HTTP/1.1" 200 1657 "-" "Mozilla/4.0 (compatible; MSIE 6.0; Windows NT 5.1; SV1)"
123.30.175.218 - - [17/Aug/2016:23:00:35 -0500] "GET /%7Ejtrimm/project/4x4.html HTTP/1.1" 200 4522 "-" "Mozilla/5.0 (compatible; coccoc/1.0; +http://help.coccoc.com/searchengine)"
188.143.232.41 - - [18/Aug/2016:00:41:15 -0500] "GET /~jemoseman/project/FAQ.html HTTP/1.1" 200 1863 "-" "Mozilla/4.0 (compatible; MSIE 6.0; Windows NT 5.1; SV1)"
188.143.232.19 - - [18/Aug/2016:02:27:19 -0500] "GET /~jemoseman/project/index.html HTTP/1.1" 200 1657 "-" "Mozilla/4.0 (compatible; MSIE 6.0; Windows NT 5.1; SV1)"
188.143.232.70 - - [18/Aug/2016:04:07:16 -0500] "GET /~jemoseman/project/contact_info.html HTTP/1.1" 200 1740 "-" "Mozilla/4.0 (compatible; MSIE 6.0; Windows NT 5.1; SV1)"
188.143.232.40 - - [18/Aug/2016:05:48:19 -0500] "GET /~jemoseman/project/cgi-bin/forum.cgi HTTP/1.1" 200 2736 "-" "Mozilla/4.0 (compatible; MSIE 6.0; Windows NT 5.1; SV1)"
188.143.232.14 - - [18/Aug/2016:07:29:24 -0500] "GET /~jemoseman/project/info.html HTTP/1.1" 200 1908 "-" "Mozilla/4.0 (compatible; MSIE 6.0; Windows NT 5.1; SV1)"
188.143.232.26 - - [18/Aug/2016:09:06:11 -0500] "GET /~jemoseman/project/cgi-bin/forum.cgi HTTP/1.1" 200 2736 "-" "Mozilla/4.0 (compatible; MSIE 6.0; Windows NT 5.1; SV1)"
188.143.232.24 - - [18/Aug/2016:10:47:49 -0500] "GET /~jemoseman/project/cgi-bin/thread.cgi?thread_name=Theory%20of%20computation%20homework%20fun%20time HTTP/1.1" 200 1043678 "-" "Mozilla/4.0 (compatible; MSIE 6.0; Windows NT 5.1; SV1)"
188.143.232.21 - - [18/Aug/2016:12:33:08 -0500] "GET /~jemoseman/project/index.html HTTP/1.1" 200 1657 "-" "Mozilla/4.0 (compatible; MSIE 6.0; Windows NT 5.1; SV1)"
188.143.232.70 - - [18/Aug/2016:14:12:50 -0500] "GET /~jemoseman/project/index.html HTTP/1.1" 200 1657 "-" "Mozilla/4.0 (compatible; MSIE 6.0; Windows NT 5.1; SV1)"
188.143.232.11 - - [18/Aug/2016:15:46:22 -0500] "GET /~jemoseman/project/contact_info.html HTTP/1.1" 200 1740 "-" "Mozilla/4.0 (compatible; MSIE 6.0; Windows NT 5.1; SV1)"
188.143.232.22 - - [18/Aug/2016:17:27:24 -0500] "GET /~jemoseman/project/cgi-bin/forum.cgi HTTP/1.1" 200 2736 "-" "Mozilla/4.0 (compatible; MSIE 6.0; Windows NT 5.1; SV1)"
188.143.232.40 - - [18/Aug/2016:19:09:49 -0500] "GET /~jemoseman/project/FAQ.html HTTP/1.1" 200 1863 "-" "Mozilla/4.0 (compatible; MSIE 6.0; Windows NT 5.1; SV1)"
188.143.232.26 - - [18/Aug/2016:20:53:04 -0500] "GET /~jemoseman/project/FAQ.html HTTP/1.1" 200 1863 "-" "Mozilla/4.0 (compatible; MSIE 6.0; Windows NT 5.1; SV1)"
188.143.232.43 - - [18/Aug/2016:22:29:04 -0500] "GET /~jemoseman/project/cgi-bin/forum.cgi HTTP/1.1" 200 2736 "-" "Mozilla/4.0 (compatible; MSIE 6.0; Windows NT 5.1; SV1)"
188.143.232.40 - - [19/Aug/2016:00:10:47 -0500] "GET /~jemoseman/project/cgi-bin/thread.cgi?thread_name=Theory%20of%20computation%20homework%20fun%20time HTTP/1.1" 200 1137456 "-" "Mozilla/4.0 (compatible; MSIE 6.0; Windows NT 5.1; SV1)"
188.143.232.43 - - [19/Aug/2016:01:53:25 -0500] "GET /~jemoseman/project/index.html HTTP/1.1" 200 1657 "-" "Mozilla/4.0 (compatible; MSIE 6.0; Windows NT 5.1; SV1)"
188.143.232.24 - - [19/Aug/2016:03:35:15 -0500] "GET /~jemoseman/project/FAQ.html HTTP/1.1" 200 1863 "-" "Mozilla/4.0 (compatible; MSIE 6.0; Windows NT 5.1; SV1)"
188.143.232.14 - - [19/Aug/2016:05:17:44 -0500] "GET /~jemoseman/project/cgi-bin/forum.cgi HTTP/1.1" 200 2736 "-" "Mozilla/4.0 (compatible; MSIE 6.0; Windows NT 5.1; SV1)"
188.143.232.40 - - [19/Aug/2016:06:54:50 -0500] "GET /~jemoseman/project/FAQ.html HTTP/1.1" 200 1863 "-" "Mozilla/4.0 (compatible; MSIE 6.0; Windows NT 5.1; SV1)"
188.143.232.22 - - [19/Aug/2016:08:33:09 -0500] "GET /~jemoseman/project/index.html HTTP/1.1" 200 1657 "-" "Mozilla/4.0 (compatible; MSIE 6.0; Windows NT 5.1; SV1)"
188.143.232.41 - - [19/Aug/2016:10:10:37 -0500] "GET /~jemoseman/project/index.html HTTP/1.1" 200 1657 "-" "Mozilla/4.0 (compatible; MSIE 6.0; Windows NT 5.1; SV1)"
188.143.232.15 - - [19/Aug/2016:11:46:59 -0500] "GET /~jemoseman/project/index.html HTTP/1.1" 200 1657 "-" "Mozilla/4.0 (compatible; MSIE 6.0; Windows NT 5.1; SV1)"
188.143.232.16 - - [19/Aug/2016:13:23:12 -0500] "GET /~jemoseman/project/contact_info.html HTTP/1.1" 200 1740 "-" "Mozilla/4.0 (compatible; MSIE 6.0; Windows NT 5.1; SV1)"
188.143.232.37 - - [19/Aug/2016:14:55:42 -0500] "GET /~jemoseman/project/cgi-bin/thread.cgi?thread_name=Theory%20of%20computation%20homework%20fun%20time HTTP/1.1" 200 1061054 "-" "Mozilla/4.0 (compatible; MSIE 6.0; Windows NT 5.1; SV1)"
188.143.232.21 - - [19/Aug/2016:16:36:59 -0500] "GET /~jemoseman/project/FAQ.html HTTP/1.1" 200 1863 "-" "Mozilla/4.0 (compatible; MSIE 6.0; Windows NT 5.1; SV1)"
188.143.232.35 - - [19/Aug/2016:18:16:14 -0500] "GET /~jemoseman/project/contact_info.html HTTP/1.1" 200 1740 "-" "Mozilla/4.0 (compatible; MSIE 6.0; Windows NT 5.1; SV1)"
188.143.232.72 - - [19/Aug/2016:19:48:01 -0500] "GET /~jemoseman/project/FAQ.html HTTP/1.1" 200 1863 "-" "Mozilla/4.0 (compatible; MSIE 6.0; Windows NT 5.1; SV1)"
188.143.232.10 - - [19/Aug/2016:21:14:27 -0500] "GET /~jemoseman/project/info.html HTTP/1.1" 200 1908 "-" "Mozilla/4.0 (compatible; MSIE 6.0; Windows NT 5.1; SV1)"
188.143.232.15 - - [19/Aug/2016:22:51:06 -0500] "GET /~jemoseman/project/FAQ.html HTTP/1.1" 200 1863 "-" "Mozilla/4.0 (compatible; MSIE 6.0; Windows NT 5.1; SV1)"
188.143.232.40 - - [20/Aug/2016:00:28:48 -0500] "GET /~jemoseman/project/cgi-bin/thread.cgi?thread_name=Theory%20of%20computation%20homework%20fun%20time HTTP/1.1" 200 1118974 "-" "Mozilla/4.0 (compatible; MSIE 6.0; Windows NT 5.1; SV1)"
188.143.232.70 - - [20/Aug/2016:01:46:00 -0500] "GET /~jemoseman/project/contact_info.html HTTP/1.1" 200 1740 "-" "Mozilla/4.0 (compatible; MSIE 6.0; Windows NT 5.1; SV1)"
188.143.232.37 - - [20/Aug/2016:03:27:55 -0500] "GET /~jemoseman/project/cgi-bin/forum.cgi HTTP/1.1" 200 2736 "-" "Mozilla/4.0 (compatible; MSIE 6.0; Windows NT 5.1; SV1)"
188.143.232.62 - - [20/Aug/2016:05:05:25 -0500] "GET /~jemoseman/project/contact_info.html HTTP/1.1" 200 1740 "-" "Mozilla/4.0 (compatible; MSIE 6.0; Windows NT 5.1; SV1)"
188.143.232.22 - - [20/Aug/2016:06:39:48 -0500] "GET /~jemoseman/project/FAQ.html HTTP/1.1" 200 1863 "-" "Mozilla/4.0 (compatible; MSIE 6.0; Windows NT 5.1; SV1)"
188.143.232.16 - - [20/Aug/2016:08:15:17 -0500] "GET /~jemoseman/project/cgi-bin/forum.cgi HTTP/1.1" 200 2736 "-" "Mozilla/4.0 (compatible; MSIE 6.0; Windows NT 5.1; SV1)"
188.143.232.16 - - [20/Aug/2016:09:54:11 -0500] "GET /~jemoseman/project/FAQ.html HTTP/1.1" 200 1863 "-" "Mozilla/4.0 (compatible; MSIE 6.0; Windows NT 5.1; SV1)"
41.58.239.101 - - [20/Aug/2016:11:31:36 -0500] "GET /~jtrimm/project/4x4.html HTTP/1.1" 200 4558 "-" "Mozilla/5.0 (Macintosh; Intel Mac OS X 10_11_6) AppleWebKit/601.7.7 (KHTML, like Gecko)"
188.143.232.14 - - [20/Aug/2016:13:10:45 -0500] "GET /~jemoseman/project/index.html HTTP/1.1" 200 1657 "-" "Mozilla/4.0 (compatible; MSIE 6.0; Windows NT 5.1; SV1)"
188.143.232.21 - - [20/Aug/2016:14:49:14 -0500] "GET /~jemoseman/project/cgi-bin/thread.cgi?thread_name=Theory%20of%20computation%20homework%20fun%20time HTTP/1.1" 200 1085670 "-" "Mozilla/4.0 (compatible; MSIE 6.0; Windows NT 5.1; SV1)"
98.23.163.218 - - [20/Aug/2016:16:28:23 -0500] "GET /~afuchsberger/cist1300/syllabus/ HTTP/1.1" 200 13936 "-" "Mozilla/5.0 (Macintosh; Intel Mac OS X 10_11_6) AppleWebKit/537.36 (KHTML, like Gecko) Chrome/52.0.2743.116 Safari/537.36"
188.143.232.62 - - [20/Aug/2016:18:05:18 -0500] "GET /~jemoseman/project/FAQ.html HTTP/1.1" 200 1863 "-" "Mozilla/4.0 (compatible; MSIE 6.0; Windows NT 5.1; SV1)"
188.143.232.40 - - [20/Aug/2016:19:34:50 -0500] "GET /~jemoseman/project/FAQ.html HTTP/1.1" 200 1863 "-" "Mozilla/4.0 (compatible; MSIE 6.0; Windows NT 5.1; SV1)"
188.143.232.13 - - [20/Aug/2016:21:17:00 -0500] "GET /~jemoseman/project/cgi-bin/forum.cgi HTTP/1.1" 200 2844 "-" "Mozilla/4.0 (compatible; MSIE 6.0; Windows NT 5.1; SV1)"
188.143.232.37 - - [20/Aug/2016:22:48:33 -0500] "GET /~jemoseman/project/cgi-bin/forum.cgi HTTP/1.1" 200 2844 "-" "Mozilla/4.0 (compatible; MSIE 6.0; Windows NT 5.1; SV1)"
188.143.232.11 - - [21/Aug/2016:00:21:15 -0500] "GET /~jemoseman/project/contact_info.html HTTP/1.1" 200 1740 "-" "Mozilla/4.0 (compatible; MSIE 6.0; Windows NT 5.1; SV1)"
188.143.232.21 - - [21/Aug/2016:01:55:16 -0500] "GET /~jemoseman/project/contact_info.html HTTP/1.1" 200 1740 "-" "Mozilla/4.0 (compatible; MSIE 6.0; Windows NT 5.1; SV1)"
188.143.232.43 - - [21/Aug/2016:03:28:16 -0500] "GET /~jemoseman/project/contact_info.html HTTP/1.1" 200 1740 "-" "Mozilla/4.0 (compatible; MSIE 6.0; Windows NT 5.1; SV1)"
188.143.232.43 - - [21/Aug/2016:05:08:54 -0500] "GET /~jemoseman/project/FAQ.html HTTP/1.1" 200 1863 "-" "Mozilla/4.0 (compatible; MSIE 6.0; Windows NT 5.1; SV1)"
188.143.232.11 - - [21/Aug/2016:06:37:59 -0500] "GET /~jemoseman/project/contact_info.html HTTP/1.1" 200 1740 "-" "Mozilla/4.0 (compatible; MSIE 6.0; Windows NT 5.1; SV1)"
